
00:00 +0: loading C:/Projekty/moja_pierwsza_apka/test/widget_test.dart                                                                                                                                 
00:01 +0: loading C:/Projekty/moja_pierwsza_apka/test/widget_test.dart                                                                                                                                 
00:02 +0: loading C:/Projekty/moja_pierwsza_apka/test/widget_test.dart                                                                                                                                 
00:02 +0: portfolio displays professional personal information                                                                                                                                         
00:03 +0: portfolio displays professional personal information                                                                                                                                         
00:03 +0: portfolio displays professional personal information                                                                                                                                         
ÔĽÉÔĽÉÔĽí EXCEPTION CAUGHT BY RENDERING LIBRARY ÔĽ×ÔĽÉÔĽÉÔĽÉÔĽÉÔĽÉÔĽÉÔĽÉÔĽÉÔĽÉÔĽÉÔĽÉÔĽÉÔĽÉÔĽÉÔĽÉÔĽÉÔĽÉÔĽÉÔĽÉÔĽÉÔĽÉÔĽÉÔĽÉÔĽÉÔĽÉÔĽÉÔĽÉÔĽÉÔĽÉÔĽÉÔĽÉÔĽÉÔĽÉÔĽÉÔĽÉÔĽÉÔĽÉÔĽÉÔĽÉÔĽÉÔĽÉÔĽÉÔĽÉÔĽÉÔĽÉÔĽÉÔĽÉÔĽÉÔĽÉÔĽÉÔĽÉÔĽÉÔĽÉÔĽÉÔĽÉÔĽÉÔĽÉ
The following assertion was thrown during performLayout():
RenderFlex children have non-zero flex but incoming height constraints are unbounded.
When a column is in a parent that does not provide a finite height constraint, for example if it is
in a vertical scrollable, it will try to shrink-wrap its children along the vertical axis. Setting a
flex on a child (e.g. using Expanded) indicates that the child is to expand to fill the remaining
space in the vertical direction.
These two directives are mutually exclusive. If a parent is to shrink-wrap its child, the child
cannot simultaneously expand to fit its parent.
Consider setting mainAxisSize to MainAxisSize.min and using FlexFit.loose fits for the flexible
children (using Flexible rather than Expanded). This will allow the flexible children to size
themselves to less than the infinite remaining space they would otherwise be forced to take, and
then will cause the RenderFlex to shrink-wrap the children rather than expanding to fit the maximum
constraints provided by the parent.
If this message did not help you determine the problem, consider using debugDumpRenderTree():
  https://flutter.dev/to/debug-render-layer
  https://api.flutter.dev/flutter/rendering/debugDumpRenderTree.html
The affected RenderFlex is:
  RenderFlex#71960 relayoutBoundary=up17 NEEDS-PAINT NEEDS-COMPOSITING-BITS-UPDATE(creator: Flex ÔćÉ LayoutBuilder ÔćÉ Padding ÔćÉ DecoratedBox ÔćÉ Container ÔćÉ Column ÔćÉ ConstrainedBox ÔćÉ Container ÔćÉ Center ÔćÉ Padding ÔćÉ _SingleChildViewport ÔćÉ IgnorePointer-[GlobalKey#f087d] ÔćÉ Ôő», parentData: offset=Offset(0.0, 0.0) (can use size), constraints: BoxConstraints(0.0<=w<=706.0, 0.0<=h<=Infinity), size: MISSING, direction: vertical, mainAxisAlignment: start, mainAxisSize: max, crossAxisAlignment: center, verticalDirection: down, spacing: 0.0)
The creator information is set to:
  Flex ÔćÉ LayoutBuilder ÔćÉ Padding ÔćÉ DecoratedBox ÔćÉ Container ÔćÉ Column ÔćÉ ConstrainedBox ÔćÉ Container ÔćÉ
  Center ÔćÉ Padding ÔćÉ _SingleChildViewport ÔćÉ IgnorePointer-[GlobalKey#f087d] ÔćÉ Ôő»
The nearest ancestor providing an unbounded width constraint is: _RenderSingleChildViewport#866ff relayoutBoundary=up9 NEEDS-LAYOUT NEEDS-PAINT NEEDS-COMPOSITING-BITS-UPDATE:
  needs compositing
  creator: _SingleChildViewport ÔćÉ IgnorePointer-[GlobalKey#f087d] ÔćÉ Semantics ÔćÉ Listener ÔćÉ
    _GestureSemantics ÔćÉ RawGestureDetector-[LabeledGlobalKey<RawGestureDetectorState>#b423e] ÔćÉ
    Listener ÔćÉ _ScrollableScope ÔćÉ _ScrollSemantics-[GlobalKey#bbe7b] ÔćÉ
    NotificationListener<ScrollMetricsNotification> ÔćÉ Transform ÔćÉ StretchEffect ÔćÉ Ôő»
  parentData: <none> (can use size)
  constraints: BoxConstraints(0.0<=w<=800.0, 0.0<=h<=600.0)
  size: MISSING
  offset: Offset(0.0, -0.0)
See also: https://flutter.dev/unbounded-constraints
If none of the above helps enough to fix this problem, please don't hesitate to file a bug:
  https://github.com/flutter/flutter/issues/new?template=02_bug.yml

The relevant error-causing widget was:
  Flex Flex:file:///C:/Projekty/moja_pierwsza_apka/lib/main.dart:204:18

When the exception was thrown, this was the stack:
#0      RenderFlex.performLayout.<anonymous closure> (package:flutter/src/rendering/flex.dart:1324:9)
#1      RenderFlex.performLayout (package:flutter/src/rendering/flex.dart:1327:6)
#2      RenderObject.layout (package:flutter/src/rendering/object.dart:2923:7)
#3      _RenderLayoutBuilder.performLayout (package:flutter/src/widgets/layout_builder.dart:449:14)
#4      RenderObject.layout (package:flutter/src/rendering/object.dart:2923:7)
#5      RenderPadding.performLayout (package:flutter/src/rendering/shifted_box.dart:262:12)
#6      RenderObject.layout (package:flutter/src/rendering/object.dart:2923:7)
#7      RenderProxyBoxMixin.performLayout (package:flutter/src/rendering/proxy_box.dart:118:18)
#8      RenderObject.layout (package:flutter/src/rendering/object.dart:2923:7)
#9      ChildLayoutHelper.layoutChild (package:flutter/src/rendering/layout_helper.dart:62:11)
#10     RenderFlex._computeSizes (package:flutter/src/rendering/flex.dart:1237:28)
#11     RenderFlex.performLayout (package:flutter/src/rendering/flex.dart:1329:32)
#12     RenderObject.layout (package:flutter/src/rendering/object.dart:2923:7)
#13     RenderConstrainedBox.performLayout (package:flutter/src/rendering/proxy_box.dart:296:14)
#14     RenderObject.layout (package:flutter/src/rendering/object.dart:2923:7)
#15     RenderPositionedBox.performLayout (package:flutter/src/rendering/shifted_box.dart:484:14)
#16     RenderObject.layout (package:flutter/src/rendering/object.dart:2923:7)
#17     RenderPadding.performLayout (package:flutter/src/rendering/shifted_box.dart:262:12)
#18     RenderObject.layout (package:flutter/src/rendering/object.dart:2923:7)
#19     _RenderSingleChildViewport.performLayout (package:flutter/src/widgets/single_child_scroll_view.dart:502:14)
#20     RenderObject.layout (package:flutter/src/rendering/object.dart:2923:7)
#21     RenderProxyBoxMixin.performLayout (package:flutter/src/rendering/proxy_box.dart:118:18)
#22     RenderObject.layout (package:flutter/src/rendering/object.dart:2923:7)
#23     RenderProxyBoxMixin.performLayout (package:flutter/src/rendering/proxy_box.dart:118:18)
#24     RenderObject.layout (package:flutter/src/rendering/object.dart:2923:7)
#25     RenderProxyBoxMixin.performLayout (package:flutter/src/rendering/proxy_box.dart:118:18)
#26     RenderObject.layout (package:flutter/src/rendering/object.dart:2923:7)
#27     RenderProxyBoxMixin.performLayout (package:flutter/src/rendering/proxy_box.dart:118:18)
#28     RenderObject.layout (package:flutter/src/rendering/object.dart:2923:7)
#29     RenderProxyBoxMixin.performLayout (package:flutter/src/rendering/proxy_box.dart:118:18)
#30     RenderObject.layout (package:flutter/src/rendering/object.dart:2923:7)
#31     RenderProxyBoxMixin.performLayout (package:flutter/src/rendering/proxy_box.dart:118:18)
#32     RenderObject.layout (package:flutter/src/rendering/object.dart:2923:7)
#33     RenderProxyBoxMixin.performLayout (package:flutter/src/rendering/proxy_box.dart:118:18)
#34     RenderObject.layout (package:flutter/src/rendering/object.dart:2923:7)
#35     RenderProxyBoxMixin.performLayout (package:flutter/src/rendering/proxy_box.dart:118:18)
#36     _RenderCustomClip.performLayout (package:flutter/src/rendering/proxy_box.dart:1549:11)
#37     RenderObject.layout (package:flutter/src/rendering/object.dart:2923:7)
#38     MultiChildLayoutDelegate.layoutChild (package:flutter/src/rendering/custom_layout.dart:180:12)
#39     _ScaffoldLayout.performLayout (package:flutter/src/material/scaffold.dart:1113:7)
#40     MultiChildLayoutDelegate._callPerformLayout (package:flutter/src/rendering/custom_layout.dart:246:7)
#41     RenderCustomMultiChildLayoutBox.performLayout (package:flutter/src/rendering/custom_layout.dart:417:14)
#42     RenderObject.layout (package:flutter/src/rendering/object.dart:2923:7)
#43     RenderProxyBoxMixin.performLayout (package:flutter/src/rendering/proxy_box.dart:118:18)
#44     RenderObject.layout (package:flutter/src/rendering/object.dart:2923:7)
#45     RenderProxyBoxMixin.performLayout (package:flutter/src/rendering/proxy_box.dart:118:18)
#46     _RenderCustomClip.performLayout (package:flutter/src/rendering/proxy_box.dart:1549:11)
#47     RenderObject.layout (package:flutter/src/rendering/object.dart:2923:7)
#48     RenderProxyBoxMixin.performLayout (package:flutter/src/rendering/proxy_box.dart:118:18)
#49     RenderObject.layout (package:flutter/src/rendering/object.dart:2923:7)
#50     RenderProxyBoxMixin.performLayout (package:flutter/src/rendering/proxy_box.dart:118:18)
#51     RenderObject.layout (package:flutter/src/rendering/object.dart:2923:7)
#52     RenderProxyBoxMixin.performLayout (package:flutter/src/rendering/proxy_box.dart:118:18)
#53     RenderObject.layout (package:flutter/src/rendering/object.dart:2923:7)
#54     RenderProxyBoxMixin.performLayout (package:flutter/src/rendering/proxy_box.dart:118:18)
#55     RenderObject.layout (package:flutter/src/rendering/object.dart:2923:7)
#56     RenderProxyBoxMixin.performLayout (package:flutter/src/rendering/proxy_box.dart:118:18)
#57     RenderObject.layout (package:flutter/src/rendering/object.dart:2923:7)
#58     RenderProxyBoxMixin.performLayout (package:flutter/src/rendering/proxy_box.dart:118:18)
#59     RenderObject.layout (package:flutter/src/rendering/object.dart:2923:7)
#60     RenderProxyBoxMixin.performLayout (package:flutter/src/rendering/proxy_box.dart:118:18)
#61     RenderObject.layout (package:flutter/src/rendering/object.dart:2923:7)
#62     RenderProxyBoxMixin.performLayout (package:flutter/src/rendering/proxy_box.dart:118:18)
#63     RenderObject.layout (package:flutter/src/rendering/object.dart:2923:7)
#64     RenderProxyBoxMixin.performLayout (package:flutter/src/rendering/proxy_box.dart:118:18)
#65     RenderObject.layout (package:flutter/src/rendering/object.dart:2923:7)
#66     RenderProxyBoxMixin.performLayout (package:flutter/src/rendering/proxy_box.dart:118:18)
#67     RenderObject.layout (package:flutter/src/rendering/object.dart:2923:7)
#68     RenderProxyBoxMixin.performLayout (package:flutter/src/rendering/proxy_box.dart:118:18)
#69     RenderObject.layout (package:flutter/src/rendering/object.dart:2923:7)
#70     RenderProxyBoxMixin.performLayout (package:flutter/src/rendering/proxy_box.dart:118:18)
#71     RenderObject.layout (package:flutter/src/rendering/object.dart:2923:7)
#72     RenderProxyBoxMixin.performLayout (package:flutter/src/rendering/proxy_box.dart:118:18)
#73     RenderObject.layout (package:flutter/src/rendering/object.dart:2923:7)
#74     RenderProxyBoxMixin.performLayout (package:flutter/src/rendering/proxy_box.dart:118:18)
#75     RenderObject.layout (package:flutter/src/rendering/object.dart:2923:7)
#76     RenderProxyBoxMixin.performLayout (package:flutter/src/rendering/proxy_box.dart:118:18)
#77     RenderObject.layout (package:flutter/src/rendering/object.dart:2923:7)
#78     RenderProxyBoxMixin.performLayout (package:flutter/src/rendering/proxy_box.dart:118:18)
#79     RenderOffstage.performLayout (package:flutter/src/rendering/proxy_box.dart:3923:13)
#80     RenderObject.layout (package:flutter/src/rendering/object.dart:2923:7)
#81     RenderProxyBoxMixin.performLayout (package:flutter/src/rendering/proxy_box.dart:118:18)
#82     RenderObject.layout (package:flutter/src/rendering/object.dart:2923:7)
#83     _RenderTheaterMixin.layoutChild (package:flutter/src/widgets/overlay.dart:1124:13)
#84     _RenderTheater.performLayout (package:flutter/src/widgets/overlay.dart:1482:9)
#85     RenderObject.layout (package:flutter/src/rendering/object.dart:2923:7)
#86     RenderProxyBoxMixin.performLayout (package:flutter/src/rendering/proxy_box.dart:118:18)
#87     RenderObject.layout (package:flutter/src/rendering/object.dart:2923:7)
#88     RenderProxyBoxMixin.performLayout (package:flutter/src/rendering/proxy_box.dart:118:18)
#89     RenderObject.layout (package:flutter/src/rendering/object.dart:2923:7)
#90     RenderProxyBoxMixin.performLayout (package:flutter/src/rendering/proxy_box.dart:118:18)
#91     RenderObject.layout (package:flutter/src/rendering/object.dart:2923:7)
#92     RenderProxyBoxMixin.performLayout (package:flutter/src/rendering/proxy_box.dart:118:18)
#93     RenderObject.layout (package:flutter/src/rendering/object.dart:2923:7)
#94     RenderProxyBoxMixin.performLayout (package:flutter/src/rendering/proxy_box.dart:118:18)
#95     RenderObject.layout (package:flutter/src/rendering/object.dart:2923:7)
#96     RenderProxyBoxMixin.performLayout (package:flutter/src/rendering/proxy_box.dart:118:18)
#97     RenderObject.layout (package:flutter/src/rendering/object.dart:2923:7)
#98     RenderProxyBoxMixin.performLayout (package:flutter/src/rendering/proxy_box.dart:118:18)
#99     RenderObject.layout (package:flutter/src/rendering/object.dart:2923:7)
#100    RenderProxyBoxMixin.performLayout (package:flutter/src/rendering/proxy_box.dart:118:18)
#101    RenderObject.layout (package:flutter/src/rendering/object.dart:2923:7)
#102    RenderProxyBoxMixin.performLayout (package:flutter/src/rendering/proxy_box.dart:118:18)
#103    RenderObject.layout (package:flutter/src/rendering/object.dart:2923:7)
#104    RenderView.performLayout (package:flutter/src/rendering/view.dart:292:12)
#105    RenderObject._layoutWithoutResize (package:flutter/src/rendering/object.dart:2771:7)
#106    PipelineOwner.flushLayout (package:flutter/src/rendering/object.dart:1174:18)
#107    PipelineOwner.flushLayout (package:flutter/src/rendering/object.dart:1187:15)
#108    AutomatedTestWidgetsFlutterBinding.drawFrame (package:flutter_test/src/binding.dart:2434:27)
#109    RendererBinding._handlePersistentFrameCallback (package:flutter/src/rendering/binding.dart:558:5)
#110    SchedulerBinding._invokeFrameCallback (package:flutter/src/scheduler/binding.dart:1430:15)
#111    SchedulerBinding.handleDrawFrame (package:flutter/src/scheduler/binding.dart:1345:9)
#112    AutomatedTestWidgetsFlutterBinding.pump.<anonymous closure> (package:flutter_test/src/binding.dart:2261:9)
#115    TestAsyncUtils.guard (package:flutter_test/src/test_async_utils.dart:74:41)
#116    AutomatedTestWidgetsFlutterBinding.pump (package:flutter_test/src/binding.dart:2250:27)
#117    WidgetTester.pumpWidget.<anonymous closure> (package:flutter_test/src/widget_tester.dart:598:22)
#120    TestAsyncUtils.guard (package:flutter_test/src/test_async_utils.dart:74:41)
#121    WidgetTester.pumpWidget (package:flutter_test/src/widget_tester.dart:595:27)
#122    main.<anonymous closure> (file:///C:/Projekty/moja_pierwsza_apka/test/widget_test.dart:7:18)
#123    testWidgets.<anonymous closure>.<anonymous closure> (package:flutter_test/src/widget_tester.dart:192:29)
<asynchronous suspension>
#124    TestWidgetsFlutterBinding._runTestBody (package:flutter_test/src/binding.dart:1953:5)
<asynchronous suspension>
<asynchronous suspension>
(elided 5 frames from dart:async and package:stack_trace)

The following RenderObject was being processed when the exception was fired: RenderFlex#71960 relayoutBoundary=up17 NEEDS-PAINT NEEDS-COMPOSITING-BITS-UPDATE:
  creator: Flex ÔćÉ LayoutBuilder ÔćÉ Padding ÔćÉ DecoratedBox ÔćÉ Container ÔćÉ Column ÔćÉ ConstrainedBox ÔćÉ
    Container ÔćÉ Center ÔćÉ Padding ÔćÉ _SingleChildViewport ÔćÉ IgnorePointer-[GlobalKey#f087d] ÔćÉ Ôő»
  parentData: offset=Offset(0.0, 0.0) (can use size)
  constraints: BoxConstraints(0.0<=w<=706.0, 0.0<=h<=Infinity)
  size: MISSING
  direction: vertical
  mainAxisAlignment: start
  mainAxisSize: max
  crossAxisAlignment: center
  verticalDirection: down
  spacing: 0.0
This RenderObject had the following descendants (showing up to depth 5):
    child 1: RenderFlex#c430e NEEDS-LAYOUT NEEDS-PAINT NEEDS-COMPOSITING-BITS-UPDATE
      child 1: RenderDecoratedBox#0bca7 NEEDS-LAYOUT NEEDS-PAINT NEEDS-COMPOSITING-BITS-UPDATE
        child: RenderPadding#7e4de NEEDS-LAYOUT NEEDS-PAINT NEEDS-COMPOSITING-BITS-UPDATE
          child: RenderParagraph#df8e7 NEEDS-LAYOUT NEEDS-PAINT
            text: TextSpan
      child 2: RenderConstrainedBox#9ff69 NEEDS-LAYOUT NEEDS-PAINT
      child 3: RenderParagraph#bb69d NEEDS-LAYOUT NEEDS-PAINT
        text: TextSpan
      child 4: RenderConstrainedBox#5982f NEEDS-LAYOUT NEEDS-PAINT
      child 5: RenderParagraph#99129 NEEDS-LAYOUT NEEDS-PAINT
        text: TextSpan
      child 6: RenderConstrainedBox#1a0e2 NEEDS-LAYOUT NEEDS-PAINT
      child 7: RenderWrap#a835b NEEDS-LAYOUT NEEDS-PAINT NEEDS-COMPOSITING-BITS-UPDATE
        child 1: RenderDecoratedBox#2a8a4 NEEDS-LAYOUT NEEDS-PAINT NEEDS-COMPOSITING-BITS-UPDATE
          child: RenderPadding#0689b NEEDS-LAYOUT NEEDS-PAINT NEEDS-COMPOSITING-BITS-UPDATE
            child: RenderParagraph#cdcfa NEEDS-LAYOUT NEEDS-PAINT
        child 2: RenderDecoratedBox#320f3 NEEDS-LAYOUT NEEDS-PAINT NEEDS-COMPOSITING-BITS-UPDATE
          child: RenderPadding#1f8dd NEEDS-LAYOUT NEEDS-PAINT NEEDS-COMPOSITING-BITS-UPDATE
            child: RenderParagraph#72df0 NEEDS-LAYOUT NEEDS-PAINT
        child 3: RenderDecoratedBox#d75ae NEEDS-LAYOUT NEEDS-PAINT NEEDS-COMPOSITING-BITS-UPDATE
          child: RenderPadding#839cd NEEDS-LAYOUT NEEDS-PAINT NEEDS-COMPOSITING-BITS-UPDATE
            child: RenderParagraph#82851 NEEDS-LAYOUT NEEDS-PAINT
        child 4: RenderDecoratedBox#40a18 NEEDS-LAYOUT NEEDS-PAINT NEEDS-COMPOSITING-BITS-UPDATE
          child: RenderPadding#24381 NEEDS-LAYOUT NEEDS-PAINT NEEDS-COMPOSITING-BITS-UPDATE
            child: RenderParagraph#72797 NEEDS-LAYOUT NEEDS-PAINT
      child 8: RenderConstrainedBox#1df3b NEEDS-LAYOUT NEEDS-PAINT
    ...(descendants list truncated after 25 lines)
ÔĽÉÔĽÉÔĽÉÔĽÉÔĽÉÔĽÉÔĽÉÔĽÉÔĽÉÔĽÉÔĽÉÔĽÉÔĽÉÔĽÉÔĽÉÔĽÉÔĽÉÔĽÉÔĽÉÔĽÉÔĽÉÔĽÉÔĽÉÔĽÉÔĽÉÔĽÉÔĽÉÔĽÉÔĽÉÔĽÉÔĽÉÔĽÉÔĽÉÔĽÉÔĽÉÔĽÉÔĽÉÔĽÉÔĽÉÔĽÉÔĽÉÔĽÉÔĽÉÔĽÉÔĽÉÔĽÉÔĽÉÔĽÉÔĽÉÔĽÉÔĽÉÔĽÉÔĽÉÔĽÉÔĽÉÔĽÉÔĽÉÔĽÉÔĽÉÔĽÉÔĽÉÔĽÉÔĽÉÔĽÉÔĽÉÔĽÉÔĽÉÔĽÉÔĽÉÔĽÉÔĽÉÔĽÉÔĽÉÔĽÉÔĽÉÔĽÉÔĽÉÔĽÉÔĽÉÔĽÉÔĽÉÔĽÉÔĽÉÔĽÉÔĽÉÔĽÉÔĽÉÔĽÉÔĽÉÔĽÉÔĽÉÔĽÉÔĽÉÔĽÉÔĽÉÔĽÉÔĽÉÔĽÉÔĽÉÔĽÉ
ÔĽÉÔĽÉÔĽí EXCEPTION CAUGHT BY RENDERING LIBRARY ÔĽ×ÔĽÉÔĽÉÔĽÉÔĽÉÔĽÉÔĽÉÔĽÉÔĽÉÔĽÉÔĽÉÔĽÉÔĽÉÔĽÉÔĽÉÔĽÉÔĽÉÔĽÉÔĽÉÔĽÉÔĽÉÔĽÉÔĽÉÔĽÉÔĽÉÔĽÉÔĽÉÔĽÉÔĽÉÔĽÉÔĽÉÔĽÉÔĽÉÔĽÉÔĽÉÔĽÉÔĽÉÔĽÉÔĽÉÔĽÉÔĽÉÔĽÉÔĽÉÔĽÉÔĽÉÔĽÉÔĽÉÔĽÉÔĽÉÔĽÉÔĽÉÔĽÉÔĽÉÔĽÉÔĽÉÔĽÉÔĽÉÔĽÉ
The following assertion was thrown during performLayout():
RenderBox was not laid out: RenderFlex#71960 relayoutBoundary=up17 NEEDS-PAINT
NEEDS-COMPOSITING-BITS-UPDATE
'package:flutter/src/rendering/box.dart':
Failed assertion: line 2251 pos 12: 'hasSize'

Either the assertion indicates an error in the framework itself, or we should provide substantially
more information in this error message to help you determine and fix the underlying cause.
In either case, please report this assertion by filing a bug on GitHub:
  https://github.com/flutter/flutter/issues/new?template=02_bug.yml

The relevant error-causing widget was:
  LayoutBuilder LayoutBuilder:file:///C:/Projekty/moja_pierwsza_apka/lib/main.dart:200:14

When the exception was thrown, this was the stack:
#2      RenderBox.size (package:flutter/src/rendering/box.dart:2251:12)
#3      _RenderLayoutBuilder.performLayout (package:flutter/src/widgets/layout_builder.dart:450:43)
#4      RenderObject.layout (package:flutter/src/rendering/object.dart:2923:7)
#5      RenderPadding.performLayout (package:flutter/src/rendering/shifted_box.dart:262:12)
#6      RenderObject.layout (package:flutter/src/rendering/object.dart:2923:7)
#7      RenderProxyBoxMixin.performLayout (package:flutter/src/rendering/proxy_box.dart:118:18)
#8      RenderObject.layout (package:flutter/src/rendering/object.dart:2923:7)
#9      ChildLayoutHelper.layoutChild (package:flutter/src/rendering/layout_helper.dart:62:11)
#10     RenderFlex._computeSizes (package:flutter/src/rendering/flex.dart:1237:28)
#11     RenderFlex.performLayout (package:flutter/src/rendering/flex.dart:1329:32)
#12     RenderObject.layout (package:flutter/src/rendering/object.dart:2923:7)
#13     RenderConstrainedBox.performLayout (package:flutter/src/rendering/proxy_box.dart:296:14)
#14     RenderObject.layout (package:flutter/src/rendering/object.dart:2923:7)
#15     RenderPositionedBox.performLayout (package:flutter/src/rendering/shifted_box.dart:484:14)
#16     RenderObject.layout (package:flutter/src/rendering/object.dart:2923:7)
#17     RenderPadding.performLayout (package:flutter/src/rendering/shifted_box.dart:262:12)
#18     RenderObject.layout (package:flutter/src/rendering/object.dart:2923:7)
#19     _RenderSingleChildViewport.performLayout (package:flutter/src/widgets/single_child_scroll_view.dart:502:14)
#20     RenderObject.layout (package:flutter/src/rendering/object.dart:2923:7)
#21     RenderProxyBoxMixin.performLayout (package:flutter/src/rendering/proxy_box.dart:118:18)
#22     RenderObject.layout (package:flutter/src/rendering/object.dart:2923:7)
#23     RenderProxyBoxMixin.performLayout (package:flutter/src/rendering/proxy_box.dart:118:18)
#24     RenderObject.layout (package:flutter/src/rendering/object.dart:2923:7)
#25     RenderProxyBoxMixin.performLayout (package:flutter/src/rendering/proxy_box.dart:118:18)
#26     RenderObject.layout (package:flutter/src/rendering/object.dart:2923:7)
#27     RenderProxyBoxMixin.performLayout (package:flutter/src/rendering/proxy_box.dart:118:18)
#28     RenderObject.layout (package:flutter/src/rendering/object.dart:2923:7)
#29     RenderProxyBoxMixin.performLayout (package:flutter/src/rendering/proxy_box.dart:118:18)
#30     RenderObject.layout (package:flutter/src/rendering/object.dart:2923:7)
#31     RenderProxyBoxMixin.performLayout (package:flutter/src/rendering/proxy_box.dart:118:18)
#32     RenderObject.layout (package:flutter/src/rendering/object.dart:2923:7)
#33     RenderProxyBoxMixin.performLayout (package:flutter/src/rendering/proxy_box.dart:118:18)
#34     RenderObject.layout (package:flutter/src/rendering/object.dart:2923:7)
#35     RenderProxyBoxMixin.performLayout (package:flutter/src/rendering/proxy_box.dart:118:18)
#36     _RenderCustomClip.performLayout (package:flutter/src/rendering/proxy_box.dart:1549:11)
#37     RenderObject.layout (package:flutter/src/rendering/object.dart:2923:7)
#38     MultiChildLayoutDelegate.layoutChild (package:flutter/src/rendering/custom_layout.dart:180:12)
#39     _ScaffoldLayout.performLayout (package:flutter/src/material/scaffold.dart:1113:7)
#40     MultiChildLayoutDelegate._callPerformLayout (package:flutter/src/rendering/custom_layout.dart:246:7)
#41     RenderCustomMultiChildLayoutBox.performLayout (package:flutter/src/rendering/custom_layout.dart:417:14)
#42     RenderObject.layout (package:flutter/src/rendering/object.dart:2923:7)
#43     RenderProxyBoxMixin.performLayout (package:flutter/src/rendering/proxy_box.dart:118:18)
#44     RenderObject.layout (package:flutter/src/rendering/object.dart:2923:7)
#45     RenderProxyBoxMixin.performLayout (package:flutter/src/rendering/proxy_box.dart:118:18)
#46     _RenderCustomClip.performLayout (package:flutter/src/rendering/proxy_box.dart:1549:11)
#47     RenderObject.layout (package:flutter/src/rendering/object.dart:2923:7)
#48     RenderProxyBoxMixin.performLayout (package:flutter/src/rendering/proxy_box.dart:118:18)
#49     RenderObject.layout (package:flutter/src/rendering/object.dart:2923:7)
#50     RenderProxyBoxMixin.performLayout (package:flutter/src/rendering/proxy_box.dart:118:18)
#51     RenderObject.layout (package:flutter/src/rendering/object.dart:2923:7)
#52     RenderProxyBoxMixin.performLayout (package:flutter/src/rendering/proxy_box.dart:118:18)
#53     RenderObject.layout (package:flutter/src/rendering/object.dart:2923:7)
#54     RenderProxyBoxMixin.performLayout (package:flutter/src/rendering/proxy_box.dart:118:18)
#55     RenderObject.layout (package:flutter/src/rendering/object.dart:2923:7)
#56     RenderProxyBoxMixin.performLayout (package:flutter/src/rendering/proxy_box.dart:118:18)
#57     RenderObject.layout (package:flutter/src/rendering/object.dart:2923:7)
#58     RenderProxyBoxMixin.performLayout (package:flutter/src/rendering/proxy_box.dart:118:18)
#59     RenderObject.layout (package:flutter/src/rendering/object.dart:2923:7)
#60     RenderProxyBoxMixin.performLayout (package:flutter/src/rendering/proxy_box.dart:118:18)
#61     RenderObject.layout (package:flutter/src/rendering/object.dart:2923:7)
#62     RenderProxyBoxMixin.performLayout (package:flutter/src/rendering/proxy_box.dart:118:18)
#63     RenderObject.layout (package:flutter/src/rendering/object.dart:2923:7)
#64     RenderProxyBoxMixin.performLayout (package:flutter/src/rendering/proxy_box.dart:118:18)
#65     RenderObject.layout (package:flutter/src/rendering/object.dart:2923:7)
#66     RenderProxyBoxMixin.performLayout (package:flutter/src/rendering/proxy_box.dart:118:18)
#67     RenderObject.layout (package:flutter/src/rendering/object.dart:2923:7)
#68     RenderProxyBoxMixin.performLayout (package:flutter/src/rendering/proxy_box.dart:118:18)
#69     RenderObject.layout (package:flutter/src/rendering/object.dart:2923:7)
#70     RenderProxyBoxMixin.performLayout (package:flutter/src/rendering/proxy_box.dart:118:18)
#71     RenderObject.layout (package:flutter/src/rendering/object.dart:2923:7)
#72     RenderProxyBoxMixin.performLayout (package:flutter/src/rendering/proxy_box.dart:118:18)
#73     RenderObject.layout (package:flutter/src/rendering/object.dart:2923:7)
#74     RenderProxyBoxMixin.performLayout (package:flutter/src/rendering/proxy_box.dart:118:18)
#75     RenderObject.layout (package:flutter/src/rendering/object.dart:2923:7)
#76     RenderProxyBoxMixin.performLayout (package:flutter/src/rendering/proxy_box.dart:118:18)
#77     RenderObject.layout (package:flutter/src/rendering/object.dart:2923:7)
#78     RenderProxyBoxMixin.performLayout (package:flutter/src/rendering/proxy_box.dart:118:18)
#79     RenderOffstage.performLayout (package:flutter/src/rendering/proxy_box.dart:3923:13)
#80     RenderObject.layout (package:flutter/src/rendering/object.dart:2923:7)
#81     RenderProxyBoxMixin.performLayout (package:flutter/src/rendering/proxy_box.dart:118:18)
#82     RenderObject.layout (package:flutter/src/rendering/object.dart:2923:7)
#83     _RenderTheaterMixin.layoutChild (package:flutter/src/widgets/overlay.dart:1124:13)
#84     _RenderTheater.performLayout (package:flutter/src/widgets/overlay.dart:1482:9)
#85     RenderObject.layout (package:flutter/src/rendering/object.dart:2923:7)
#86     RenderProxyBoxMixin.performLayout (package:flutter/src/rendering/proxy_box.dart:118:18)
#87     RenderObject.layout (package:flutter/src/rendering/object.dart:2923:7)
#88     RenderProxyBoxMixin.performLayout (package:flutter/src/rendering/proxy_box.dart:118:18)
#89     RenderObject.layout (package:flutter/src/rendering/object.dart:2923:7)
#90     RenderProxyBoxMixin.performLayout (package:flutter/src/rendering/proxy_box.dart:118:18)
#91     RenderObject.layout (package:flutter/src/rendering/object.dart:2923:7)
#92     RenderProxyBoxMixin.performLayout (package:flutter/src/rendering/proxy_box.dart:118:18)
#93     RenderObject.layout (package:flutter/src/rendering/object.dart:2923:7)
#94     RenderProxyBoxMixin.performLayout (package:flutter/src/rendering/proxy_box.dart:118:18)
#95     RenderObject.layout (package:flutter/src/rendering/object.dart:2923:7)
#96     RenderProxyBoxMixin.performLayout (package:flutter/src/rendering/proxy_box.dart:118:18)
#97     RenderObject.layout (package:flutter/src/rendering/object.dart:2923:7)
#98     RenderProxyBoxMixin.performLayout (package:flutter/src/rendering/proxy_box.dart:118:18)
#99     RenderObject.layout (package:flutter/src/rendering/object.dart:2923:7)
#100    RenderProxyBoxMixin.performLayout (package:flutter/src/rendering/proxy_box.dart:118:18)
#101    RenderObject.layout (package:flutter/src/rendering/object.dart:2923:7)
#102    RenderProxyBoxMixin.performLayout (package:flutter/src/rendering/proxy_box.dart:118:18)
#103    RenderObject.layout (package:flutter/src/rendering/object.dart:2923:7)
#104    RenderView.performLayout (package:flutter/src/rendering/view.dart:292:12)
#105    RenderObject._layoutWithoutResize (package:flutter/src/rendering/object.dart:2771:7)
#106    PipelineOwner.flushLayout (package:flutter/src/rendering/object.dart:1174:18)
#107    PipelineOwner.flushLayout (package:flutter/src/rendering/object.dart:1187:15)
#108    AutomatedTestWidgetsFlutterBinding.drawFrame (package:flutter_test/src/binding.dart:2434:27)
#109    RendererBinding._handlePersistentFrameCallback (package:flutter/src/rendering/binding.dart:558:5)
#110    SchedulerBinding._invokeFrameCallback (package:flutter/src/scheduler/binding.dart:1430:15)
#111    SchedulerBinding.handleDrawFrame (package:flutter/src/scheduler/binding.dart:1345:9)
#112    AutomatedTestWidgetsFlutterBinding.pump.<anonymous closure> (package:flutter_test/src/binding.dart:2261:9)
#115    TestAsyncUtils.guard (package:flutter_test/src/test_async_utils.dart:74:41)
#116    AutomatedTestWidgetsFlutterBinding.pump (package:flutter_test/src/binding.dart:2250:27)
#117    WidgetTester.pumpWidget.<anonymous closure> (package:flutter_test/src/widget_tester.dart:598:22)
#120    TestAsyncUtils.guard (package:flutter_test/src/test_async_utils.dart:74:41)
#121    WidgetTester.pumpWidget (package:flutter_test/src/widget_tester.dart:595:27)
#122    main.<anonymous closure> (file:///C:/Projekty/moja_pierwsza_apka/test/widget_test.dart:7:18)
#123    testWidgets.<anonymous closure>.<anonymous closure> (package:flutter_test/src/widget_tester.dart:192:29)
<asynchronous suspension>
#124    TestWidgetsFlutterBinding._runTestBody (package:flutter_test/src/binding.dart:1953:5)
<asynchronous suspension>
<asynchronous suspension>
(elided 7 frames from class _AssertionError, dart:async, and package:stack_trace)

The following RenderObject was being processed when the exception was fired: _RenderLayoutBuilder#33a17 relayoutBoundary=up16 NEEDS-LAYOUT NEEDS-PAINT NEEDS-COMPOSITING-BITS-UPDATE:
  creator: LayoutBuilder ÔćÉ Padding ÔćÉ DecoratedBox ÔćÉ Container ÔćÉ Column ÔćÉ ConstrainedBox ÔćÉ Container ÔćÉ
    Center ÔćÉ Padding ÔćÉ _SingleChildViewport ÔćÉ IgnorePointer-[GlobalKey#f087d] ÔćÉ Semantics ÔćÉ Ôő»
  parentData: offset=Offset(0.0, 0.0) (can use size)
  constraints: BoxConstraints(0.0<=w<=706.0, 0.0<=h<=Infinity)
  size: MISSING
This RenderObject had the following descendants (showing up to depth 5):
    child: RenderFlex#71960 relayoutBoundary=up17 NEEDS-PAINT NEEDS-COMPOSITING-BITS-UPDATE
      child 1: RenderFlex#c430e NEEDS-LAYOUT NEEDS-PAINT NEEDS-COMPOSITING-BITS-UPDATE
        child 1: RenderDecoratedBox#0bca7 NEEDS-LAYOUT NEEDS-PAINT NEEDS-COMPOSITING-BITS-UPDATE
          child: RenderPadding#7e4de NEEDS-LAYOUT NEEDS-PAINT NEEDS-COMPOSITING-BITS-UPDATE
            child: RenderParagraph#df8e7 NEEDS-LAYOUT NEEDS-PAINT
        child 2: RenderConstrainedBox#9ff69 NEEDS-LAYOUT NEEDS-PAINT
        child 3: RenderParagraph#bb69d NEEDS-LAYOUT NEEDS-PAINT
          text: TextSpan
        child 4: RenderConstrainedBox#5982f NEEDS-LAYOUT NEEDS-PAINT
        child 5: RenderParagraph#99129 NEEDS-LAYOUT NEEDS-PAINT
          text: TextSpan
        child 6: RenderConstrainedBox#1a0e2 NEEDS-LAYOUT NEEDS-PAINT
        child 7: RenderWrap#a835b NEEDS-LAYOUT NEEDS-PAINT NEEDS-COMPOSITING-BITS-UPDATE
          child 1: RenderDecoratedBox#2a8a4 NEEDS-LAYOUT NEEDS-PAINT NEEDS-COMPOSITING-BITS-UPDATE
            child: RenderPadding#0689b NEEDS-LAYOUT NEEDS-PAINT NEEDS-COMPOSITING-BITS-UPDATE
          child 2: RenderDecoratedBox#320f3 NEEDS-LAYOUT NEEDS-PAINT NEEDS-COMPOSITING-BITS-UPDATE
            child: RenderPadding#1f8dd NEEDS-LAYOUT NEEDS-PAINT NEEDS-COMPOSITING-BITS-UPDATE
          child 3: RenderDecoratedBox#d75ae NEEDS-LAYOUT NEEDS-PAINT NEEDS-COMPOSITING-BITS-UPDATE
            child: RenderPadding#839cd NEEDS-LAYOUT NEEDS-PAINT NEEDS-COMPOSITING-BITS-UPDATE
          child 4: RenderDecoratedBox#40a18 NEEDS-LAYOUT NEEDS-PAINT NEEDS-COMPOSITING-BITS-UPDATE
            child: RenderPadding#24381 NEEDS-LAYOUT NEEDS-PAINT NEEDS-COMPOSITING-BITS-UPDATE
        child 8: RenderConstrainedBox#1df3b NEEDS-LAYOUT NEEDS-PAINT
        child 9: RenderFlex#d64ac NEEDS-LAYOUT NEEDS-PAINT NEEDS-COMPOSITING-BITS-UPDATE
          child 1: RenderSemanticsAnnotations#94908 NEEDS-LAYOUT NEEDS-PAINT NEEDS-COMPOSITING-BITS-UPDATE
            child: _RenderInputPadding#abe85 NEEDS-LAYOUT NEEDS-PAINT NEEDS-COMPOSITING-BITS-UPDATE
          child 2: RenderConstrainedBox#45471 NEEDS-LAYOUT NEEDS-PAINT
          child 3: RenderSemanticsAnnotations#48a44 NEEDS-LAYOUT NEEDS-PAINT NEEDS-COMPOSITING-BITS-UPDATE
            child: _RenderInputPadding#b0e96 NEEDS-LAYOUT NEEDS-PAINT NEEDS-COMPOSITING-BITS-UPDATE
ÔĽÉÔĽÉÔĽÉÔĽÉÔĽÉÔĽÉÔĽÉÔĽÉÔĽÉÔĽÉÔĽÉÔĽÉÔĽÉÔĽÉÔĽÉÔĽÉÔĽÉÔĽÉÔĽÉÔĽÉÔĽÉÔĽÉÔĽÉÔĽÉÔĽÉÔĽÉÔĽÉÔĽÉÔĽÉÔĽÉÔĽÉÔĽÉÔĽÉÔĽÉÔĽÉÔĽÉÔĽÉÔĽÉÔĽÉÔĽÉÔĽÉÔĽÉÔĽÉÔĽÉÔĽÉÔĽÉÔĽÉÔĽÉÔĽÉÔĽÉÔĽÉÔĽÉÔĽÉÔĽÉÔĽÉÔĽÉÔĽÉÔĽÉÔĽÉÔĽÉÔĽÉÔĽÉÔĽÉÔĽÉÔĽÉÔĽÉÔĽÉÔĽÉÔĽÉÔĽÉÔĽÉÔĽÉÔĽÉÔĽÉÔĽÉÔĽÉÔĽÉÔĽÉÔĽÉÔĽÉÔĽÉÔĽÉÔĽÉÔĽÉÔĽÉÔĽÉÔĽÉÔĽÉÔĽÉÔĽÉÔĽÉÔĽÉÔĽÉÔĽÉÔĽÉÔĽÉÔĽÉÔĽÉÔĽÉÔĽÉ
ÔĽÉÔĽÉÔĽí EXCEPTION CAUGHT BY RENDERING LIBRARY ÔĽ×ÔĽÉÔĽÉÔĽÉÔĽÉÔĽÉÔĽÉÔĽÉÔĽÉÔĽÉÔĽÉÔĽÉÔĽÉÔĽÉÔĽÉÔĽÉÔĽÉÔĽÉÔĽÉÔĽÉÔĽÉÔĽÉÔĽÉÔĽÉÔĽÉÔĽÉÔĽÉÔĽÉÔĽÉÔĽÉÔĽÉÔĽÉÔĽÉÔĽÉÔĽÉÔĽÉÔĽÉÔĽÉÔĽÉÔĽÉÔĽÉÔĽÉÔĽÉÔĽÉÔĽÉÔĽÉÔĽÉÔĽÉÔĽÉÔĽÉÔĽÉÔĽÉÔĽÉÔĽÉÔĽÉÔĽÉÔĽÉÔĽÉ
The following assertion was thrown during performLayout():
RenderBox was not laid out: _RenderLayoutBuilder#33a17 relayoutBoundary=up16 NEEDS-PAINT
NEEDS-COMPOSITING-BITS-UPDATE
'package:flutter/src/rendering/box.dart':
Failed assertion: line 2251 pos 12: 'hasSize'

Either the assertion indicates an error in the framework itself, or we should provide substantially
more information in this error message to help you determine and fix the underlying cause.
In either case, please report this assertion by filing a bug on GitHub:
  https://github.com/flutter/flutter/issues/new?template=02_bug.yml

The relevant error-causing widget was:
  Container Container:file:///C:/Projekty/moja_pierwsza_apka/lib/main.dart:191:12

When the exception was thrown, this was the stack:
#2      RenderBox.size (package:flutter/src/rendering/box.dart:2251:12)
#3      RenderPadding.performLayout (package:flutter/src/rendering/shifted_box.dart:266:40)
#4      RenderObject.layout (package:flutter/src/rendering/object.dart:2923:7)
#5      RenderProxyBoxMixin.performLayout (package:flutter/src/rendering/proxy_box.dart:118:18)
#6      RenderObject.layout (package:flutter/src/rendering/object.dart:2923:7)
#7      ChildLayoutHelper.layoutChild (package:flutter/src/rendering/layout_helper.dart:62:11)
#8      RenderFlex._computeSizes (package:flutter/src/rendering/flex.dart:1237:28)
#9      RenderFlex.performLayout (package:flutter/src/rendering/flex.dart:1329:32)
#10     RenderObject.layout (package:flutter/src/rendering/object.dart:2923:7)
#11     RenderConstrainedBox.performLayout (package:flutter/src/rendering/proxy_box.dart:296:14)
#12     RenderObject.layout (package:flutter/src/rendering/object.dart:2923:7)
#13     RenderPositionedBox.performLayout (package:flutter/src/rendering/shifted_box.dart:484:14)
#14     RenderObject.layout (package:flutter/src/rendering/object.dart:2923:7)
#15     RenderPadding.performLayout (package:flutter/src/rendering/shifted_box.dart:262:12)
#16     RenderObject.layout (package:flutter/src/rendering/object.dart:2923:7)
#17     _RenderSingleChildViewport.performLayout (package:flutter/src/widgets/single_child_scroll_view.dart:502:14)
#18     RenderObject.layout (package:flutter/src/rendering/object.dart:2923:7)
#19     RenderProxyBoxMixin.performLayout (package:flutter/src/rendering/proxy_box.dart:118:18)
#20     RenderObject.layout (package:flutter/src/rendering/object.dart:2923:7)
#21     RenderProxyBoxMixin.performLayout (package:flutter/src/rendering/proxy_box.dart:118:18)
#22     RenderObject.layout (package:flutter/src/rendering/object.dart:2923:7)
#23     RenderProxyBoxMixin.performLayout (package:flutter/src/rendering/proxy_box.dart:118:18)
#24     RenderObject.layout (package:flutter/src/rendering/object.dart:2923:7)
#25     RenderProxyBoxMixin.performLayout (package:flutter/src/rendering/proxy_box.dart:118:18)
#26     RenderObject.layout (package:flutter/src/rendering/object.dart:2923:7)
#27     RenderProxyBoxMixin.performLayout (package:flutter/src/rendering/proxy_box.dart:118:18)
#28     RenderObject.layout (package:flutter/src/rendering/object.dart:2923:7)
#29     RenderProxyBoxMixin.performLayout (package:flutter/src/rendering/proxy_box.dart:118:18)
#30     RenderObject.layout (package:flutter/src/rendering/object.dart:2923:7)
#31     RenderProxyBoxMixin.performLayout (package:flutter/src/rendering/proxy_box.dart:118:18)
#32     RenderObject.layout (package:flutter/src/rendering/object.dart:2923:7)
#33     RenderProxyBoxMixin.performLayout (package:flutter/src/rendering/proxy_box.dart:118:18)
#34     _RenderCustomClip.performLayout (package:flutter/src/rendering/proxy_box.dart:1549:11)
#35     RenderObject.layout (package:flutter/src/rendering/object.dart:2923:7)
#36     MultiChildLayoutDelegate.layoutChild (package:flutter/src/rendering/custom_layout.dart:180:12)
#37     _ScaffoldLayout.performLayout (package:flutter/src/material/scaffold.dart:1113:7)
#38     MultiChildLayoutDelegate._callPerformLayout (package:flutter/src/rendering/custom_layout.dart:246:7)
#39     RenderCustomMultiChildLayoutBox.performLayout (package:flutter/src/rendering/custom_layout.dart:417:14)
#40     RenderObject.layout (package:flutter/src/rendering/object.dart:2923:7)
#41     RenderProxyBoxMixin.performLayout (package:flutter/src/rendering/proxy_box.dart:118:18)
#42     RenderObject.layout (package:flutter/src/rendering/object.dart:2923:7)
#43     RenderProxyBoxMixin.performLayout (package:flutter/src/rendering/proxy_box.dart:118:18)
#44     _RenderCustomClip.performLayout (package:flutter/src/rendering/proxy_box.dart:1549:11)
#45     RenderObject.layout (package:flutter/src/rendering/object.dart:2923:7)
#46     RenderProxyBoxMixin.performLayout (package:flutter/src/rendering/proxy_box.dart:118:18)
#47     RenderObject.layout (package:flutter/src/rendering/object.dart:2923:7)
#48     RenderProxyBoxMixin.performLayout (package:flutter/src/rendering/proxy_box.dart:118:18)
#49     RenderObject.layout (package:flutter/src/rendering/object.dart:2923:7)
#50     RenderProxyBoxMixin.performLayout (package:flutter/src/rendering/proxy_box.dart:118:18)
#51     RenderObject.layout (package:flutter/src/rendering/object.dart:2923:7)
#52     RenderProxyBoxMixin.performLayout (package:flutter/src/rendering/proxy_box.dart:118:18)
#53     RenderObject.layout (package:flutter/src/rendering/object.dart:2923:7)
#54     RenderProxyBoxMixin.performLayout (package:flutter/src/rendering/proxy_box.dart:118:18)
#55     RenderObject.layout (package:flutter/src/rendering/object.dart:2923:7)
#56     RenderProxyBoxMixin.performLayout (package:flutter/src/rendering/proxy_box.dart:118:18)
#57     RenderObject.layout (package:flutter/src/rendering/object.dart:2923:7)
#58     RenderProxyBoxMixin.performLayout (package:flutter/src/rendering/proxy_box.dart:118:18)
#59     RenderObject.layout (package:flutter/src/rendering/object.dart:2923:7)
#60     RenderProxyBoxMixin.performLayout (package:flutter/src/rendering/proxy_box.dart:118:18)
#61     RenderObject.layout (package:flutter/src/rendering/object.dart:2923:7)
#62     RenderProxyBoxMixin.performLayout (package:flutter/src/rendering/proxy_box.dart:118:18)
#63     RenderObject.layout (package:flutter/src/rendering/object.dart:2923:7)
#64     RenderProxyBoxMixin.performLayout (package:flutter/src/rendering/proxy_box.dart:118:18)
#65     RenderObject.layout (package:flutter/src/rendering/object.dart:2923:7)
#66     RenderProxyBoxMixin.performLayout (package:flutter/src/rendering/proxy_box.dart:118:18)
#67     RenderObject.layout (package:flutter/src/rendering/object.dart:2923:7)
#68     RenderProxyBoxMixin.performLayout (package:flutter/src/rendering/proxy_box.dart:118:18)
#69     RenderObject.layout (package:flutter/src/rendering/object.dart:2923:7)
#70     RenderProxyBoxMixin.performLayout (package:flutter/src/rendering/proxy_box.dart:118:18)
#71     RenderObject.layout (package:flutter/src/rendering/object.dart:2923:7)
#72     RenderProxyBoxMixin.performLayout (package:flutter/src/rendering/proxy_box.dart:118:18)
#73     RenderObject.layout (package:flutter/src/rendering/object.dart:2923:7)
#74     RenderProxyBoxMixin.performLayout (package:flutter/src/rendering/proxy_box.dart:118:18)
#75     RenderObject.layout (package:flutter/src/rendering/object.dart:2923:7)
#76     RenderProxyBoxMixin.performLayout (package:flutter/src/rendering/proxy_box.dart:118:18)
#77     RenderOffstage.performLayout (package:flutter/src/rendering/proxy_box.dart:3923:13)
#78     RenderObject.layout (package:flutter/src/rendering/object.dart:2923:7)
#79     RenderProxyBoxMixin.performLayout (package:flutter/src/rendering/proxy_box.dart:118:18)
#80     RenderObject.layout (package:flutter/src/rendering/object.dart:2923:7)
#81     _RenderTheaterMixin.layoutChild (package:flutter/src/widgets/overlay.dart:1124:13)
#82     _RenderTheater.performLayout (package:flutter/src/widgets/overlay.dart:1482:9)
#83     RenderObject.layout (package:flutter/src/rendering/object.dart:2923:7)
#84     RenderProxyBoxMixin.performLayout (package:flutter/src/rendering/proxy_box.dart:118:18)
#85     RenderObject.layout (package:flutter/src/rendering/object.dart:2923:7)
#86     RenderProxyBoxMixin.performLayout (package:flutter/src/rendering/proxy_box.dart:118:18)
#87     RenderObject.layout (package:flutter/src/rendering/object.dart:2923:7)
#88     RenderProxyBoxMixin.performLayout (package:flutter/src/rendering/proxy_box.dart:118:18)
#89     RenderObject.layout (package:flutter/src/rendering/object.dart:2923:7)
#90     RenderProxyBoxMixin.performLayout (package:flutter/src/rendering/proxy_box.dart:118:18)
#91     RenderObject.layout (package:flutter/src/rendering/object.dart:2923:7)
#92     RenderProxyBoxMixin.performLayout (package:flutter/src/rendering/proxy_box.dart:118:18)
#93     RenderObject.layout (package:flutter/src/rendering/object.dart:2923:7)
#94     RenderProxyBoxMixin.performLayout (package:flutter/src/rendering/proxy_box.dart:118:18)
#95     RenderObject.layout (package:flutter/src/rendering/object.dart:2923:7)
#96     RenderProxyBoxMixin.performLayout (package:flutter/src/rendering/proxy_box.dart:118:18)
#97     RenderObject.layout (package:flutter/src/rendering/object.dart:2923:7)
#98     RenderProxyBoxMixin.performLayout (package:flutter/src/rendering/proxy_box.dart:118:18)
#99     RenderObject.layout (package:flutter/src/rendering/object.dart:2923:7)
#100    RenderProxyBoxMixin.performLayout (package:flutter/src/rendering/proxy_box.dart:118:18)
#101    RenderObject.layout (package:flutter/src/rendering/object.dart:2923:7)
#102    RenderView.performLayout (package:flutter/src/rendering/view.dart:292:12)
#103    RenderObject._layoutWithoutResize (package:flutter/src/rendering/object.dart:2771:7)
#104    PipelineOwner.flushLayout (package:flutter/src/rendering/object.dart:1174:18)
#105    PipelineOwner.flushLayout (package:flutter/src/rendering/object.dart:1187:15)
#106    AutomatedTestWidgetsFlutterBinding.drawFrame (package:flutter_test/src/binding.dart:2434:27)
#107    RendererBinding._handlePersistentFrameCallback (package:flutter/src/rendering/binding.dart:558:5)
#108    SchedulerBinding._invokeFrameCallback (package:flutter/src/scheduler/binding.dart:1430:15)
#109    SchedulerBinding.handleDrawFrame (package:flutter/src/scheduler/binding.dart:1345:9)
#110    AutomatedTestWidgetsFlutterBinding.pump.<anonymous closure> (package:flutter_test/src/binding.dart:2261:9)
#113    TestAsyncUtils.guard (package:flutter_test/src/test_async_utils.dart:74:41)
#114    AutomatedTestWidgetsFlutterBinding.pump (package:flutter_test/src/binding.dart:2250:27)
#115    WidgetTester.pumpWidget.<anonymous closure> (package:flutter_test/src/widget_tester.dart:598:22)
#118    TestAsyncUtils.guard (package:flutter_test/src/test_async_utils.dart:74:41)
#119    WidgetTester.pumpWidget (package:flutter_test/src/widget_tester.dart:595:27)
#120    main.<anonymous closure> (file:///C:/Projekty/moja_pierwsza_apka/test/widget_test.dart:7:18)
#121    testWidgets.<anonymous closure>.<anonymous closure> (package:flutter_test/src/widget_tester.dart:192:29)
<asynchronous suspension>
#122    TestWidgetsFlutterBinding._runTestBody (package:flutter_test/src/binding.dart:1953:5)
<asynchronous suspension>
<asynchronous suspension>
(elided 7 frames from class _AssertionError, dart:async, and package:stack_trace)

The following RenderObject was being processed when the exception was fired: RenderPadding#51c1d relayoutBoundary=up15 NEEDS-LAYOUT NEEDS-PAINT NEEDS-COMPOSITING-BITS-UPDATE:
  creator: Padding ÔćÉ DecoratedBox ÔćÉ Container ÔćÉ Column ÔćÉ ConstrainedBox ÔćÉ Container ÔćÉ Center ÔćÉ Padding
    ÔćÉ _SingleChildViewport ÔćÉ IgnorePointer-[GlobalKey#f087d] ÔćÉ Semantics ÔćÉ Listener ÔćÉ Ôő»
  parentData: <none> (can use size)
  constraints: BoxConstraints(0.0<=w<=764.0, 0.0<=h<=Infinity)
  size: MISSING
  padding: EdgeInsets.all(29.0)
  textDirection: ltr
This RenderObject had the following descendants (showing up to depth 5):
    child: _RenderLayoutBuilder#33a17 relayoutBoundary=up16 NEEDS-PAINT NEEDS-COMPOSITING-BITS-UPDATE
      child: RenderFlex#71960 relayoutBoundary=up17 NEEDS-PAINT NEEDS-COMPOSITING-BITS-UPDATE
        child 1: RenderFlex#c430e NEEDS-LAYOUT NEEDS-PAINT NEEDS-COMPOSITING-BITS-UPDATE
          child 1: RenderDecoratedBox#0bca7 NEEDS-LAYOUT NEEDS-PAINT NEEDS-COMPOSITING-BITS-UPDATE
            child: RenderPadding#7e4de NEEDS-LAYOUT NEEDS-PAINT NEEDS-COMPOSITING-BITS-UPDATE
          child 2: RenderConstrainedBox#9ff69 NEEDS-LAYOUT NEEDS-PAINT
          child 3: RenderParagraph#bb69d NEEDS-LAYOUT NEEDS-PAINT
            text: TextSpan
          child 4: RenderConstrainedBox#5982f NEEDS-LAYOUT NEEDS-PAINT
          child 5: RenderParagraph#99129 NEEDS-LAYOUT NEEDS-PAINT
            text: TextSpan
          child 6: RenderConstrainedBox#1a0e2 NEEDS-LAYOUT NEEDS-PAINT
          child 7: RenderWrap#a835b NEEDS-LAYOUT NEEDS-PAINT NEEDS-COMPOSITING-BITS-UPDATE
            child 1: RenderDecoratedBox#2a8a4 NEEDS-LAYOUT NEEDS-PAINT NEEDS-COMPOSITING-BITS-UPDATE
            child 2: RenderDecoratedBox#320f3 NEEDS-LAYOUT NEEDS-PAINT NEEDS-COMPOSITING-BITS-UPDATE
            child 3: RenderDecoratedBox#d75ae NEEDS-LAYOUT NEEDS-PAINT NEEDS-COMPOSITING-BITS-UPDATE
            child 4: RenderDecoratedBox#40a18 NEEDS-LAYOUT NEEDS-PAINT NEEDS-COMPOSITING-BITS-UPDATE
          child 8: RenderConstrainedBox#1df3b NEEDS-LAYOUT NEEDS-PAINT
          child 9: RenderFlex#d64ac NEEDS-LAYOUT NEEDS-PAINT NEEDS-COMPOSITING-BITS-UPDATE
            child 1: RenderSemanticsAnnotations#94908 NEEDS-LAYOUT NEEDS-PAINT NEEDS-COMPOSITING-BITS-UPDATE
            child 2: RenderConstrainedBox#45471 NEEDS-LAYOUT NEEDS-PAINT
            child 3: RenderSemanticsAnnotations#48a44 NEEDS-LAYOUT NEEDS-PAINT NEEDS-COMPOSITING-BITS-UPDATE
        child 2: RenderConstrainedBox#d0868 NEEDS-LAYOUT NEEDS-PAINT
        child 3: RenderConstrainedBox#98555 NEEDS-LAYOUT NEEDS-PAINT NEEDS-COMPOSITING-BITS-UPDATE
          child: RenderDecoratedBox#8144d NEEDS-LAYOUT NEEDS-PAINT NEEDS-COMPOSITING-BITS-UPDATE
            child: RenderPadding#5c191 NEEDS-LAYOUT NEEDS-PAINT NEEDS-COMPOSITING-BITS-UPDATE
ÔĽÉÔĽÉÔĽÉÔĽÉÔĽÉÔĽÉÔĽÉÔĽÉÔĽÉÔĽÉÔĽÉÔĽÉÔĽÉÔĽÉÔĽÉÔĽÉÔĽÉÔĽÉÔĽÉÔĽÉÔĽÉÔĽÉÔĽÉÔĽÉÔĽÉÔĽÉÔĽÉÔĽÉÔĽÉÔĽÉÔĽÉÔĽÉÔĽÉÔĽÉÔĽÉÔĽÉÔĽÉÔĽÉÔĽÉÔĽÉÔĽÉÔĽÉÔĽÉÔĽÉÔĽÉÔĽÉÔĽÉÔĽÉÔĽÉÔĽÉÔĽÉÔĽÉÔĽÉÔĽÉÔĽÉÔĽÉÔĽÉÔĽÉÔĽÉÔĽÉÔĽÉÔĽÉÔĽÉÔĽÉÔĽÉÔĽÉÔĽÉÔĽÉÔĽÉÔĽÉÔĽÉÔĽÉÔĽÉÔĽÉÔĽÉÔĽÉÔĽÉÔĽÉÔĽÉÔĽÉÔĽÉÔĽÉÔĽÉÔĽÉÔĽÉÔĽÉÔĽÉÔĽÉÔĽÉÔĽÉÔĽÉÔĽÉÔĽÉÔĽÉÔĽÉÔĽÉÔĽÉÔĽÉÔĽÉÔĽÉ
ÔĽÉÔĽÉÔĽí EXCEPTION CAUGHT BY RENDERING LIBRARY ÔĽ×ÔĽÉÔĽÉÔĽÉÔĽÉÔĽÉÔĽÉÔĽÉÔĽÉÔĽÉÔĽÉÔĽÉÔĽÉÔĽÉÔĽÉÔĽÉÔĽÉÔĽÉÔĽÉÔĽÉÔĽÉÔĽÉÔĽÉÔĽÉÔĽÉÔĽÉÔĽÉÔĽÉÔĽÉÔĽÉÔĽÉÔĽÉÔĽÉÔĽÉÔĽÉÔĽÉÔĽÉÔĽÉÔĽÉÔĽÉÔĽÉÔĽÉÔĽÉÔĽÉÔĽÉÔĽÉÔĽÉÔĽÉÔĽÉÔĽÉÔĽÉÔĽÉÔĽÉÔĽÉÔĽÉÔĽÉÔĽÉÔĽÉ
The following assertion was thrown during performLayout():
RenderBox was not laid out: RenderPadding#51c1d relayoutBoundary=up15 NEEDS-PAINT
NEEDS-COMPOSITING-BITS-UPDATE
'package:flutter/src/rendering/box.dart':
Failed assertion: line 2251 pos 12: 'hasSize'

Either the assertion indicates an error in the framework itself, or we should provide substantially
more information in this error message to help you determine and fix the underlying cause.
In either case, please report this assertion by filing a bug on GitHub:
  https://github.com/flutter/flutter/issues/new?template=02_bug.yml

The relevant error-causing widget was:
  Container Container:file:///C:/Projekty/moja_pierwsza_apka/lib/main.dart:191:12

When the exception was thrown, this was the stack:
#2      RenderBox.size (package:flutter/src/rendering/box.dart:2251:12)
#3      RenderProxyBoxMixin.performLayout (package:flutter/src/rendering/proxy_box.dart:118:62)
#4      RenderObject.layout (package:flutter/src/rendering/object.dart:2923:7)
#5      ChildLayoutHelper.layoutChild (package:flutter/src/rendering/layout_helper.dart:62:11)
#6      RenderFlex._computeSizes (package:flutter/src/rendering/flex.dart:1237:28)
#7      RenderFlex.performLayout (package:flutter/src/rendering/flex.dart:1329:32)
#8      RenderObject.layout (package:flutter/src/rendering/object.dart:2923:7)
#9      RenderConstrainedBox.performLayout (package:flutter/src/rendering/proxy_box.dart:296:14)
#10     RenderObject.layout (package:flutter/src/rendering/object.dart:2923:7)
#11     RenderPositionedBox.performLayout (package:flutter/src/rendering/shifted_box.dart:484:14)
#12     RenderObject.layout (package:flutter/src/rendering/object.dart:2923:7)
#13     RenderPadding.performLayout (package:flutter/src/rendering/shifted_box.dart:262:12)
#14     RenderObject.layout (package:flutter/src/rendering/object.dart:2923:7)
#15     _RenderSingleChildViewport.performLayout (package:flutter/src/widgets/single_child_scroll_view.dart:502:14)
#16     RenderObject.layout (package:flutter/src/rendering/object.dart:2923:7)
#17     RenderProxyBoxMixin.performLayout (package:flutter/src/rendering/proxy_box.dart:118:18)
#18     RenderObject.layout (package:flutter/src/rendering/object.dart:2923:7)
#19     RenderProxyBoxMixin.performLayout (package:flutter/src/rendering/proxy_box.dart:118:18)
#20     RenderObject.layout (package:flutter/src/rendering/object.dart:2923:7)
#21     RenderProxyBoxMixin.performLayout (package:flutter/src/rendering/proxy_box.dart:118:18)
#22     RenderObject.layout (package:flutter/src/rendering/object.dart:2923:7)
#23     RenderProxyBoxMixin.performLayout (package:flutter/src/rendering/proxy_box.dart:118:18)
#24     RenderObject.layout (package:flutter/src/rendering/object.dart:2923:7)
#25     RenderProxyBoxMixin.performLayout (package:flutter/src/rendering/proxy_box.dart:118:18)
#26     RenderObject.layout (package:flutter/src/rendering/object.dart:2923:7)
#27     RenderProxyBoxMixin.performLayout (package:flutter/src/rendering/proxy_box.dart:118:18)
#28     RenderObject.layout (package:flutter/src/rendering/object.dart:2923:7)
#29     RenderProxyBoxMixin.performLayout (package:flutter/src/rendering/proxy_box.dart:118:18)
#30     RenderObject.layout (package:flutter/src/rendering/object.dart:2923:7)
#31     RenderProxyBoxMixin.performLayout (package:flutter/src/rendering/proxy_box.dart:118:18)
#32     _RenderCustomClip.performLayout (package:flutter/src/rendering/proxy_box.dart:1549:11)
#33     RenderObject.layout (package:flutter/src/rendering/object.dart:2923:7)
#34     MultiChildLayoutDelegate.layoutChild (package:flutter/src/rendering/custom_layout.dart:180:12)
#35     _ScaffoldLayout.performLayout (package:flutter/src/material/scaffold.dart:1113:7)
#36     MultiChildLayoutDelegate._callPerformLayout (package:flutter/src/rendering/custom_layout.dart:246:7)
#37     RenderCustomMultiChildLayoutBox.performLayout (package:flutter/src/rendering/custom_layout.dart:417:14)
#38     RenderObject.layout (package:flutter/src/rendering/object.dart:2923:7)
#39     RenderProxyBoxMixin.performLayout (package:flutter/src/rendering/proxy_box.dart:118:18)
#40     RenderObject.layout (package:flutter/src/rendering/object.dart:2923:7)
#41     RenderProxyBoxMixin.performLayout (package:flutter/src/rendering/proxy_box.dart:118:18)
#42     _RenderCustomClip.performLayout (package:flutter/src/rendering/proxy_box.dart:1549:11)
#43     RenderObject.layout (package:flutter/src/rendering/object.dart:2923:7)
#44     RenderProxyBoxMixin.performLayout (package:flutter/src/rendering/proxy_box.dart:118:18)
#45     RenderObject.layout (package:flutter/src/rendering/object.dart:2923:7)
#46     RenderProxyBoxMixin.performLayout (package:flutter/src/rendering/proxy_box.dart:118:18)
#47     RenderObject.layout (package:flutter/src/rendering/object.dart:2923:7)
#48     RenderProxyBoxMixin.performLayout (package:flutter/src/rendering/proxy_box.dart:118:18)
#49     RenderObject.layout (package:flutter/src/rendering/object.dart:2923:7)
#50     RenderProxyBoxMixin.performLayout (package:flutter/src/rendering/proxy_box.dart:118:18)
#51     RenderObject.layout (package:flutter/src/rendering/object.dart:2923:7)
#52     RenderProxyBoxMixin.performLayout (package:flutter/src/rendering/proxy_box.dart:118:18)
#53     RenderObject.layout (package:flutter/src/rendering/object.dart:2923:7)
#54     RenderProxyBoxMixin.performLayout (package:flutter/src/rendering/proxy_box.dart:118:18)
#55     RenderObject.layout (package:flutter/src/rendering/object.dart:2923:7)
#56     RenderProxyBoxMixin.performLayout (package:flutter/src/rendering/proxy_box.dart:118:18)
#57     RenderObject.layout (package:flutter/src/rendering/object.dart:2923:7)
#58     RenderProxyBoxMixin.performLayout (package:flutter/src/rendering/proxy_box.dart:118:18)
#59     RenderObject.layout (package:flutter/src/rendering/object.dart:2923:7)
#60     RenderProxyBoxMixin.performLayout (package:flutter/src/rendering/proxy_box.dart:118:18)
#61     RenderObject.layout (package:flutter/src/rendering/object.dart:2923:7)
#62     RenderProxyBoxMixin.performLayout (package:flutter/src/rendering/proxy_box.dart:118:18)
#63     RenderObject.layout (package:flutter/src/rendering/object.dart:2923:7)
#64     RenderProxyBoxMixin.performLayout (package:flutter/src/rendering/proxy_box.dart:118:18)
#65     RenderObject.layout (package:flutter/src/rendering/object.dart:2923:7)
#66     RenderProxyBoxMixin.performLayout (package:flutter/src/rendering/proxy_box.dart:118:18)
#67     RenderObject.layout (package:flutter/src/rendering/object.dart:2923:7)
#68     RenderProxyBoxMixin.performLayout (package:flutter/src/rendering/proxy_box.dart:118:18)
#69     RenderObject.layout (package:flutter/src/rendering/object.dart:2923:7)
#70     RenderProxyBoxMixin.performLayout (package:flutter/src/rendering/proxy_box.dart:118:18)
#71     RenderObject.layout (package:flutter/src/rendering/object.dart:2923:7)
#72     RenderProxyBoxMixin.performLayout (package:flutter/src/rendering/proxy_box.dart:118:18)
#73     RenderObject.layout (package:flutter/src/rendering/object.dart:2923:7)
#74     RenderProxyBoxMixin.performLayout (package:flutter/src/rendering/proxy_box.dart:118:18)
#75     RenderOffstage.performLayout (package:flutter/src/rendering/proxy_box.dart:3923:13)
#76     RenderObject.layout (package:flutter/src/rendering/object.dart:2923:7)
#77     RenderProxyBoxMixin.performLayout (package:flutter/src/rendering/proxy_box.dart:118:18)
#78     RenderObject.layout (package:flutter/src/rendering/object.dart:2923:7)
#79     _RenderTheaterMixin.layoutChild (package:flutter/src/widgets/overlay.dart:1124:13)
#80     _RenderTheater.performLayout (package:flutter/src/widgets/overlay.dart:1482:9)
#81     RenderObject.layout (package:flutter/src/rendering/object.dart:2923:7)
#82     RenderProxyBoxMixin.performLayout (package:flutter/src/rendering/proxy_box.dart:118:18)
#83     RenderObject.layout (package:flutter/src/rendering/object.dart:2923:7)
#84     RenderProxyBoxMixin.performLayout (package:flutter/src/rendering/proxy_box.dart:118:18)
#85     RenderObject.layout (package:flutter/src/rendering/object.dart:2923:7)
#86     RenderProxyBoxMixin.performLayout (package:flutter/src/rendering/proxy_box.dart:118:18)
#87     RenderObject.layout (package:flutter/src/rendering/object.dart:2923:7)
#88     RenderProxyBoxMixin.performLayout (package:flutter/src/rendering/proxy_box.dart:118:18)
#89     RenderObject.layout (package:flutter/src/rendering/object.dart:2923:7)
#90     RenderProxyBoxMixin.performLayout (package:flutter/src/rendering/proxy_box.dart:118:18)
#91     RenderObject.layout (package:flutter/src/rendering/object.dart:2923:7)
#92     RenderProxyBoxMixin.performLayout (package:flutter/src/rendering/proxy_box.dart:118:18)
#93     RenderObject.layout (package:flutter/src/rendering/object.dart:2923:7)
#94     RenderProxyBoxMixin.performLayout (package:flutter/src/rendering/proxy_box.dart:118:18)
#95     RenderObject.layout (package:flutter/src/rendering/object.dart:2923:7)
#96     RenderProxyBoxMixin.performLayout (package:flutter/src/rendering/proxy_box.dart:118:18)
#97     RenderObject.layout (package:flutter/src/rendering/object.dart:2923:7)
#98     RenderProxyBoxMixin.performLayout (package:flutter/src/rendering/proxy_box.dart:118:18)
#99     RenderObject.layout (package:flutter/src/rendering/object.dart:2923:7)
#100    RenderView.performLayout (package:flutter/src/rendering/view.dart:292:12)
#101    RenderObject._layoutWithoutResize (package:flutter/src/rendering/object.dart:2771:7)
#102    PipelineOwner.flushLayout (package:flutter/src/rendering/object.dart:1174:18)
#103    PipelineOwner.flushLayout (package:flutter/src/rendering/object.dart:1187:15)
#104    AutomatedTestWidgetsFlutterBinding.drawFrame (package:flutter_test/src/binding.dart:2434:27)
#105    RendererBinding._handlePersistentFrameCallback (package:flutter/src/rendering/binding.dart:558:5)
#106    SchedulerBinding._invokeFrameCallback (package:flutter/src/scheduler/binding.dart:1430:15)
#107    SchedulerBinding.handleDrawFrame (package:flutter/src/scheduler/binding.dart:1345:9)
#108    AutomatedTestWidgetsFlutterBinding.pump.<anonymous closure> (package:flutter_test/src/binding.dart:2261:9)
#111    TestAsyncUtils.guard (package:flutter_test/src/test_async_utils.dart:74:41)
#112    AutomatedTestWidgetsFlutterBinding.pump (package:flutter_test/src/binding.dart:2250:27)
#113    WidgetTester.pumpWidget.<anonymous closure> (package:flutter_test/src/widget_tester.dart:598:22)
#116    TestAsyncUtils.guard (package:flutter_test/src/test_async_utils.dart:74:41)
#117    WidgetTester.pumpWidget (package:flutter_test/src/widget_tester.dart:595:27)
#118    main.<anonymous closure> (file:///C:/Projekty/moja_pierwsza_apka/test/widget_test.dart:7:18)
#119    testWidgets.<anonymous closure>.<anonymous closure> (package:flutter_test/src/widget_tester.dart:192:29)
<asynchronous suspension>
#120    TestWidgetsFlutterBinding._runTestBody (package:flutter_test/src/binding.dart:1953:5)
<asynchronous suspension>
<asynchronous suspension>
(elided 7 frames from class _AssertionError, dart:async, and package:stack_trace)

The following RenderObject was being processed when the exception was fired: RenderDecoratedBox#9b2a7 relayoutBoundary=up14 NEEDS-LAYOUT NEEDS-PAINT NEEDS-COMPOSITING-BITS-UPDATE:
  creator: DecoratedBox ÔćÉ Container ÔćÉ Column ÔćÉ ConstrainedBox ÔćÉ Container ÔćÉ Center ÔćÉ Padding ÔćÉ
    _SingleChildViewport ÔćÉ IgnorePointer-[GlobalKey#f087d] ÔćÉ Semantics ÔćÉ Listener ÔćÉ _GestureSemantics
    ÔćÉ Ôő»
  parentData: offset=Offset(0.0, 0.0); flex=null; fit=null (can use size)
  constraints: BoxConstraints(0.0<=w<=764.0, 0.0<=h<=Infinity)
  size: MISSING
  decoration: BoxDecoration:
    border: Border.all(BorderSide(color: Color(alpha: 0.0510, red: 1.0000, green: 1.0000, blue: 1.0000,
      colorSpace: ColorSpace.sRGB)))
    borderRadius: BorderRadius.circular(28.0)
    gradient: LinearGradient(begin: Alignment.centerLeft, end: Alignment.centerRight, colors:
      [Color(alpha: 1.0000, red: 0.0588, green: 0.0902, blue: 0.1647, colorSpace: ColorSpace.sRGB),
      Color(alpha: 1.0000, red: 0.0667, green: 0.0941, blue: 0.1529, colorSpace: ColorSpace.sRGB),
      Color(alpha: 1.0000, red: 0.0431, green: 0.0745, blue: 0.1294, colorSpace: ColorSpace.sRGB)],
      tileMode: TileMode.clamp)
  configuration: ImageConfiguration(bundle: PlatformAssetBundle#50981(), devicePixelRatio: 3.0,
    locale: en_US, textDirection: TextDirection.ltr, platform: android)
This RenderObject had the following descendants (showing up to depth 5):
    child: RenderPadding#51c1d relayoutBoundary=up15 NEEDS-PAINT NEEDS-COMPOSITING-BITS-UPDATE
      child: _RenderLayoutBuilder#33a17 relayoutBoundary=up16 NEEDS-PAINT NEEDS-COMPOSITING-BITS-UPDATE
        child: RenderFlex#71960 relayoutBoundary=up17 NEEDS-PAINT NEEDS-COMPOSITING-BITS-UPDATE
          child 1: RenderFlex#c430e NEEDS-LAYOUT NEEDS-PAINT NEEDS-COMPOSITING-BITS-UPDATE
            child 1: RenderDecoratedBox#0bca7 NEEDS-LAYOUT NEEDS-PAINT NEEDS-COMPOSITING-BITS-UPDATE
            child 2: RenderConstrainedBox#9ff69 NEEDS-LAYOUT NEEDS-PAINT
            child 3: RenderParagraph#bb69d NEEDS-LAYOUT NEEDS-PAINT
            child 4: RenderConstrainedBox#5982f NEEDS-LAYOUT NEEDS-PAINT
            child 5: RenderParagraph#99129 NEEDS-LAYOUT NEEDS-PAINT
            child 6: RenderConstrainedBox#1a0e2 NEEDS-LAYOUT NEEDS-PAINT
            child 7: RenderWrap#a835b NEEDS-LAYOUT NEEDS-PAINT NEEDS-COMPOSITING-BITS-UPDATE
            child 8: RenderConstrainedBox#1df3b NEEDS-LAYOUT NEEDS-PAINT
            child 9: RenderFlex#d64ac NEEDS-LAYOUT NEEDS-PAINT NEEDS-COMPOSITING-BITS-UPDATE
          child 2: RenderConstrainedBox#d0868 NEEDS-LAYOUT NEEDS-PAINT
          child 3: RenderConstrainedBox#98555 NEEDS-LAYOUT NEEDS-PAINT NEEDS-COMPOSITING-BITS-UPDATE
            child: RenderDecoratedBox#8144d NEEDS-LAYOUT NEEDS-PAINT NEEDS-COMPOSITING-BITS-UPDATE
ÔĽÉÔĽÉÔĽÉÔĽÉÔĽÉÔĽÉÔĽÉÔĽÉÔĽÉÔĽÉÔĽÉÔĽÉÔĽÉÔĽÉÔĽÉÔĽÉÔĽÉÔĽÉÔĽÉÔĽÉÔĽÉÔĽÉÔĽÉÔĽÉÔĽÉÔĽÉÔĽÉÔĽÉÔĽÉÔĽÉÔĽÉÔĽÉÔĽÉÔĽÉÔĽÉÔĽÉÔĽÉÔĽÉÔĽÉÔĽÉÔĽÉÔĽÉÔĽÉÔĽÉÔĽÉÔĽÉÔĽÉÔĽÉÔĽÉÔĽÉÔĽÉÔĽÉÔĽÉÔĽÉÔĽÉÔĽÉÔĽÉÔĽÉÔĽÉÔĽÉÔĽÉÔĽÉÔĽÉÔĽÉÔĽÉÔĽÉÔĽÉÔĽÉÔĽÉÔĽÉÔĽÉÔĽÉÔĽÉÔĽÉÔĽÉÔĽÉÔĽÉÔĽÉÔĽÉÔĽÉÔĽÉÔĽÉÔĽÉÔĽÉÔĽÉÔĽÉÔĽÉÔĽÉÔĽÉÔĽÉÔĽÉÔĽÉÔĽÉÔĽÉÔĽÉÔĽÉÔĽÉÔĽÉÔĽÉÔĽÉ
ÔĽÉÔĽÉÔĽí EXCEPTION CAUGHT BY RENDERING LIBRARY ÔĽ×ÔĽÉÔĽÉÔĽÉÔĽÉÔĽÉÔĽÉÔĽÉÔĽÉÔĽÉÔĽÉÔĽÉÔĽÉÔĽÉÔĽÉÔĽÉÔĽÉÔĽÉÔĽÉÔĽÉÔĽÉÔĽÉÔĽÉÔĽÉÔĽÉÔĽÉÔĽÉÔĽÉÔĽÉÔĽÉÔĽÉÔĽÉÔĽÉÔĽÉÔĽÉÔĽÉÔĽÉÔĽÉÔĽÉÔĽÉÔĽÉÔĽÉÔĽÉÔĽÉÔĽÉÔĽÉÔĽÉÔĽÉÔĽÉÔĽÉÔĽÉÔĽÉÔĽÉÔĽÉÔĽÉÔĽÉÔĽÉÔĽÉ
The following assertion was thrown during performLayout():
RenderBox was not laid out: RenderDecoratedBox#9b2a7 relayoutBoundary=up14 NEEDS-PAINT
NEEDS-COMPOSITING-BITS-UPDATE
'package:flutter/src/rendering/box.dart':
Failed assertion: line 2251 pos 12: 'hasSize'

Either the assertion indicates an error in the framework itself, or we should provide substantially
more information in this error message to help you determine and fix the underlying cause.
In either case, please report this assertion by filing a bug on GitHub:
  https://github.com/flutter/flutter/issues/new?template=02_bug.yml

The relevant error-causing widget was:
  Column Column:file:///C:/Projekty/moja_pierwsza_apka/lib/main.dart:54:20

When the exception was thrown, this was the stack:
#2      RenderBox.size (package:flutter/src/rendering/box.dart:2251:12)
#3      ChildLayoutHelper.layoutChild (package:flutter/src/rendering/layout_helper.dart:63:18)
#4      RenderFlex._computeSizes (package:flutter/src/rendering/flex.dart:1237:28)
#5      RenderFlex.performLayout (package:flutter/src/rendering/flex.dart:1329:32)
#6      RenderObject.layout (package:flutter/src/rendering/object.dart:2923:7)
#7      RenderConstrainedBox.performLayout (package:flutter/src/rendering/proxy_box.dart:296:14)
#8      RenderObject.layout (package:flutter/src/rendering/object.dart:2923:7)
#9      RenderPositionedBox.performLayout (package:flutter/src/rendering/shifted_box.dart:484:14)
#10     RenderObject.layout (package:flutter/src/rendering/object.dart:2923:7)
#11     RenderPadding.performLayout (package:flutter/src/rendering/shifted_box.dart:262:12)
#12     RenderObject.layout (package:flutter/src/rendering/object.dart:2923:7)
#13     _RenderSingleChildViewport.performLayout (package:flutter/src/widgets/single_child_scroll_view.dart:502:14)
#14     RenderObject.layout (package:flutter/src/rendering/object.dart:2923:7)
#15     RenderProxyBoxMixin.performLayout (package:flutter/src/rendering/proxy_box.dart:118:18)
#16     RenderObject.layout (package:flutter/src/rendering/object.dart:2923:7)
#17     RenderProxyBoxMixin.performLayout (package:flutter/src/rendering/proxy_box.dart:118:18)
#18     RenderObject.layout (package:flutter/src/rendering/object.dart:2923:7)
#19     RenderProxyBoxMixin.performLayout (package:flutter/src/rendering/proxy_box.dart:118:18)
#20     RenderObject.layout (package:flutter/src/rendering/object.dart:2923:7)
#21     RenderProxyBoxMixin.performLayout (package:flutter/src/rendering/proxy_box.dart:118:18)
#22     RenderObject.layout (package:flutter/src/rendering/object.dart:2923:7)
#23     RenderProxyBoxMixin.performLayout (package:flutter/src/rendering/proxy_box.dart:118:18)
#24     RenderObject.layout (package:flutter/src/rendering/object.dart:2923:7)
#25     RenderProxyBoxMixin.performLayout (package:flutter/src/rendering/proxy_box.dart:118:18)
#26     RenderObject.layout (package:flutter/src/rendering/object.dart:2923:7)
#27     RenderProxyBoxMixin.performLayout (package:flutter/src/rendering/proxy_box.dart:118:18)
#28     RenderObject.layout (package:flutter/src/rendering/object.dart:2923:7)
#29     RenderProxyBoxMixin.performLayout (package:flutter/src/rendering/proxy_box.dart:118:18)
#30     _RenderCustomClip.performLayout (package:flutter/src/rendering/proxy_box.dart:1549:11)
#31     RenderObject.layout (package:flutter/src/rendering/object.dart:2923:7)
#32     MultiChildLayoutDelegate.layoutChild (package:flutter/src/rendering/custom_layout.dart:180:12)
#33     _ScaffoldLayout.performLayout (package:flutter/src/material/scaffold.dart:1113:7)
#34     MultiChildLayoutDelegate._callPerformLayout (package:flutter/src/rendering/custom_layout.dart:246:7)
#35     RenderCustomMultiChildLayoutBox.performLayout (package:flutter/src/rendering/custom_layout.dart:417:14)
#36     RenderObject.layout (package:flutter/src/rendering/object.dart:2923:7)
#37     RenderProxyBoxMixin.performLayout (package:flutter/src/rendering/proxy_box.dart:118:18)
#38     RenderObject.layout (package:flutter/src/rendering/object.dart:2923:7)
#39     RenderProxyBoxMixin.performLayout (package:flutter/src/rendering/proxy_box.dart:118:18)
#40     _RenderCustomClip.performLayout (package:flutter/src/rendering/proxy_box.dart:1549:11)
#41     RenderObject.layout (package:flutter/src/rendering/object.dart:2923:7)
#42     RenderProxyBoxMixin.performLayout (package:flutter/src/rendering/proxy_box.dart:118:18)
#43     RenderObject.layout (package:flutter/src/rendering/object.dart:2923:7)
#44     RenderProxyBoxMixin.performLayout (package:flutter/src/rendering/proxy_box.dart:118:18)
#45     RenderObject.layout (package:flutter/src/rendering/object.dart:2923:7)
#46     RenderProxyBoxMixin.performLayout (package:flutter/src/rendering/proxy_box.dart:118:18)
#47     RenderObject.layout (package:flutter/src/rendering/object.dart:2923:7)
#48     RenderProxyBoxMixin.performLayout (package:flutter/src/rendering/proxy_box.dart:118:18)
#49     RenderObject.layout (package:flutter/src/rendering/object.dart:2923:7)
#50     RenderProxyBoxMixin.performLayout (package:flutter/src/rendering/proxy_box.dart:118:18)
#51     RenderObject.layout (package:flutter/src/rendering/object.dart:2923:7)
#52     RenderProxyBoxMixin.performLayout (package:flutter/src/rendering/proxy_box.dart:118:18)
#53     RenderObject.layout (package:flutter/src/rendering/object.dart:2923:7)
#54     RenderProxyBoxMixin.performLayout (package:flutter/src/rendering/proxy_box.dart:118:18)
#55     RenderObject.layout (package:flutter/src/rendering/object.dart:2923:7)
#56     RenderProxyBoxMixin.performLayout (package:flutter/src/rendering/proxy_box.dart:118:18)
#57     RenderObject.layout (package:flutter/src/rendering/object.dart:2923:7)
#58     RenderProxyBoxMixin.performLayout (package:flutter/src/rendering/proxy_box.dart:118:18)
#59     RenderObject.layout (package:flutter/src/rendering/object.dart:2923:7)
#60     RenderProxyBoxMixin.performLayout (package:flutter/src/rendering/proxy_box.dart:118:18)
#61     RenderObject.layout (package:flutter/src/rendering/object.dart:2923:7)
#62     RenderProxyBoxMixin.performLayout (package:flutter/src/rendering/proxy_box.dart:118:18)
#63     RenderObject.layout (package:flutter/src/rendering/object.dart:2923:7)
#64     RenderProxyBoxMixin.performLayout (package:flutter/src/rendering/proxy_box.dart:118:18)
#65     RenderObject.layout (package:flutter/src/rendering/object.dart:2923:7)
#66     RenderProxyBoxMixin.performLayout (package:flutter/src/rendering/proxy_box.dart:118:18)
#67     RenderObject.layout (package:flutter/src/rendering/object.dart:2923:7)
#68     RenderProxyBoxMixin.performLayout (package:flutter/src/rendering/proxy_box.dart:118:18)
#69     RenderObject.layout (package:flutter/src/rendering/object.dart:2923:7)
#70     RenderProxyBoxMixin.performLayout (package:flutter/src/rendering/proxy_box.dart:118:18)
#71     RenderObject.layout (package:flutter/src/rendering/object.dart:2923:7)
#72     RenderProxyBoxMixin.performLayout (package:flutter/src/rendering/proxy_box.dart:118:18)
#73     RenderOffstage.performLayout (package:flutter/src/rendering/proxy_box.dart:3923:13)
#74     RenderObject.layout (package:flutter/src/rendering/object.dart:2923:7)
#75     RenderProxyBoxMixin.performLayout (package:flutter/src/rendering/proxy_box.dart:118:18)
#76     RenderObject.layout (package:flutter/src/rendering/object.dart:2923:7)
#77     _RenderTheaterMixin.layoutChild (package:flutter/src/widgets/overlay.dart:1124:13)
#78     _RenderTheater.performLayout (package:flutter/src/widgets/overlay.dart:1482:9)
#79     RenderObject.layout (package:flutter/src/rendering/object.dart:2923:7)
#80     RenderProxyBoxMixin.performLayout (package:flutter/src/rendering/proxy_box.dart:118:18)
#81     RenderObject.layout (package:flutter/src/rendering/object.dart:2923:7)
#82     RenderProxyBoxMixin.performLayout (package:flutter/src/rendering/proxy_box.dart:118:18)
#83     RenderObject.layout (package:flutter/src/rendering/object.dart:2923:7)
#84     RenderProxyBoxMixin.performLayout (package:flutter/src/rendering/proxy_box.dart:118:18)
#85     RenderObject.layout (package:flutter/src/rendering/object.dart:2923:7)
#86     RenderProxyBoxMixin.performLayout (package:flutter/src/rendering/proxy_box.dart:118:18)
#87     RenderObject.layout (package:flutter/src/rendering/object.dart:2923:7)
#88     RenderProxyBoxMixin.performLayout (package:flutter/src/rendering/proxy_box.dart:118:18)
#89     RenderObject.layout (package:flutter/src/rendering/object.dart:2923:7)
#90     RenderProxyBoxMixin.performLayout (package:flutter/src/rendering/proxy_box.dart:118:18)
#91     RenderObject.layout (package:flutter/src/rendering/object.dart:2923:7)
#92     RenderProxyBoxMixin.performLayout (package:flutter/src/rendering/proxy_box.dart:118:18)
#93     RenderObject.layout (package:flutter/src/rendering/object.dart:2923:7)
#94     RenderProxyBoxMixin.performLayout (package:flutter/src/rendering/proxy_box.dart:118:18)
#95     RenderObject.layout (package:flutter/src/rendering/object.dart:2923:7)
#96     RenderProxyBoxMixin.performLayout (package:flutter/src/rendering/proxy_box.dart:118:18)
#97     RenderObject.layout (package:flutter/src/rendering/object.dart:2923:7)
#98     RenderView.performLayout (package:flutter/src/rendering/view.dart:292:12)
#99     RenderObject._layoutWithoutResize (package:flutter/src/rendering/object.dart:2771:7)
#100    PipelineOwner.flushLayout (package:flutter/src/rendering/object.dart:1174:18)
#101    PipelineOwner.flushLayout (package:flutter/src/rendering/object.dart:1187:15)
#102    AutomatedTestWidgetsFlutterBinding.drawFrame (package:flutter_test/src/binding.dart:2434:27)
#103    RendererBinding._handlePersistentFrameCallback (package:flutter/src/rendering/binding.dart:558:5)
#104    SchedulerBinding._invokeFrameCallback (package:flutter/src/scheduler/binding.dart:1430:15)
#105    SchedulerBinding.handleDrawFrame (package:flutter/src/scheduler/binding.dart:1345:9)
#106    AutomatedTestWidgetsFlutterBinding.pump.<anonymous closure> (package:flutter_test/src/binding.dart:2261:9)
#109    TestAsyncUtils.guard (package:flutter_test/src/test_async_utils.dart:74:41)
#110    AutomatedTestWidgetsFlutterBinding.pump (package:flutter_test/src/binding.dart:2250:27)
#111    WidgetTester.pumpWidget.<anonymous closure> (package:flutter_test/src/widget_tester.dart:598:22)
#114    TestAsyncUtils.guard (package:flutter_test/src/test_async_utils.dart:74:41)
#115    WidgetTester.pumpWidget (package:flutter_test/src/widget_tester.dart:595:27)
#116    main.<anonymous closure> (file:///C:/Projekty/moja_pierwsza_apka/test/widget_test.dart:7:18)
#117    testWidgets.<anonymous closure>.<anonymous closure> (package:flutter_test/src/widget_tester.dart:192:29)
<asynchronous suspension>
#118    TestWidgetsFlutterBinding._runTestBody (package:flutter_test/src/binding.dart:1953:5)
<asynchronous suspension>
<asynchronous suspension>
(elided 7 frames from class _AssertionError, dart:async, and package:stack_trace)

The following RenderObject was being processed when the exception was fired: RenderFlex#47833 relayoutBoundary=up13 NEEDS-LAYOUT NEEDS-PAINT NEEDS-COMPOSITING-BITS-UPDATE:
  creator: Column ÔćÉ ConstrainedBox ÔćÉ Container ÔćÉ Center ÔćÉ Padding ÔćÉ _SingleChildViewport ÔćÉ
    IgnorePointer-[GlobalKey#f087d] ÔćÉ Semantics ÔćÉ Listener ÔćÉ _GestureSemantics ÔćÉ
    RawGestureDetector-[LabeledGlobalKey<RawGestureDetectorState>#b423e] ÔćÉ Listener ÔćÉ Ôő»
  parentData: <none> (can use size)
  constraints: BoxConstraints(0.0<=w<=764.0, 0.0<=h<=Infinity)
  size: MISSING
  direction: vertical
  mainAxisAlignment: start
  mainAxisSize: max
  crossAxisAlignment: start
  textDirection: ltr
  verticalDirection: down
  spacing: 0.0
This RenderObject had the following descendants (showing up to depth 5):
    child 1: RenderDecoratedBox#afffb relayoutBoundary=up14 NEEDS-PAINT NEEDS-COMPOSITING-BITS-UPDATE
      child: RenderPadding#02a77 relayoutBoundary=up15 NEEDS-PAINT NEEDS-COMPOSITING-BITS-UPDATE
        child: _RenderLayoutBuilder#2e2ad relayoutBoundary=up16 NEEDS-PAINT NEEDS-COMPOSITING-BITS-UPDATE
          child: RenderFlex#60749 relayoutBoundary=up17 NEEDS-PAINT NEEDS-COMPOSITING-BITS-UPDATE
            child 1: RenderConstrainedBox#9d2b4 relayoutBoundary=up18 NEEDS-PAINT NEEDS-COMPOSITING-BITS-UPDATE
            child 2: RenderConstrainedBox#4b54d relayoutBoundary=up18 NEEDS-PAINT
            child 3: RenderParagraph#4dfd3 relayoutBoundary=up18 NEEDS-PAINT
            child 4: RenderWrap#625dd relayoutBoundary=up18 NEEDS-PAINT NEEDS-COMPOSITING-BITS-UPDATE
    child 2: RenderConstrainedBox#6f32e relayoutBoundary=up14 NEEDS-PAINT
    child 3: RenderDecoratedBox#9b2a7 relayoutBoundary=up14 NEEDS-PAINT NEEDS-COMPOSITING-BITS-UPDATE
      child: RenderPadding#51c1d relayoutBoundary=up15 NEEDS-PAINT NEEDS-COMPOSITING-BITS-UPDATE
        child: _RenderLayoutBuilder#33a17 relayoutBoundary=up16 NEEDS-PAINT NEEDS-COMPOSITING-BITS-UPDATE
          child: RenderFlex#71960 relayoutBoundary=up17 NEEDS-PAINT NEEDS-COMPOSITING-BITS-UPDATE
            child 1: RenderFlex#c430e NEEDS-LAYOUT NEEDS-PAINT NEEDS-COMPOSITING-BITS-UPDATE
            child 2: RenderConstrainedBox#d0868 NEEDS-LAYOUT NEEDS-PAINT
            child 3: RenderConstrainedBox#98555 NEEDS-LAYOUT NEEDS-PAINT NEEDS-COMPOSITING-BITS-UPDATE
    child 4: RenderConstrainedBox#c74f3 NEEDS-LAYOUT NEEDS-PAINT
    child 5: RenderFlex#86052 NEEDS-LAYOUT NEEDS-PAINT NEEDS-COMPOSITING-BITS-UPDATE
      child 1: RenderDecoratedBox#d4c02 NEEDS-LAYOUT NEEDS-PAINT NEEDS-COMPOSITING-BITS-UPDATE
        child: RenderPadding#9cf93 NEEDS-LAYOUT NEEDS-PAINT NEEDS-COMPOSITING-BITS-UPDATE
          child: RenderFlex#50504 NEEDS-LAYOUT NEEDS-PAINT NEEDS-COMPOSITING-BITS-UPDATE
            child 1: RenderConstrainedBox#1532c NEEDS-LAYOUT NEEDS-PAINT NEEDS-COMPOSITING-BITS-UPDATE
            child 2: RenderConstrainedBox#1474a NEEDS-LAYOUT NEEDS-PAINT
            child 3: RenderParagraph#42595 NEEDS-LAYOUT NEEDS-PAINT
            child 4: RenderConstrainedBox#366c5 NEEDS-LAYOUT NEEDS-PAINT
            child 5: RenderParagraph#57349 NEEDS-LAYOUT NEEDS-PAINT
    ...(descendants list truncated after 25 lines)
ÔĽÉÔĽÉÔĽÉÔĽÉÔĽÉÔĽÉÔĽÉÔĽÉÔĽÉÔĽÉÔĽÉÔĽÉÔĽÉÔĽÉÔĽÉÔĽÉÔĽÉÔĽÉÔĽÉÔĽÉÔĽÉÔĽÉÔĽÉÔĽÉÔĽÉÔĽÉÔĽÉÔĽÉÔĽÉÔĽÉÔĽÉÔĽÉÔĽÉÔĽÉÔĽÉÔĽÉÔĽÉÔĽÉÔĽÉÔĽÉÔĽÉÔĽÉÔĽÉÔĽÉÔĽÉÔĽÉÔĽÉÔĽÉÔĽÉÔĽÉÔĽÉÔĽÉÔĽÉÔĽÉÔĽÉÔĽÉÔĽÉÔĽÉÔĽÉÔĽÉÔĽÉÔĽÉÔĽÉÔĽÉÔĽÉÔĽÉÔĽÉÔĽÉÔĽÉÔĽÉÔĽÉÔĽÉÔĽÉÔĽÉÔĽÉÔĽÉÔĽÉÔĽÉÔĽÉÔĽÉÔĽÉÔĽÉÔĽÉÔĽÉÔĽÉÔĽÉÔĽÉÔĽÉÔĽÉÔĽÉÔĽÉÔĽÉÔĽÉÔĽÉÔĽÉÔĽÉÔĽÉÔĽÉÔĽÉÔĽÉ
ÔĽÉÔĽÉÔĽí EXCEPTION CAUGHT BY RENDERING LIBRARY ÔĽ×ÔĽÉÔĽÉÔĽÉÔĽÉÔĽÉÔĽÉÔĽÉÔĽÉÔĽÉÔĽÉÔĽÉÔĽÉÔĽÉÔĽÉÔĽÉÔĽÉÔĽÉÔĽÉÔĽÉÔĽÉÔĽÉÔĽÉÔĽÉÔĽÉÔĽÉÔĽÉÔĽÉÔĽÉÔĽÉÔĽÉÔĽÉÔĽÉÔĽÉÔĽÉÔĽÉÔĽÉÔĽÉÔĽÉÔĽÉÔĽÉÔĽÉÔĽÉÔĽÉÔĽÉÔĽÉÔĽÉÔĽÉÔĽÉÔĽÉÔĽÉÔĽÉÔĽÉÔĽÉÔĽÉÔĽÉÔĽÉÔĽÉ
The following assertion was thrown during performLayout():
RenderBox was not laid out: RenderFlex#47833 relayoutBoundary=up13 NEEDS-PAINT
NEEDS-COMPOSITING-BITS-UPDATE
'package:flutter/src/rendering/box.dart':
Failed assertion: line 2251 pos 12: 'hasSize'

Either the assertion indicates an error in the framework itself, or we should provide substantially
more information in this error message to help you determine and fix the underlying cause.
In either case, please report this assertion by filing a bug on GitHub:
  https://github.com/flutter/flutter/issues/new?template=02_bug.yml

The relevant error-causing widget was:
  Container Container:file:///C:/Projekty/moja_pierwsza_apka/lib/main.dart:52:18

When the exception was thrown, this was the stack:
#2      RenderBox.size (package:flutter/src/rendering/box.dart:2251:12)
#3      RenderConstrainedBox.performLayout (package:flutter/src/rendering/proxy_box.dart:297:21)
#4      RenderObject.layout (package:flutter/src/rendering/object.dart:2923:7)
#5      RenderPositionedBox.performLayout (package:flutter/src/rendering/shifted_box.dart:484:14)
#6      RenderObject.layout (package:flutter/src/rendering/object.dart:2923:7)
#7      RenderPadding.performLayout (package:flutter/src/rendering/shifted_box.dart:262:12)
#8      RenderObject.layout (package:flutter/src/rendering/object.dart:2923:7)
#9      _RenderSingleChildViewport.performLayout (package:flutter/src/widgets/single_child_scroll_view.dart:502:14)
#10     RenderObject.layout (package:flutter/src/rendering/object.dart:2923:7)
#11     RenderProxyBoxMixin.performLayout (package:flutter/src/rendering/proxy_box.dart:118:18)
#12     RenderObject.layout (package:flutter/src/rendering/object.dart:2923:7)
#13     RenderProxyBoxMixin.performLayout (package:flutter/src/rendering/proxy_box.dart:118:18)
#14     RenderObject.layout (package:flutter/src/rendering/object.dart:2923:7)
#15     RenderProxyBoxMixin.performLayout (package:flutter/src/rendering/proxy_box.dart:118:18)
#16     RenderObject.layout (package:flutter/src/rendering/object.dart:2923:7)
#17     RenderProxyBoxMixin.performLayout (package:flutter/src/rendering/proxy_box.dart:118:18)
#18     RenderObject.layout (package:flutter/src/rendering/object.dart:2923:7)
#19     RenderProxyBoxMixin.performLayout (package:flutter/src/rendering/proxy_box.dart:118:18)
#20     RenderObject.layout (package:flutter/src/rendering/object.dart:2923:7)
#21     RenderProxyBoxMixin.performLayout (package:flutter/src/rendering/proxy_box.dart:118:18)
#22     RenderObject.layout (package:flutter/src/rendering/object.dart:2923:7)
#23     RenderProxyBoxMixin.performLayout (package:flutter/src/rendering/proxy_box.dart:118:18)
#24     RenderObject.layout (package:flutter/src/rendering/object.dart:2923:7)
#25     RenderProxyBoxMixin.performLayout (package:flutter/src/rendering/proxy_box.dart:118:18)
#26     _RenderCustomClip.performLayout (package:flutter/src/rendering/proxy_box.dart:1549:11)
#27     RenderObject.layout (package:flutter/src/rendering/object.dart:2923:7)
#28     MultiChildLayoutDelegate.layoutChild (package:flutter/src/rendering/custom_layout.dart:180:12)
#29     _ScaffoldLayout.performLayout (package:flutter/src/material/scaffold.dart:1113:7)
#30     MultiChildLayoutDelegate._callPerformLayout (package:flutter/src/rendering/custom_layout.dart:246:7)
#31     RenderCustomMultiChildLayoutBox.performLayout (package:flutter/src/rendering/custom_layout.dart:417:14)
#32     RenderObject.layout (package:flutter/src/rendering/object.dart:2923:7)
#33     RenderProxyBoxMixin.performLayout (package:flutter/src/rendering/proxy_box.dart:118:18)
#34     RenderObject.layout (package:flutter/src/rendering/object.dart:2923:7)
#35     RenderProxyBoxMixin.performLayout (package:flutter/src/rendering/proxy_box.dart:118:18)
#36     _RenderCustomClip.performLayout (package:flutter/src/rendering/proxy_box.dart:1549:11)
#37     RenderObject.layout (package:flutter/src/rendering/object.dart:2923:7)
#38     RenderProxyBoxMixin.performLayout (package:flutter/src/rendering/proxy_box.dart:118:18)
#39     RenderObject.layout (package:flutter/src/rendering/object.dart:2923:7)
#40     RenderProxyBoxMixin.performLayout (package:flutter/src/rendering/proxy_box.dart:118:18)
#41     RenderObject.layout (package:flutter/src/rendering/object.dart:2923:7)
#42     RenderProxyBoxMixin.performLayout (package:flutter/src/rendering/proxy_box.dart:118:18)
#43     RenderObject.layout (package:flutter/src/rendering/object.dart:2923:7)
#44     RenderProxyBoxMixin.performLayout (package:flutter/src/rendering/proxy_box.dart:118:18)
#45     RenderObject.layout (package:flutter/src/rendering/object.dart:2923:7)
#46     RenderProxyBoxMixin.performLayout (package:flutter/src/rendering/proxy_box.dart:118:18)
#47     RenderObject.layout (package:flutter/src/rendering/object.dart:2923:7)
#48     RenderProxyBoxMixin.performLayout (package:flutter/src/rendering/proxy_box.dart:118:18)
#49     RenderObject.layout (package:flutter/src/rendering/object.dart:2923:7)
#50     RenderProxyBoxMixin.performLayout (package:flutter/src/rendering/proxy_box.dart:118:18)
#51     RenderObject.layout (package:flutter/src/rendering/object.dart:2923:7)
#52     RenderProxyBoxMixin.performLayout (package:flutter/src/rendering/proxy_box.dart:118:18)
#53     RenderObject.layout (package:flutter/src/rendering/object.dart:2923:7)
#54     RenderProxyBoxMixin.performLayout (package:flutter/src/rendering/proxy_box.dart:118:18)
#55     RenderObject.layout (package:flutter/src/rendering/object.dart:2923:7)
#56     RenderProxyBoxMixin.performLayout (package:flutter/src/rendering/proxy_box.dart:118:18)
#57     RenderObject.layout (package:flutter/src/rendering/object.dart:2923:7)
#58     RenderProxyBoxMixin.performLayout (package:flutter/src/rendering/proxy_box.dart:118:18)
#59     RenderObject.layout (package:flutter/src/rendering/object.dart:2923:7)
#60     RenderProxyBoxMixin.performLayout (package:flutter/src/rendering/proxy_box.dart:118:18)
#61     RenderObject.layout (package:flutter/src/rendering/object.dart:2923:7)
#62     RenderProxyBoxMixin.performLayout (package:flutter/src/rendering/proxy_box.dart:118:18)
#63     RenderObject.layout (package:flutter/src/rendering/object.dart:2923:7)
#64     RenderProxyBoxMixin.performLayout (package:flutter/src/rendering/proxy_box.dart:118:18)
#65     RenderObject.layout (package:flutter/src/rendering/object.dart:2923:7)
#66     RenderProxyBoxMixin.performLayout (package:flutter/src/rendering/proxy_box.dart:118:18)
#67     RenderObject.layout (package:flutter/src/rendering/object.dart:2923:7)
#68     RenderProxyBoxMixin.performLayout (package:flutter/src/rendering/proxy_box.dart:118:18)
#69     RenderOffstage.performLayout (package:flutter/src/rendering/proxy_box.dart:3923:13)
#70     RenderObject.layout (package:flutter/src/rendering/object.dart:2923:7)
#71     RenderProxyBoxMixin.performLayout (package:flutter/src/rendering/proxy_box.dart:118:18)
#72     RenderObject.layout (package:flutter/src/rendering/object.dart:2923:7)
#73     _RenderTheaterMixin.layoutChild (package:flutter/src/widgets/overlay.dart:1124:13)
#74     _RenderTheater.performLayout (package:flutter/src/widgets/overlay.dart:1482:9)
#75     RenderObject.layout (package:flutter/src/rendering/object.dart:2923:7)
#76     RenderProxyBoxMixin.performLayout (package:flutter/src/rendering/proxy_box.dart:118:18)
#77     RenderObject.layout (package:flutter/src/rendering/object.dart:2923:7)
#78     RenderProxyBoxMixin.performLayout (package:flutter/src/rendering/proxy_box.dart:118:18)
#79     RenderObject.layout (package:flutter/src/rendering/object.dart:2923:7)
#80     RenderProxyBoxMixin.performLayout (package:flutter/src/rendering/proxy_box.dart:118:18)
#81     RenderObject.layout (package:flutter/src/rendering/object.dart:2923:7)
#82     RenderProxyBoxMixin.performLayout (package:flutter/src/rendering/proxy_box.dart:118:18)
#83     RenderObject.layout (package:flutter/src/rendering/object.dart:2923:7)
#84     RenderProxyBoxMixin.performLayout (package:flutter/src/rendering/proxy_box.dart:118:18)
#85     RenderObject.layout (package:flutter/src/rendering/object.dart:2923:7)
#86     RenderProxyBoxMixin.performLayout (package:flutter/src/rendering/proxy_box.dart:118:18)
#87     RenderObject.layout (package:flutter/src/rendering/object.dart:2923:7)
#88     RenderProxyBoxMixin.performLayout (package:flutter/src/rendering/proxy_box.dart:118:18)
#89     RenderObject.layout (package:flutter/src/rendering/object.dart:2923:7)
#90     RenderProxyBoxMixin.performLayout (package:flutter/src/rendering/proxy_box.dart:118:18)
#91     RenderObject.layout (package:flutter/src/rendering/object.dart:2923:7)
#92     RenderProxyBoxMixin.performLayout (package:flutter/src/rendering/proxy_box.dart:118:18)
#93     RenderObject.layout (package:flutter/src/rendering/object.dart:2923:7)
#94     RenderView.performLayout (package:flutter/src/rendering/view.dart:292:12)
#95     RenderObject._layoutWithoutResize (package:flutter/src/rendering/object.dart:2771:7)
#96     PipelineOwner.flushLayout (package:flutter/src/rendering/object.dart:1174:18)
#97     PipelineOwner.flushLayout (package:flutter/src/rendering/object.dart:1187:15)
#98     AutomatedTestWidgetsFlutterBinding.drawFrame (package:flutter_test/src/binding.dart:2434:27)
#99     RendererBinding._handlePersistentFrameCallback (package:flutter/src/rendering/binding.dart:558:5)
#100    SchedulerBinding._invokeFrameCallback (package:flutter/src/scheduler/binding.dart:1430:15)
#101    SchedulerBinding.handleDrawFrame (package:flutter/src/scheduler/binding.dart:1345:9)
#102    AutomatedTestWidgetsFlutterBinding.pump.<anonymous closure> (package:flutter_test/src/binding.dart:2261:9)
#105    TestAsyncUtils.guard (package:flutter_test/src/test_async_utils.dart:74:41)
#106    AutomatedTestWidgetsFlutterBinding.pump (package:flutter_test/src/binding.dart:2250:27)
#107    WidgetTester.pumpWidget.<anonymous closure> (package:flutter_test/src/widget_tester.dart:598:22)
#110    TestAsyncUtils.guard (package:flutter_test/src/test_async_utils.dart:74:41)
#111    WidgetTester.pumpWidget (package:flutter_test/src/widget_tester.dart:595:27)
#112    main.<anonymous closure> (file:///C:/Projekty/moja_pierwsza_apka/test/widget_test.dart:7:18)
#113    testWidgets.<anonymous closure>.<anonymous closure> (package:flutter_test/src/widget_tester.dart:192:29)
<asynchronous suspension>
#114    TestWidgetsFlutterBinding._runTestBody (package:flutter_test/src/binding.dart:1953:5)
<asynchronous suspension>
<asynchronous suspension>
(elided 7 frames from class _AssertionError, dart:async, and package:stack_trace)

The following RenderObject was being processed when the exception was fired: RenderConstrainedBox#ee78e relayoutBoundary=up12 NEEDS-LAYOUT NEEDS-PAINT NEEDS-COMPOSITING-BITS-UPDATE:
  creator: ConstrainedBox ÔćÉ Container ÔćÉ Center ÔćÉ Padding ÔćÉ _SingleChildViewport ÔćÉ
    IgnorePointer-[GlobalKey#f087d] ÔćÉ Semantics ÔćÉ Listener ÔćÉ _GestureSemantics ÔćÉ
    RawGestureDetector-[LabeledGlobalKey<RawGestureDetectorState>#b423e] ÔćÉ Listener ÔćÉ _ScrollableScope
    ÔćÉ Ôő»
  parentData: offset=Offset(0.0, 0.0) (can use size)
  constraints: BoxConstraints(0.0<=w<=764.0, 0.0<=h<=Infinity)
  size: MISSING
  additionalConstraints: BoxConstraints(0.0<=w<=1200.0, 0.0<=h<=Infinity)
This RenderObject had the following descendants (showing up to depth 5):
    child: RenderFlex#47833 relayoutBoundary=up13 NEEDS-PAINT NEEDS-COMPOSITING-BITS-UPDATE
      child 1: RenderDecoratedBox#afffb relayoutBoundary=up14 NEEDS-PAINT NEEDS-COMPOSITING-BITS-UPDATE
        child: RenderPadding#02a77 relayoutBoundary=up15 NEEDS-PAINT NEEDS-COMPOSITING-BITS-UPDATE
          child: _RenderLayoutBuilder#2e2ad relayoutBoundary=up16 NEEDS-PAINT NEEDS-COMPOSITING-BITS-UPDATE
            child: RenderFlex#60749 relayoutBoundary=up17 NEEDS-PAINT NEEDS-COMPOSITING-BITS-UPDATE
      child 2: RenderConstrainedBox#6f32e relayoutBoundary=up14 NEEDS-PAINT
      child 3: RenderDecoratedBox#9b2a7 relayoutBoundary=up14 NEEDS-PAINT NEEDS-COMPOSITING-BITS-UPDATE
        child: RenderPadding#51c1d relayoutBoundary=up15 NEEDS-PAINT NEEDS-COMPOSITING-BITS-UPDATE
          child: _RenderLayoutBuilder#33a17 relayoutBoundary=up16 NEEDS-PAINT NEEDS-COMPOSITING-BITS-UPDATE
            child: RenderFlex#71960 relayoutBoundary=up17 NEEDS-PAINT NEEDS-COMPOSITING-BITS-UPDATE
      child 4: RenderConstrainedBox#c74f3 NEEDS-LAYOUT NEEDS-PAINT
      child 5: RenderFlex#86052 NEEDS-LAYOUT NEEDS-PAINT NEEDS-COMPOSITING-BITS-UPDATE
        child 1: RenderDecoratedBox#d4c02 NEEDS-LAYOUT NEEDS-PAINT NEEDS-COMPOSITING-BITS-UPDATE
          child: RenderPadding#9cf93 NEEDS-LAYOUT NEEDS-PAINT NEEDS-COMPOSITING-BITS-UPDATE
            child: RenderFlex#50504 NEEDS-LAYOUT NEEDS-PAINT NEEDS-COMPOSITING-BITS-UPDATE
        child 2: RenderConstrainedBox#9d4f4 NEEDS-LAYOUT NEEDS-PAINT
        child 3: RenderDecoratedBox#e427a NEEDS-LAYOUT NEEDS-PAINT NEEDS-COMPOSITING-BITS-UPDATE
          child: RenderPadding#0295c NEEDS-LAYOUT NEEDS-PAINT NEEDS-COMPOSITING-BITS-UPDATE
            child: RenderFlex#a29e2 NEEDS-LAYOUT NEEDS-PAINT NEEDS-COMPOSITING-BITS-UPDATE
        child 4: RenderConstrainedBox#0bacc NEEDS-LAYOUT NEEDS-PAINT
        child 5: RenderDecoratedBox#f2af8 NEEDS-LAYOUT NEEDS-PAINT NEEDS-COMPOSITING-BITS-UPDATE
          child: RenderPadding#2cd02 NEEDS-LAYOUT NEEDS-PAINT NEEDS-COMPOSITING-BITS-UPDATE
            child: RenderFlex#08344 NEEDS-LAYOUT NEEDS-PAINT NEEDS-COMPOSITING-BITS-UPDATE
      child 6: RenderConstrainedBox#64e71 NEEDS-LAYOUT NEEDS-PAINT
      child 7: RenderDecoratedBox#c2ff9 NEEDS-LAYOUT NEEDS-PAINT NEEDS-COMPOSITING-BITS-UPDATE
        child: RenderPadding#4accb NEEDS-LAYOUT NEEDS-PAINT NEEDS-COMPOSITING-BITS-UPDATE
          child: RenderFlex#b7193 NEEDS-LAYOUT NEEDS-PAINT NEEDS-COMPOSITING-BITS-UPDATE
            child 1: RenderFlex#af692 NEEDS-LAYOUT NEEDS-PAINT NEEDS-COMPOSITING-BITS-UPDATE
            child 2: RenderConstrainedBox#f9b2b NEEDS-LAYOUT NEEDS-PAINT
    ...(descendants list truncated after 25 lines)
ÔĽÉÔĽÉÔĽÉÔĽÉÔĽÉÔĽÉÔĽÉÔĽÉÔĽÉÔĽÉÔĽÉÔĽÉÔĽÉÔĽÉÔĽÉÔĽÉÔĽÉÔĽÉÔĽÉÔĽÉÔĽÉÔĽÉÔĽÉÔĽÉÔĽÉÔĽÉÔĽÉÔĽÉÔĽÉÔĽÉÔĽÉÔĽÉÔĽÉÔĽÉÔĽÉÔĽÉÔĽÉÔĽÉÔĽÉÔĽÉÔĽÉÔĽÉÔĽÉÔĽÉÔĽÉÔĽÉÔĽÉÔĽÉÔĽÉÔĽÉÔĽÉÔĽÉÔĽÉÔĽÉÔĽÉÔĽÉÔĽÉÔĽÉÔĽÉÔĽÉÔĽÉÔĽÉÔĽÉÔĽÉÔĽÉÔĽÉÔĽÉÔĽÉÔĽÉÔĽÉÔĽÉÔĽÉÔĽÉÔĽÉÔĽÉÔĽÉÔĽÉÔĽÉÔĽÉÔĽÉÔĽÉÔĽÉÔĽÉÔĽÉÔĽÉÔĽÉÔĽÉÔĽÉÔĽÉÔĽÉÔĽÉÔĽÉÔĽÉÔĽÉÔĽÉÔĽÉÔĽÉÔĽÉÔĽÉÔĽÉ
ÔĽÉÔĽÉÔĽí EXCEPTION CAUGHT BY RENDERING LIBRARY ÔĽ×ÔĽÉÔĽÉÔĽÉÔĽÉÔĽÉÔĽÉÔĽÉÔĽÉÔĽÉÔĽÉÔĽÉÔĽÉÔĽÉÔĽÉÔĽÉÔĽÉÔĽÉÔĽÉÔĽÉÔĽÉÔĽÉÔĽÉÔĽÉÔĽÉÔĽÉÔĽÉÔĽÉÔĽÉÔĽÉÔĽÉÔĽÉÔĽÉÔĽÉÔĽÉÔĽÉÔĽÉÔĽÉÔĽÉÔĽÉÔĽÉÔĽÉÔĽÉÔĽÉÔĽÉÔĽÉÔĽÉÔĽÉÔĽÉÔĽÉÔĽÉÔĽÉÔĽÉÔĽÉÔĽÉÔĽÉÔĽÉÔĽÉ
The following assertion was thrown during performLayout():
RenderBox was not laid out: RenderConstrainedBox#ee78e relayoutBoundary=up12 NEEDS-PAINT
NEEDS-COMPOSITING-BITS-UPDATE
'package:flutter/src/rendering/box.dart':
Failed assertion: line 2251 pos 12: 'hasSize'

Either the assertion indicates an error in the framework itself, or we should provide substantially
more information in this error message to help you determine and fix the underlying cause.
In either case, please report this assertion by filing a bug on GitHub:
  https://github.com/flutter/flutter/issues/new?template=02_bug.yml

The relevant error-causing widget was:
  Center Center:file:///C:/Projekty/moja_pierwsza_apka/lib/main.dart:51:16

When the exception was thrown, this was the stack:
#2      RenderBox.size (package:flutter/src/rendering/box.dart:2251:12)
#3      RenderPositionedBox.performLayout (package:flutter/src/rendering/shifted_box.dart:488:37)
#4      RenderObject.layout (package:flutter/src/rendering/object.dart:2923:7)
#5      RenderPadding.performLayout (package:flutter/src/rendering/shifted_box.dart:262:12)
#6      RenderObject.layout (package:flutter/src/rendering/object.dart:2923:7)
#7      _RenderSingleChildViewport.performLayout (package:flutter/src/widgets/single_child_scroll_view.dart:502:14)
#8      RenderObject.layout (package:flutter/src/rendering/object.dart:2923:7)
#9      RenderProxyBoxMixin.performLayout (package:flutter/src/rendering/proxy_box.dart:118:18)
#10     RenderObject.layout (package:flutter/src/rendering/object.dart:2923:7)
#11     RenderProxyBoxMixin.performLayout (package:flutter/src/rendering/proxy_box.dart:118:18)
#12     RenderObject.layout (package:flutter/src/rendering/object.dart:2923:7)
#13     RenderProxyBoxMixin.performLayout (package:flutter/src/rendering/proxy_box.dart:118:18)
#14     RenderObject.layout (package:flutter/src/rendering/object.dart:2923:7)
#15     RenderProxyBoxMixin.performLayout (package:flutter/src/rendering/proxy_box.dart:118:18)
#16     RenderObject.layout (package:flutter/src/rendering/object.dart:2923:7)
#17     RenderProxyBoxMixin.performLayout (package:flutter/src/rendering/proxy_box.dart:118:18)
#18     RenderObject.layout (package:flutter/src/rendering/object.dart:2923:7)
#19     RenderProxyBoxMixin.performLayout (package:flutter/src/rendering/proxy_box.dart:118:18)
#20     RenderObject.layout (package:flutter/src/rendering/object.dart:2923:7)
#21     RenderProxyBoxMixin.performLayout (package:flutter/src/rendering/proxy_box.dart:118:18)
#22     RenderObject.layout (package:flutter/src/rendering/object.dart:2923:7)
#23     RenderProxyBoxMixin.performLayout (package:flutter/src/rendering/proxy_box.dart:118:18)
#24     _RenderCustomClip.performLayout (package:flutter/src/rendering/proxy_box.dart:1549:11)
#25     RenderObject.layout (package:flutter/src/rendering/object.dart:2923:7)
#26     MultiChildLayoutDelegate.layoutChild (package:flutter/src/rendering/custom_layout.dart:180:12)
#27     _ScaffoldLayout.performLayout (package:flutter/src/material/scaffold.dart:1113:7)
#28     MultiChildLayoutDelegate._callPerformLayout (package:flutter/src/rendering/custom_layout.dart:246:7)
#29     RenderCustomMultiChildLayoutBox.performLayout (package:flutter/src/rendering/custom_layout.dart:417:14)
#30     RenderObject.layout (package:flutter/src/rendering/object.dart:2923:7)
#31     RenderProxyBoxMixin.performLayout (package:flutter/src/rendering/proxy_box.dart:118:18)
#32     RenderObject.layout (package:flutter/src/rendering/object.dart:2923:7)
#33     RenderProxyBoxMixin.performLayout (package:flutter/src/rendering/proxy_box.dart:118:18)
#34     _RenderCustomClip.performLayout (package:flutter/src/rendering/proxy_box.dart:1549:11)
#35     RenderObject.layout (package:flutter/src/rendering/object.dart:2923:7)
#36     RenderProxyBoxMixin.performLayout (package:flutter/src/rendering/proxy_box.dart:118:18)
#37     RenderObject.layout (package:flutter/src/rendering/object.dart:2923:7)
#38     RenderProxyBoxMixin.performLayout (package:flutter/src/rendering/proxy_box.dart:118:18)
#39     RenderObject.layout (package:flutter/src/rendering/object.dart:2923:7)
#40     RenderProxyBoxMixin.performLayout (package:flutter/src/rendering/proxy_box.dart:118:18)
#41     RenderObject.layout (package:flutter/src/rendering/object.dart:2923:7)
#42     RenderProxyBoxMixin.performLayout (package:flutter/src/rendering/proxy_box.dart:118:18)
#43     RenderObject.layout (package:flutter/src/rendering/object.dart:2923:7)
#44     RenderProxyBoxMixin.performLayout (package:flutter/src/rendering/proxy_box.dart:118:18)
#45     RenderObject.layout (package:flutter/src/rendering/object.dart:2923:7)
#46     RenderProxyBoxMixin.performLayout (package:flutter/src/rendering/proxy_box.dart:118:18)
#47     RenderObject.layout (package:flutter/src/rendering/object.dart:2923:7)
#48     RenderProxyBoxMixin.performLayout (package:flutter/src/rendering/proxy_box.dart:118:18)
#49     RenderObject.layout (package:flutter/src/rendering/object.dart:2923:7)
#50     RenderProxyBoxMixin.performLayout (package:flutter/src/rendering/proxy_box.dart:118:18)
#51     RenderObject.layout (package:flutter/src/rendering/object.dart:2923:7)
#52     RenderProxyBoxMixin.performLayout (package:flutter/src/rendering/proxy_box.dart:118:18)
#53     RenderObject.layout (package:flutter/src/rendering/object.dart:2923:7)
#54     RenderProxyBoxMixin.performLayout (package:flutter/src/rendering/proxy_box.dart:118:18)
#55     RenderObject.layout (package:flutter/src/rendering/object.dart:2923:7)
#56     RenderProxyBoxMixin.performLayout (package:flutter/src/rendering/proxy_box.dart:118:18)
#57     RenderObject.layout (package:flutter/src/rendering/object.dart:2923:7)
#58     RenderProxyBoxMixin.performLayout (package:flutter/src/rendering/proxy_box.dart:118:18)
#59     RenderObject.layout (package:flutter/src/rendering/object.dart:2923:7)
#60     RenderProxyBoxMixin.performLayout (package:flutter/src/rendering/proxy_box.dart:118:18)
#61     RenderObject.layout (package:flutter/src/rendering/object.dart:2923:7)
#62     RenderProxyBoxMixin.performLayout (package:flutter/src/rendering/proxy_box.dart:118:18)
#63     RenderObject.layout (package:flutter/src/rendering/object.dart:2923:7)
#64     RenderProxyBoxMixin.performLayout (package:flutter/src/rendering/proxy_box.dart:118:18)
#65     RenderObject.layout (package:flutter/src/rendering/object.dart:2923:7)
#66     RenderProxyBoxMixin.performLayout (package:flutter/src/rendering/proxy_box.dart:118:18)
#67     RenderOffstage.performLayout (package:flutter/src/rendering/proxy_box.dart:3923:13)
#68     RenderObject.layout (package:flutter/src/rendering/object.dart:2923:7)
#69     RenderProxyBoxMixin.performLayout (package:flutter/src/rendering/proxy_box.dart:118:18)
#70     RenderObject.layout (package:flutter/src/rendering/object.dart:2923:7)
#71     _RenderTheaterMixin.layoutChild (package:flutter/src/widgets/overlay.dart:1124:13)
#72     _RenderTheater.performLayout (package:flutter/src/widgets/overlay.dart:1482:9)
#73     RenderObject.layout (package:flutter/src/rendering/object.dart:2923:7)
#74     RenderProxyBoxMixin.performLayout (package:flutter/src/rendering/proxy_box.dart:118:18)
#75     RenderObject.layout (package:flutter/src/rendering/object.dart:2923:7)
#76     RenderProxyBoxMixin.performLayout (package:flutter/src/rendering/proxy_box.dart:118:18)
#77     RenderObject.layout (package:flutter/src/rendering/object.dart:2923:7)
#78     RenderProxyBoxMixin.performLayout (package:flutter/src/rendering/proxy_box.dart:118:18)
#79     RenderObject.layout (package:flutter/src/rendering/object.dart:2923:7)
#80     RenderProxyBoxMixin.performLayout (package:flutter/src/rendering/proxy_box.dart:118:18)
#81     RenderObject.layout (package:flutter/src/rendering/object.dart:2923:7)
#82     RenderProxyBoxMixin.performLayout (package:flutter/src/rendering/proxy_box.dart:118:18)
#83     RenderObject.layout (package:flutter/src/rendering/object.dart:2923:7)
#84     RenderProxyBoxMixin.performLayout (package:flutter/src/rendering/proxy_box.dart:118:18)
#85     RenderObject.layout (package:flutter/src/rendering/object.dart:2923:7)
#86     RenderProxyBoxMixin.performLayout (package:flutter/src/rendering/proxy_box.dart:118:18)
#87     RenderObject.layout (package:flutter/src/rendering/object.dart:2923:7)
#88     RenderProxyBoxMixin.performLayout (package:flutter/src/rendering/proxy_box.dart:118:18)
#89     RenderObject.layout (package:flutter/src/rendering/object.dart:2923:7)
#90     RenderProxyBoxMixin.performLayout (package:flutter/src/rendering/proxy_box.dart:118:18)
#91     RenderObject.layout (package:flutter/src/rendering/object.dart:2923:7)
#92     RenderView.performLayout (package:flutter/src/rendering/view.dart:292:12)
#93     RenderObject._layoutWithoutResize (package:flutter/src/rendering/object.dart:2771:7)
#94     PipelineOwner.flushLayout (package:flutter/src/rendering/object.dart:1174:18)
#95     PipelineOwner.flushLayout (package:flutter/src/rendering/object.dart:1187:15)
#96     AutomatedTestWidgetsFlutterBinding.drawFrame (package:flutter_test/src/binding.dart:2434:27)
#97     RendererBinding._handlePersistentFrameCallback (package:flutter/src/rendering/binding.dart:558:5)
#98     SchedulerBinding._invokeFrameCallback (package:flutter/src/scheduler/binding.dart:1430:15)
#99     SchedulerBinding.handleDrawFrame (package:flutter/src/scheduler/binding.dart:1345:9)
#100    AutomatedTestWidgetsFlutterBinding.pump.<anonymous closure> (package:flutter_test/src/binding.dart:2261:9)
#103    TestAsyncUtils.guard (package:flutter_test/src/test_async_utils.dart:74:41)
#104    AutomatedTestWidgetsFlutterBinding.pump (package:flutter_test/src/binding.dart:2250:27)
#105    WidgetTester.pumpWidget.<anonymous closure> (package:flutter_test/src/widget_tester.dart:598:22)
#108    TestAsyncUtils.guard (package:flutter_test/src/test_async_utils.dart:74:41)
#109    WidgetTester.pumpWidget (package:flutter_test/src/widget_tester.dart:595:27)
#110    main.<anonymous closure> (file:///C:/Projekty/moja_pierwsza_apka/test/widget_test.dart:7:18)
#111    testWidgets.<anonymous closure>.<anonymous closure> (package:flutter_test/src/widget_tester.dart:192:29)
<asynchronous suspension>
#112    TestWidgetsFlutterBinding._runTestBody (package:flutter_test/src/binding.dart:1953:5)
<asynchronous suspension>
<asynchronous suspension>
(elided 7 frames from class _AssertionError, dart:async, and package:stack_trace)

The following RenderObject was being processed when the exception was fired: RenderPositionedBox#a8aa9 relayoutBoundary=up11 NEEDS-LAYOUT NEEDS-PAINT NEEDS-COMPOSITING-BITS-UPDATE:
  creator: Center ÔćÉ Padding ÔćÉ _SingleChildViewport ÔćÉ IgnorePointer-[GlobalKey#f087d] ÔćÉ Semantics ÔćÉ
    Listener ÔćÉ _GestureSemantics ÔćÉ
    RawGestureDetector-[LabeledGlobalKey<RawGestureDetectorState>#b423e] ÔćÉ Listener ÔćÉ _ScrollableScope
    ÔćÉ _ScrollSemantics-[GlobalKey#bbe7b] ÔćÉ NotificationListener<ScrollMetricsNotification> ÔćÉ Ôő»
  parentData: offset=Offset(0.0, 0.0) (can use size)
  constraints: BoxConstraints(0.0<=w<=764.0, 0.0<=h<=Infinity)
  size: MISSING
  alignment: Alignment.center
  textDirection: ltr
  widthFactor: expand
  heightFactor: expand
This RenderObject had the following descendants (showing up to depth 5):
    child: RenderConstrainedBox#ee78e relayoutBoundary=up12 NEEDS-PAINT NEEDS-COMPOSITING-BITS-UPDATE
      child: RenderFlex#47833 relayoutBoundary=up13 NEEDS-PAINT NEEDS-COMPOSITING-BITS-UPDATE
        child 1: RenderDecoratedBox#afffb relayoutBoundary=up14 NEEDS-PAINT NEEDS-COMPOSITING-BITS-UPDATE
          child: RenderPadding#02a77 relayoutBoundary=up15 NEEDS-PAINT NEEDS-COMPOSITING-BITS-UPDATE
            child: _RenderLayoutBuilder#2e2ad relayoutBoundary=up16 NEEDS-PAINT NEEDS-COMPOSITING-BITS-UPDATE
        child 2: RenderConstrainedBox#6f32e relayoutBoundary=up14 NEEDS-PAINT
        child 3: RenderDecoratedBox#9b2a7 relayoutBoundary=up14 NEEDS-PAINT NEEDS-COMPOSITING-BITS-UPDATE
          child: RenderPadding#51c1d relayoutBoundary=up15 NEEDS-PAINT NEEDS-COMPOSITING-BITS-UPDATE
            child: _RenderLayoutBuilder#33a17 relayoutBoundary=up16 NEEDS-PAINT NEEDS-COMPOSITING-BITS-UPDATE
        child 4: RenderConstrainedBox#c74f3 NEEDS-LAYOUT NEEDS-PAINT
        child 5: RenderFlex#86052 NEEDS-LAYOUT NEEDS-PAINT NEEDS-COMPOSITING-BITS-UPDATE
          child 1: RenderDecoratedBox#d4c02 NEEDS-LAYOUT NEEDS-PAINT NEEDS-COMPOSITING-BITS-UPDATE
            child: RenderPadding#9cf93 NEEDS-LAYOUT NEEDS-PAINT NEEDS-COMPOSITING-BITS-UPDATE
          child 2: RenderConstrainedBox#9d4f4 NEEDS-LAYOUT NEEDS-PAINT
          child 3: RenderDecoratedBox#e427a NEEDS-LAYOUT NEEDS-PAINT NEEDS-COMPOSITING-BITS-UPDATE
            child: RenderPadding#0295c NEEDS-LAYOUT NEEDS-PAINT NEEDS-COMPOSITING-BITS-UPDATE
          child 4: RenderConstrainedBox#0bacc NEEDS-LAYOUT NEEDS-PAINT
          child 5: RenderDecoratedBox#f2af8 NEEDS-LAYOUT NEEDS-PAINT NEEDS-COMPOSITING-BITS-UPDATE
            child: RenderPadding#2cd02 NEEDS-LAYOUT NEEDS-PAINT NEEDS-COMPOSITING-BITS-UPDATE
        child 6: RenderConstrainedBox#64e71 NEEDS-LAYOUT NEEDS-PAINT
        child 7: RenderDecoratedBox#c2ff9 NEEDS-LAYOUT NEEDS-PAINT NEEDS-COMPOSITING-BITS-UPDATE
          child: RenderPadding#4accb NEEDS-LAYOUT NEEDS-PAINT NEEDS-COMPOSITING-BITS-UPDATE
            child: RenderFlex#b7193 NEEDS-LAYOUT NEEDS-PAINT NEEDS-COMPOSITING-BITS-UPDATE
        child 8: RenderConstrainedBox#7a12a NEEDS-LAYOUT NEEDS-PAINT
        child 9: RenderFlex#636b0 NEEDS-LAYOUT NEEDS-PAINT NEEDS-COMPOSITING-BITS-UPDATE
          child 1: RenderParagraph#4c281 NEEDS-LAYOUT NEEDS-PAINT
            text: TextSpan
          child 2: RenderConstrainedBox#76201 NEEDS-LAYOUT NEEDS-PAINT
    ...(descendants list truncated after 25 lines)
ÔĽÉÔĽÉÔĽÉÔĽÉÔĽÉÔĽÉÔĽÉÔĽÉÔĽÉÔĽÉÔĽÉÔĽÉÔĽÉÔĽÉÔĽÉÔĽÉÔĽÉÔĽÉÔĽÉÔĽÉÔĽÉÔĽÉÔĽÉÔĽÉÔĽÉÔĽÉÔĽÉÔĽÉÔĽÉÔĽÉÔĽÉÔĽÉÔĽÉÔĽÉÔĽÉÔĽÉÔĽÉÔĽÉÔĽÉÔĽÉÔĽÉÔĽÉÔĽÉÔĽÉÔĽÉÔĽÉÔĽÉÔĽÉÔĽÉÔĽÉÔĽÉÔĽÉÔĽÉÔĽÉÔĽÉÔĽÉÔĽÉÔĽÉÔĽÉÔĽÉÔĽÉÔĽÉÔĽÉÔĽÉÔĽÉÔĽÉÔĽÉÔĽÉÔĽÉÔĽÉÔĽÉÔĽÉÔĽÉÔĽÉÔĽÉÔĽÉÔĽÉÔĽÉÔĽÉÔĽÉÔĽÉÔĽÉÔĽÉÔĽÉÔĽÉÔĽÉÔĽÉÔĽÉÔĽÉÔĽÉÔĽÉÔĽÉÔĽÉÔĽÉÔĽÉÔĽÉÔĽÉÔĽÉÔĽÉÔĽÉ
ÔĽÉÔĽÉÔĽí EXCEPTION CAUGHT BY RENDERING LIBRARY ÔĽ×ÔĽÉÔĽÉÔĽÉÔĽÉÔĽÉÔĽÉÔĽÉÔĽÉÔĽÉÔĽÉÔĽÉÔĽÉÔĽÉÔĽÉÔĽÉÔĽÉÔĽÉÔĽÉÔĽÉÔĽÉÔĽÉÔĽÉÔĽÉÔĽÉÔĽÉÔĽÉÔĽÉÔĽÉÔĽÉÔĽÉÔĽÉÔĽÉÔĽÉÔĽÉÔĽÉÔĽÉÔĽÉÔĽÉÔĽÉÔĽÉÔĽÉÔĽÉÔĽÉÔĽÉÔĽÉÔĽÉÔĽÉÔĽÉÔĽÉÔĽÉÔĽÉÔĽÉÔĽÉÔĽÉÔĽÉÔĽÉÔĽÉ
The following assertion was thrown during performLayout():
RenderBox was not laid out: RenderPositionedBox#a8aa9 relayoutBoundary=up11 NEEDS-PAINT
NEEDS-COMPOSITING-BITS-UPDATE
'package:flutter/src/rendering/box.dart':
Failed assertion: line 2251 pos 12: 'hasSize'

Either the assertion indicates an error in the framework itself, or we should provide substantially
more information in this error message to help you determine and fix the underlying cause.
In either case, please report this assertion by filing a bug on GitHub:
  https://github.com/flutter/flutter/issues/new?template=02_bug.yml

The relevant error-causing widget was:
  SingleChildScrollView
  SingleChildScrollView:file:///C:/Projekty/moja_pierwsza_apka/lib/main.dart:48:13

When the exception was thrown, this was the stack:
#2      RenderBox.size (package:flutter/src/rendering/box.dart:2251:12)
#3      RenderPadding.performLayout (package:flutter/src/rendering/shifted_box.dart:266:40)
#4      RenderObject.layout (package:flutter/src/rendering/object.dart:2923:7)
#5      _RenderSingleChildViewport.performLayout (package:flutter/src/widgets/single_child_scroll_view.dart:502:14)
#6      RenderObject.layout (package:flutter/src/rendering/object.dart:2923:7)
#7      RenderProxyBoxMixin.performLayout (package:flutter/src/rendering/proxy_box.dart:118:18)
#8      RenderObject.layout (package:flutter/src/rendering/object.dart:2923:7)
#9      RenderProxyBoxMixin.performLayout (package:flutter/src/rendering/proxy_box.dart:118:18)
#10     RenderObject.layout (package:flutter/src/rendering/object.dart:2923:7)
#11     RenderProxyBoxMixin.performLayout (package:flutter/src/rendering/proxy_box.dart:118:18)
#12     RenderObject.layout (package:flutter/src/rendering/object.dart:2923:7)
#13     RenderProxyBoxMixin.performLayout (package:flutter/src/rendering/proxy_box.dart:118:18)
#14     RenderObject.layout (package:flutter/src/rendering/object.dart:2923:7)
#15     RenderProxyBoxMixin.performLayout (package:flutter/src/rendering/proxy_box.dart:118:18)
#16     RenderObject.layout (package:flutter/src/rendering/object.dart:2923:7)
#17     RenderProxyBoxMixin.performLayout (package:flutter/src/rendering/proxy_box.dart:118:18)
#18     RenderObject.layout (package:flutter/src/rendering/object.dart:2923:7)
#19     RenderProxyBoxMixin.performLayout (package:flutter/src/rendering/proxy_box.dart:118:18)
#20     RenderObject.layout (package:flutter/src/rendering/object.dart:2923:7)
#21     RenderProxyBoxMixin.performLayout (package:flutter/src/rendering/proxy_box.dart:118:18)
#22     _RenderCustomClip.performLayout (package:flutter/src/rendering/proxy_box.dart:1549:11)
#23     RenderObject.layout (package:flutter/src/rendering/object.dart:2923:7)
#24     MultiChildLayoutDelegate.layoutChild (package:flutter/src/rendering/custom_layout.dart:180:12)
#25     _ScaffoldLayout.performLayout (package:flutter/src/material/scaffold.dart:1113:7)
#26     MultiChildLayoutDelegate._callPerformLayout (package:flutter/src/rendering/custom_layout.dart:246:7)
#27     RenderCustomMultiChildLayoutBox.performLayout (package:flutter/src/rendering/custom_layout.dart:417:14)
#28     RenderObject.layout (package:flutter/src/rendering/object.dart:2923:7)
#29     RenderProxyBoxMixin.performLayout (package:flutter/src/rendering/proxy_box.dart:118:18)
#30     RenderObject.layout (package:flutter/src/rendering/object.dart:2923:7)
#31     RenderProxyBoxMixin.performLayout (package:flutter/src/rendering/proxy_box.dart:118:18)
#32     _RenderCustomClip.performLayout (package:flutter/src/rendering/proxy_box.dart:1549:11)
#33     RenderObject.layout (package:flutter/src/rendering/object.dart:2923:7)
#34     RenderProxyBoxMixin.performLayout (package:flutter/src/rendering/proxy_box.dart:118:18)
#35     RenderObject.layout (package:flutter/src/rendering/object.dart:2923:7)
#36     RenderProxyBoxMixin.performLayout (package:flutter/src/rendering/proxy_box.dart:118:18)
#37     RenderObject.layout (package:flutter/src/rendering/object.dart:2923:7)
#38     RenderProxyBoxMixin.performLayout (package:flutter/src/rendering/proxy_box.dart:118:18)
#39     RenderObject.layout (package:flutter/src/rendering/object.dart:2923:7)
#40     RenderProxyBoxMixin.performLayout (package:flutter/src/rendering/proxy_box.dart:118:18)
#41     RenderObject.layout (package:flutter/src/rendering/object.dart:2923:7)
#42     RenderProxyBoxMixin.performLayout (package:flutter/src/rendering/proxy_box.dart:118:18)
#43     RenderObject.layout (package:flutter/src/rendering/object.dart:2923:7)
#44     RenderProxyBoxMixin.performLayout (package:flutter/src/rendering/proxy_box.dart:118:18)
#45     RenderObject.layout (package:flutter/src/rendering/object.dart:2923:7)
#46     RenderProxyBoxMixin.performLayout (package:flutter/src/rendering/proxy_box.dart:118:18)
#47     RenderObject.layout (package:flutter/src/rendering/object.dart:2923:7)
#48     RenderProxyBoxMixin.performLayout (package:flutter/src/rendering/proxy_box.dart:118:18)
#49     RenderObject.layout (package:flutter/src/rendering/object.dart:2923:7)
#50     RenderProxyBoxMixin.performLayout (package:flutter/src/rendering/proxy_box.dart:118:18)
#51     RenderObject.layout (package:flutter/src/rendering/object.dart:2923:7)
#52     RenderProxyBoxMixin.performLayout (package:flutter/src/rendering/proxy_box.dart:118:18)
#53     RenderObject.layout (package:flutter/src/rendering/object.dart:2923:7)
#54     RenderProxyBoxMixin.performLayout (package:flutter/src/rendering/proxy_box.dart:118:18)
#55     RenderObject.layout (package:flutter/src/rendering/object.dart:2923:7)
#56     RenderProxyBoxMixin.performLayout (package:flutter/src/rendering/proxy_box.dart:118:18)
#57     RenderObject.layout (package:flutter/src/rendering/object.dart:2923:7)
#58     RenderProxyBoxMixin.performLayout (package:flutter/src/rendering/proxy_box.dart:118:18)
#59     RenderObject.layout (package:flutter/src/rendering/object.dart:2923:7)
#60     RenderProxyBoxMixin.performLayout (package:flutter/src/rendering/proxy_box.dart:118:18)
#61     RenderObject.layout (package:flutter/src/rendering/object.dart:2923:7)
#62     RenderProxyBoxMixin.performLayout (package:flutter/src/rendering/proxy_box.dart:118:18)
#63     RenderObject.layout (package:flutter/src/rendering/object.dart:2923:7)
#64     RenderProxyBoxMixin.performLayout (package:flutter/src/rendering/proxy_box.dart:118:18)
#65     RenderOffstage.performLayout (package:flutter/src/rendering/proxy_box.dart:3923:13)
#66     RenderObject.layout (package:flutter/src/rendering/object.dart:2923:7)
#67     RenderProxyBoxMixin.performLayout (package:flutter/src/rendering/proxy_box.dart:118:18)
#68     RenderObject.layout (package:flutter/src/rendering/object.dart:2923:7)
#69     _RenderTheaterMixin.layoutChild (package:flutter/src/widgets/overlay.dart:1124:13)
#70     _RenderTheater.performLayout (package:flutter/src/widgets/overlay.dart:1482:9)
#71     RenderObject.layout (package:flutter/src/rendering/object.dart:2923:7)
#72     RenderProxyBoxMixin.performLayout (package:flutter/src/rendering/proxy_box.dart:118:18)
#73     RenderObject.layout (package:flutter/src/rendering/object.dart:2923:7)
#74     RenderProxyBoxMixin.performLayout (package:flutter/src/rendering/proxy_box.dart:118:18)
#75     RenderObject.layout (package:flutter/src/rendering/object.dart:2923:7)
#76     RenderProxyBoxMixin.performLayout (package:flutter/src/rendering/proxy_box.dart:118:18)
#77     RenderObject.layout (package:flutter/src/rendering/object.dart:2923:7)
#78     RenderProxyBoxMixin.performLayout (package:flutter/src/rendering/proxy_box.dart:118:18)
#79     RenderObject.layout (package:flutter/src/rendering/object.dart:2923:7)
#80     RenderProxyBoxMixin.performLayout (package:flutter/src/rendering/proxy_box.dart:118:18)
#81     RenderObject.layout (package:flutter/src/rendering/object.dart:2923:7)
#82     RenderProxyBoxMixin.performLayout (package:flutter/src/rendering/proxy_box.dart:118:18)
#83     RenderObject.layout (package:flutter/src/rendering/object.dart:2923:7)
#84     RenderProxyBoxMixin.performLayout (package:flutter/src/rendering/proxy_box.dart:118:18)
#85     RenderObject.layout (package:flutter/src/rendering/object.dart:2923:7)
#86     RenderProxyBoxMixin.performLayout (package:flutter/src/rendering/proxy_box.dart:118:18)
#87     RenderObject.layout (package:flutter/src/rendering/object.dart:2923:7)
#88     RenderProxyBoxMixin.performLayout (package:flutter/src/rendering/proxy_box.dart:118:18)
#89     RenderObject.layout (package:flutter/src/rendering/object.dart:2923:7)
#90     RenderView.performLayout (package:flutter/src/rendering/view.dart:292:12)
#91     RenderObject._layoutWithoutResize (package:flutter/src/rendering/object.dart:2771:7)
#92     PipelineOwner.flushLayout (package:flutter/src/rendering/object.dart:1174:18)
#93     PipelineOwner.flushLayout (package:flutter/src/rendering/object.dart:1187:15)
#94     AutomatedTestWidgetsFlutterBinding.drawFrame (package:flutter_test/src/binding.dart:2434:27)
#95     RendererBinding._handlePersistentFrameCallback (package:flutter/src/rendering/binding.dart:558:5)
#96     SchedulerBinding._invokeFrameCallback (package:flutter/src/scheduler/binding.dart:1430:15)
#97     SchedulerBinding.handleDrawFrame (package:flutter/src/scheduler/binding.dart:1345:9)
#98     AutomatedTestWidgetsFlutterBinding.pump.<anonymous closure> (package:flutter_test/src/binding.dart:2261:9)
#101    TestAsyncUtils.guard (package:flutter_test/src/test_async_utils.dart:74:41)
#102    AutomatedTestWidgetsFlutterBinding.pump (package:flutter_test/src/binding.dart:2250:27)
#103    WidgetTester.pumpWidget.<anonymous closure> (package:flutter_test/src/widget_tester.dart:598:22)
#106    TestAsyncUtils.guard (package:flutter_test/src/test_async_utils.dart:74:41)
#107    WidgetTester.pumpWidget (package:flutter_test/src/widget_tester.dart:595:27)
#108    main.<anonymous closure> (file:///C:/Projekty/moja_pierwsza_apka/test/widget_test.dart:7:18)
#109    testWidgets.<anonymous closure>.<anonymous closure> (package:flutter_test/src/widget_tester.dart:192:29)
<asynchronous suspension>
#110    TestWidgetsFlutterBinding._runTestBody (package:flutter_test/src/binding.dart:1953:5)
<asynchronous suspension>
<asynchronous suspension>
(elided 7 frames from class _AssertionError, dart:async, and package:stack_trace)

The following RenderObject was being processed when the exception was fired: RenderPadding#58e1f relayoutBoundary=up10 NEEDS-LAYOUT NEEDS-PAINT NEEDS-COMPOSITING-BITS-UPDATE:
  creator: Padding ÔćÉ _SingleChildViewport ÔćÉ IgnorePointer-[GlobalKey#f087d] ÔćÉ Semantics ÔćÉ Listener ÔćÉ
    _GestureSemantics ÔćÉ RawGestureDetector-[LabeledGlobalKey<RawGestureDetectorState>#b423e] ÔćÉ
    Listener ÔćÉ _ScrollableScope ÔćÉ _ScrollSemantics-[GlobalKey#bbe7b] ÔćÉ
    NotificationListener<ScrollMetricsNotification> ÔćÉ Transform ÔćÉ Ôő»
  parentData: <none> (can use size)
  constraints: BoxConstraints(0.0<=w<=800.0, 0.0<=h<=Infinity)
  size: MISSING
  padding: EdgeInsets(18.0, 30.0, 18.0, 30.0)
  textDirection: ltr
This RenderObject had the following descendants (showing up to depth 5):
    child: RenderPositionedBox#a8aa9 relayoutBoundary=up11 NEEDS-PAINT NEEDS-COMPOSITING-BITS-UPDATE
      child: RenderConstrainedBox#ee78e relayoutBoundary=up12 NEEDS-PAINT NEEDS-COMPOSITING-BITS-UPDATE
        child: RenderFlex#47833 relayoutBoundary=up13 NEEDS-PAINT NEEDS-COMPOSITING-BITS-UPDATE
          child 1: RenderDecoratedBox#afffb relayoutBoundary=up14 NEEDS-PAINT NEEDS-COMPOSITING-BITS-UPDATE
            child: RenderPadding#02a77 relayoutBoundary=up15 NEEDS-PAINT NEEDS-COMPOSITING-BITS-UPDATE
          child 2: RenderConstrainedBox#6f32e relayoutBoundary=up14 NEEDS-PAINT
          child 3: RenderDecoratedBox#9b2a7 relayoutBoundary=up14 NEEDS-PAINT NEEDS-COMPOSITING-BITS-UPDATE
            child: RenderPadding#51c1d relayoutBoundary=up15 NEEDS-PAINT NEEDS-COMPOSITING-BITS-UPDATE
          child 4: RenderConstrainedBox#c74f3 NEEDS-LAYOUT NEEDS-PAINT
          child 5: RenderFlex#86052 NEEDS-LAYOUT NEEDS-PAINT NEEDS-COMPOSITING-BITS-UPDATE
            child 1: RenderDecoratedBox#d4c02 NEEDS-LAYOUT NEEDS-PAINT NEEDS-COMPOSITING-BITS-UPDATE
            child 2: RenderConstrainedBox#9d4f4 NEEDS-LAYOUT NEEDS-PAINT
            child 3: RenderDecoratedBox#e427a NEEDS-LAYOUT NEEDS-PAINT NEEDS-COMPOSITING-BITS-UPDATE
            child 4: RenderConstrainedBox#0bacc NEEDS-LAYOUT NEEDS-PAINT
            child 5: RenderDecoratedBox#f2af8 NEEDS-LAYOUT NEEDS-PAINT NEEDS-COMPOSITING-BITS-UPDATE
          child 6: RenderConstrainedBox#64e71 NEEDS-LAYOUT NEEDS-PAINT
          child 7: RenderDecoratedBox#c2ff9 NEEDS-LAYOUT NEEDS-PAINT NEEDS-COMPOSITING-BITS-UPDATE
            child: RenderPadding#4accb NEEDS-LAYOUT NEEDS-PAINT NEEDS-COMPOSITING-BITS-UPDATE
          child 8: RenderConstrainedBox#7a12a NEEDS-LAYOUT NEEDS-PAINT
          child 9: RenderFlex#636b0 NEEDS-LAYOUT NEEDS-PAINT NEEDS-COMPOSITING-BITS-UPDATE
            child 1: RenderParagraph#4c281 NEEDS-LAYOUT NEEDS-PAINT
            child 2: RenderConstrainedBox#76201 NEEDS-LAYOUT NEEDS-PAINT
            child 3: _RenderLayoutBuilder#79a47 NEEDS-LAYOUT NEEDS-PAINT
          child 10: RenderConstrainedBox#238c7 NEEDS-LAYOUT NEEDS-PAINT
          child 11: RenderDecoratedBox#c750d NEEDS-LAYOUT NEEDS-PAINT NEEDS-COMPOSITING-BITS-UPDATE
            child: RenderPadding#d0ee1 NEEDS-LAYOUT NEEDS-PAINT NEEDS-COMPOSITING-BITS-UPDATE
          child 12: RenderConstrainedBox#189c6 NEEDS-LAYOUT NEEDS-PAINT
          child 13: RenderConstrainedBox#d7aaf NEEDS-LAYOUT NEEDS-PAINT NEEDS-COMPOSITING-BITS-UPDATE
            child: RenderDecoratedBox#d65e4 NEEDS-LAYOUT NEEDS-PAINT NEEDS-COMPOSITING-BITS-UPDATE
ÔĽÉÔĽÉÔĽÉÔĽÉÔĽÉÔĽÉÔĽÉÔĽÉÔĽÉÔĽÉÔĽÉÔĽÉÔĽÉÔĽÉÔĽÉÔĽÉÔĽÉÔĽÉÔĽÉÔĽÉÔĽÉÔĽÉÔĽÉÔĽÉÔĽÉÔĽÉÔĽÉÔĽÉÔĽÉÔĽÉÔĽÉÔĽÉÔĽÉÔĽÉÔĽÉÔĽÉÔĽÉÔĽÉÔĽÉÔĽÉÔĽÉÔĽÉÔĽÉÔĽÉÔĽÉÔĽÉÔĽÉÔĽÉÔĽÉÔĽÉÔĽÉÔĽÉÔĽÉÔĽÉÔĽÉÔĽÉÔĽÉÔĽÉÔĽÉÔĽÉÔĽÉÔĽÉÔĽÉÔĽÉÔĽÉÔĽÉÔĽÉÔĽÉÔĽÉÔĽÉÔĽÉÔĽÉÔĽÉÔĽÉÔĽÉÔĽÉÔĽÉÔĽÉÔĽÉÔĽÉÔĽÉÔĽÉÔĽÉÔĽÉÔĽÉÔĽÉÔĽÉÔĽÉÔĽÉÔĽÉÔĽÉÔĽÉÔĽÉÔĽÉÔĽÉÔĽÉÔĽÉÔĽÉÔĽÉÔĽÉ
ÔĽÉÔĽÉÔĽí EXCEPTION CAUGHT BY RENDERING LIBRARY ÔĽ×ÔĽÉÔĽÉÔĽÉÔĽÉÔĽÉÔĽÉÔĽÉÔĽÉÔĽÉÔĽÉÔĽÉÔĽÉÔĽÉÔĽÉÔĽÉÔĽÉÔĽÉÔĽÉÔĽÉÔĽÉÔĽÉÔĽÉÔĽÉÔĽÉÔĽÉÔĽÉÔĽÉÔĽÉÔĽÉÔĽÉÔĽÉÔĽÉÔĽÉÔĽÉÔĽÉÔĽÉÔĽÉÔĽÉÔĽÉÔĽÉÔĽÉÔĽÉÔĽÉÔĽÉÔĽÉÔĽÉÔĽÉÔĽÉÔĽÉÔĽÉÔĽÉÔĽÉÔĽÉÔĽÉÔĽÉÔĽÉÔĽÉ
The following assertion was thrown during performLayout():
RenderBox was not laid out: RenderPadding#58e1f relayoutBoundary=up10 NEEDS-PAINT
NEEDS-COMPOSITING-BITS-UPDATE
'package:flutter/src/rendering/box.dart':
Failed assertion: line 2251 pos 12: 'hasSize'

Either the assertion indicates an error in the framework itself, or we should provide substantially
more information in this error message to help you determine and fix the underlying cause.
In either case, please report this assertion by filing a bug on GitHub:
  https://github.com/flutter/flutter/issues/new?template=02_bug.yml

The relevant error-causing widget was:
  SingleChildScrollView
  SingleChildScrollView:file:///C:/Projekty/moja_pierwsza_apka/lib/main.dart:48:13

When the exception was thrown, this was the stack:
#2      RenderBox.size (package:flutter/src/rendering/box.dart:2251:12)
#3      _RenderSingleChildViewport.performLayout (package:flutter/src/widgets/single_child_scroll_view.dart:503:43)
#4      RenderObject.layout (package:flutter/src/rendering/object.dart:2923:7)
#5      RenderProxyBoxMixin.performLayout (package:flutter/src/rendering/proxy_box.dart:118:18)
#6      RenderObject.layout (package:flutter/src/rendering/object.dart:2923:7)
#7      RenderProxyBoxMixin.performLayout (package:flutter/src/rendering/proxy_box.dart:118:18)
#8      RenderObject.layout (package:flutter/src/rendering/object.dart:2923:7)
#9      RenderProxyBoxMixin.performLayout (package:flutter/src/rendering/proxy_box.dart:118:18)
#10     RenderObject.layout (package:flutter/src/rendering/object.dart:2923:7)
#11     RenderProxyBoxMixin.performLayout (package:flutter/src/rendering/proxy_box.dart:118:18)
#12     RenderObject.layout (package:flutter/src/rendering/object.dart:2923:7)
#13     RenderProxyBoxMixin.performLayout (package:flutter/src/rendering/proxy_box.dart:118:18)
#14     RenderObject.layout (package:flutter/src/rendering/object.dart:2923:7)
#15     RenderProxyBoxMixin.performLayout (package:flutter/src/rendering/proxy_box.dart:118:18)
#16     RenderObject.layout (package:flutter/src/rendering/object.dart:2923:7)
#17     RenderProxyBoxMixin.performLayout (package:flutter/src/rendering/proxy_box.dart:118:18)
#18     RenderObject.layout (package:flutter/src/rendering/object.dart:2923:7)
#19     RenderProxyBoxMixin.performLayout (package:flutter/src/rendering/proxy_box.dart:118:18)
#20     _RenderCustomClip.performLayout (package:flutter/src/rendering/proxy_box.dart:1549:11)
#21     RenderObject.layout (package:flutter/src/rendering/object.dart:2923:7)
#22     MultiChildLayoutDelegate.layoutChild (package:flutter/src/rendering/custom_layout.dart:180:12)
#23     _ScaffoldLayout.performLayout (package:flutter/src/material/scaffold.dart:1113:7)
#24     MultiChildLayoutDelegate._callPerformLayout (package:flutter/src/rendering/custom_layout.dart:246:7)
#25     RenderCustomMultiChildLayoutBox.performLayout (package:flutter/src/rendering/custom_layout.dart:417:14)
#26     RenderObject.layout (package:flutter/src/rendering/object.dart:2923:7)
#27     RenderProxyBoxMixin.performLayout (package:flutter/src/rendering/proxy_box.dart:118:18)
#28     RenderObject.layout (package:flutter/src/rendering/object.dart:2923:7)
#29     RenderProxyBoxMixin.performLayout (package:flutter/src/rendering/proxy_box.dart:118:18)
#30     _RenderCustomClip.performLayout (package:flutter/src/rendering/proxy_box.dart:1549:11)
#31     RenderObject.layout (package:flutter/src/rendering/object.dart:2923:7)
#32     RenderProxyBoxMixin.performLayout (package:flutter/src/rendering/proxy_box.dart:118:18)
#33     RenderObject.layout (package:flutter/src/rendering/object.dart:2923:7)
#34     RenderProxyBoxMixin.performLayout (package:flutter/src/rendering/proxy_box.dart:118:18)
#35     RenderObject.layout (package:flutter/src/rendering/object.dart:2923:7)
#36     RenderProxyBoxMixin.performLayout (package:flutter/src/rendering/proxy_box.dart:118:18)
#37     RenderObject.layout (package:flutter/src/rendering/object.dart:2923:7)
#38     RenderProxyBoxMixin.performLayout (package:flutter/src/rendering/proxy_box.dart:118:18)
#39     RenderObject.layout (package:flutter/src/rendering/object.dart:2923:7)
#40     RenderProxyBoxMixin.performLayout (package:flutter/src/rendering/proxy_box.dart:118:18)
#41     RenderObject.layout (package:flutter/src/rendering/object.dart:2923:7)
#42     RenderProxyBoxMixin.performLayout (package:flutter/src/rendering/proxy_box.dart:118:18)
#43     RenderObject.layout (package:flutter/src/rendering/object.dart:2923:7)
#44     RenderProxyBoxMixin.performLayout (package:flutter/src/rendering/proxy_box.dart:118:18)
#45     RenderObject.layout (package:flutter/src/rendering/object.dart:2923:7)
#46     RenderProxyBoxMixin.performLayout (package:flutter/src/rendering/proxy_box.dart:118:18)
#47     RenderObject.layout (package:flutter/src/rendering/object.dart:2923:7)
#48     RenderProxyBoxMixin.performLayout (package:flutter/src/rendering/proxy_box.dart:118:18)
#49     RenderObject.layout (package:flutter/src/rendering/object.dart:2923:7)
#50     RenderProxyBoxMixin.performLayout (package:flutter/src/rendering/proxy_box.dart:118:18)
#51     RenderObject.layout (package:flutter/src/rendering/object.dart:2923:7)
#52     RenderProxyBoxMixin.performLayout (package:flutter/src/rendering/proxy_box.dart:118:18)
#53     RenderObject.layout (package:flutter/src/rendering/object.dart:2923:7)
#54     RenderProxyBoxMixin.performLayout (package:flutter/src/rendering/proxy_box.dart:118:18)
#55     RenderObject.layout (package:flutter/src/rendering/object.dart:2923:7)
#56     RenderProxyBoxMixin.performLayout (package:flutter/src/rendering/proxy_box.dart:118:18)
#57     RenderObject.layout (package:flutter/src/rendering/object.dart:2923:7)
#58     RenderProxyBoxMixin.performLayout (package:flutter/src/rendering/proxy_box.dart:118:18)
#59     RenderObject.layout (package:flutter/src/rendering/object.dart:2923:7)
#60     RenderProxyBoxMixin.performLayout (package:flutter/src/rendering/proxy_box.dart:118:18)
#61     RenderObject.layout (package:flutter/src/rendering/object.dart:2923:7)
#62     RenderProxyBoxMixin.performLayout (package:flutter/src/rendering/proxy_box.dart:118:18)
#63     RenderOffstage.performLayout (package:flutter/src/rendering/proxy_box.dart:3923:13)
#64     RenderObject.layout (package:flutter/src/rendering/object.dart:2923:7)
#65     RenderProxyBoxMixin.performLayout (package:flutter/src/rendering/proxy_box.dart:118:18)
#66     RenderObject.layout (package:flutter/src/rendering/object.dart:2923:7)
#67     _RenderTheaterMixin.layoutChild (package:flutter/src/widgets/overlay.dart:1124:13)
#68     _RenderTheater.performLayout (package:flutter/src/widgets/overlay.dart:1482:9)
#69     RenderObject.layout (package:flutter/src/rendering/object.dart:2923:7)
#70     RenderProxyBoxMixin.performLayout (package:flutter/src/rendering/proxy_box.dart:118:18)
#71     RenderObject.layout (package:flutter/src/rendering/object.dart:2923:7)
#72     RenderProxyBoxMixin.performLayout (package:flutter/src/rendering/proxy_box.dart:118:18)
#73     RenderObject.layout (package:flutter/src/rendering/object.dart:2923:7)
#74     RenderProxyBoxMixin.performLayout (package:flutter/src/rendering/proxy_box.dart:118:18)
#75     RenderObject.layout (package:flutter/src/rendering/object.dart:2923:7)
#76     RenderProxyBoxMixin.performLayout (package:flutter/src/rendering/proxy_box.dart:118:18)
#77     RenderObject.layout (package:flutter/src/rendering/object.dart:2923:7)
#78     RenderProxyBoxMixin.performLayout (package:flutter/src/rendering/proxy_box.dart:118:18)
#79     RenderObject.layout (package:flutter/src/rendering/object.dart:2923:7)
#80     RenderProxyBoxMixin.performLayout (package:flutter/src/rendering/proxy_box.dart:118:18)
#81     RenderObject.layout (package:flutter/src/rendering/object.dart:2923:7)
#82     RenderProxyBoxMixin.performLayout (package:flutter/src/rendering/proxy_box.dart:118:18)
#83     RenderObject.layout (package:flutter/src/rendering/object.dart:2923:7)
#84     RenderProxyBoxMixin.performLayout (package:flutter/src/rendering/proxy_box.dart:118:18)
#85     RenderObject.layout (package:flutter/src/rendering/object.dart:2923:7)
#86     RenderProxyBoxMixin.performLayout (package:flutter/src/rendering/proxy_box.dart:118:18)
#87     RenderObject.layout (package:flutter/src/rendering/object.dart:2923:7)
#88     RenderView.performLayout (package:flutter/src/rendering/view.dart:292:12)
#89     RenderObject._layoutWithoutResize (package:flutter/src/rendering/object.dart:2771:7)
#90     PipelineOwner.flushLayout (package:flutter/src/rendering/object.dart:1174:18)
#91     PipelineOwner.flushLayout (package:flutter/src/rendering/object.dart:1187:15)
#92     AutomatedTestWidgetsFlutterBinding.drawFrame (package:flutter_test/src/binding.dart:2434:27)
#93     RendererBinding._handlePersistentFrameCallback (package:flutter/src/rendering/binding.dart:558:5)
#94     SchedulerBinding._invokeFrameCallback (package:flutter/src/scheduler/binding.dart:1430:15)
#95     SchedulerBinding.handleDrawFrame (package:flutter/src/scheduler/binding.dart:1345:9)
#96     AutomatedTestWidgetsFlutterBinding.pump.<anonymous closure> (package:flutter_test/src/binding.dart:2261:9)
#99     TestAsyncUtils.guard (package:flutter_test/src/test_async_utils.dart:74:41)
#100    AutomatedTestWidgetsFlutterBinding.pump (package:flutter_test/src/binding.dart:2250:27)
#101    WidgetTester.pumpWidget.<anonymous closure> (package:flutter_test/src/widget_tester.dart:598:22)
#104    TestAsyncUtils.guard (package:flutter_test/src/test_async_utils.dart:74:41)
#105    WidgetTester.pumpWidget (package:flutter_test/src/widget_tester.dart:595:27)
#106    main.<anonymous closure> (file:///C:/Projekty/moja_pierwsza_apka/test/widget_test.dart:7:18)
#107    testWidgets.<anonymous closure>.<anonymous closure> (package:flutter_test/src/widget_tester.dart:192:29)
<asynchronous suspension>
#108    TestWidgetsFlutterBinding._runTestBody (package:flutter_test/src/binding.dart:1953:5)
<asynchronous suspension>
<asynchronous suspension>
(elided 7 frames from class _AssertionError, dart:async, and package:stack_trace)

The following RenderObject was being processed when the exception was fired: _RenderSingleChildViewport#866ff relayoutBoundary=up9 NEEDS-LAYOUT NEEDS-PAINT NEEDS-COMPOSITING-BITS-UPDATE:
  needs compositing
  creator: _SingleChildViewport ÔćÉ IgnorePointer-[GlobalKey#f087d] ÔćÉ Semantics ÔćÉ Listener ÔćÉ
    _GestureSemantics ÔćÉ RawGestureDetector-[LabeledGlobalKey<RawGestureDetectorState>#b423e] ÔćÉ
    Listener ÔćÉ _ScrollableScope ÔćÉ _ScrollSemantics-[GlobalKey#bbe7b] ÔćÉ
    NotificationListener<ScrollMetricsNotification> ÔćÉ Transform ÔćÉ StretchEffect ÔćÉ Ôő»
  parentData: <none> (can use size)
  constraints: BoxConstraints(0.0<=w<=800.0, 0.0<=h<=600.0)
  size: MISSING
  offset: Offset(0.0, -0.0)
This RenderObject had the following descendants (showing up to depth 5):
    child: RenderPadding#58e1f relayoutBoundary=up10 NEEDS-PAINT NEEDS-COMPOSITING-BITS-UPDATE
      child: RenderPositionedBox#a8aa9 relayoutBoundary=up11 NEEDS-PAINT NEEDS-COMPOSITING-BITS-UPDATE
        child: RenderConstrainedBox#ee78e relayoutBoundary=up12 NEEDS-PAINT NEEDS-COMPOSITING-BITS-UPDATE
          child: RenderFlex#47833 relayoutBoundary=up13 NEEDS-PAINT NEEDS-COMPOSITING-BITS-UPDATE
            child 1: RenderDecoratedBox#afffb relayoutBoundary=up14 NEEDS-PAINT NEEDS-COMPOSITING-BITS-UPDATE
            child 2: RenderConstrainedBox#6f32e relayoutBoundary=up14 NEEDS-PAINT
            child 3: RenderDecoratedBox#9b2a7 relayoutBoundary=up14 NEEDS-PAINT NEEDS-COMPOSITING-BITS-UPDATE
            child 4: RenderConstrainedBox#c74f3 NEEDS-LAYOUT NEEDS-PAINT
            child 5: RenderFlex#86052 NEEDS-LAYOUT NEEDS-PAINT NEEDS-COMPOSITING-BITS-UPDATE
            child 6: RenderConstrainedBox#64e71 NEEDS-LAYOUT NEEDS-PAINT
            child 7: RenderDecoratedBox#c2ff9 NEEDS-LAYOUT NEEDS-PAINT NEEDS-COMPOSITING-BITS-UPDATE
            child 8: RenderConstrainedBox#7a12a NEEDS-LAYOUT NEEDS-PAINT
            child 9: RenderFlex#636b0 NEEDS-LAYOUT NEEDS-PAINT NEEDS-COMPOSITING-BITS-UPDATE
            child 10: RenderConstrainedBox#238c7 NEEDS-LAYOUT NEEDS-PAINT
            child 11: RenderDecoratedBox#c750d NEEDS-LAYOUT NEEDS-PAINT NEEDS-COMPOSITING-BITS-UPDATE
            child 12: RenderConstrainedBox#189c6 NEEDS-LAYOUT NEEDS-PAINT
            child 13: RenderConstrainedBox#d7aaf NEEDS-LAYOUT NEEDS-PAINT NEEDS-COMPOSITING-BITS-UPDATE
ÔĽÉÔĽÉÔĽÉÔĽÉÔĽÉÔĽÉÔĽÉÔĽÉÔĽÉÔĽÉÔĽÉÔĽÉÔĽÉÔĽÉÔĽÉÔĽÉÔĽÉÔĽÉÔĽÉÔĽÉÔĽÉÔĽÉÔĽÉÔĽÉÔĽÉÔĽÉÔĽÉÔĽÉÔĽÉÔĽÉÔĽÉÔĽÉÔĽÉÔĽÉÔĽÉÔĽÉÔĽÉÔĽÉÔĽÉÔĽÉÔĽÉÔĽÉÔĽÉÔĽÉÔĽÉÔĽÉÔĽÉÔĽÉÔĽÉÔĽÉÔĽÉÔĽÉÔĽÉÔĽÉÔĽÉÔĽÉÔĽÉÔĽÉÔĽÉÔĽÉÔĽÉÔĽÉÔĽÉÔĽÉÔĽÉÔĽÉÔĽÉÔĽÉÔĽÉÔĽÉÔĽÉÔĽÉÔĽÉÔĽÉÔĽÉÔĽÉÔĽÉÔĽÉÔĽÉÔĽÉÔĽÉÔĽÉÔĽÉÔĽÉÔĽÉÔĽÉÔĽÉÔĽÉÔĽÉÔĽÉÔĽÉÔĽÉÔĽÉÔĽÉÔĽÉÔĽÉÔĽÉÔĽÉÔĽÉÔĽÉ
ÔĽÉÔĽÉÔĽí EXCEPTION CAUGHT BY RENDERING LIBRARY ÔĽ×ÔĽÉÔĽÉÔĽÉÔĽÉÔĽÉÔĽÉÔĽÉÔĽÉÔĽÉÔĽÉÔĽÉÔĽÉÔĽÉÔĽÉÔĽÉÔĽÉÔĽÉÔĽÉÔĽÉÔĽÉÔĽÉÔĽÉÔĽÉÔĽÉÔĽÉÔĽÉÔĽÉÔĽÉÔĽÉÔĽÉÔĽÉÔĽÉÔĽÉÔĽÉÔĽÉÔĽÉÔĽÉÔĽÉÔĽÉÔĽÉÔĽÉÔĽÉÔĽÉÔĽÉÔĽÉÔĽÉÔĽÉÔĽÉÔĽÉÔĽÉÔĽÉÔĽÉÔĽÉÔĽÉÔĽÉÔĽÉÔĽÉ
The following assertion was thrown during performLayout():
RenderBox was not laid out: _RenderSingleChildViewport#866ff relayoutBoundary=up9 NEEDS-PAINT
NEEDS-COMPOSITING-BITS-UPDATE
'package:flutter/src/rendering/box.dart':
Failed assertion: line 2251 pos 12: 'hasSize'

Either the assertion indicates an error in the framework itself, or we should provide substantially
more information in this error message to help you determine and fix the underlying cause.
In either case, please report this assertion by filing a bug on GitHub:
  https://github.com/flutter/flutter/issues/new?template=02_bug.yml

The relevant error-causing widget was:
  SingleChildScrollView
  SingleChildScrollView:file:///C:/Projekty/moja_pierwsza_apka/lib/main.dart:48:13

When the exception was thrown, this was the stack:
#2      RenderBox.size (package:flutter/src/rendering/box.dart:2251:12)
#3      RenderProxyBoxMixin.performLayout (package:flutter/src/rendering/proxy_box.dart:118:62)
#4      RenderObject.layout (package:flutter/src/rendering/object.dart:2923:7)
#5      RenderProxyBoxMixin.performLayout (package:flutter/src/rendering/proxy_box.dart:118:18)
#6      RenderObject.layout (package:flutter/src/rendering/object.dart:2923:7)
#7      RenderProxyBoxMixin.performLayout (package:flutter/src/rendering/proxy_box.dart:118:18)
#8      RenderObject.layout (package:flutter/src/rendering/object.dart:2923:7)
#9      RenderProxyBoxMixin.performLayout (package:flutter/src/rendering/proxy_box.dart:118:18)
#10     RenderObject.layout (package:flutter/src/rendering/object.dart:2923:7)
#11     RenderProxyBoxMixin.performLayout (package:flutter/src/rendering/proxy_box.dart:118:18)
#12     RenderObject.layout (package:flutter/src/rendering/object.dart:2923:7)
#13     RenderProxyBoxMixin.performLayout (package:flutter/src/rendering/proxy_box.dart:118:18)
#14     RenderObject.layout (package:flutter/src/rendering/object.dart:2923:7)
#15     RenderProxyBoxMixin.performLayout (package:flutter/src/rendering/proxy_box.dart:118:18)
#16     RenderObject.layout (package:flutter/src/rendering/object.dart:2923:7)
#17     RenderProxyBoxMixin.performLayout (package:flutter/src/rendering/proxy_box.dart:118:18)
#18     _RenderCustomClip.performLayout (package:flutter/src/rendering/proxy_box.dart:1549:11)
#19     RenderObject.layout (package:flutter/src/rendering/object.dart:2923:7)
#20     MultiChildLayoutDelegate.layoutChild (package:flutter/src/rendering/custom_layout.dart:180:12)
#21     _ScaffoldLayout.performLayout (package:flutter/src/material/scaffold.dart:1113:7)
#22     MultiChildLayoutDelegate._callPerformLayout (package:flutter/src/rendering/custom_layout.dart:246:7)
#23     RenderCustomMultiChildLayoutBox.performLayout (package:flutter/src/rendering/custom_layout.dart:417:14)
#24     RenderObject.layout (package:flutter/src/rendering/object.dart:2923:7)
#25     RenderProxyBoxMixin.performLayout (package:flutter/src/rendering/proxy_box.dart:118:18)
#26     RenderObject.layout (package:flutter/src/rendering/object.dart:2923:7)
#27     RenderProxyBoxMixin.performLayout (package:flutter/src/rendering/proxy_box.dart:118:18)
#28     _RenderCustomClip.performLayout (package:flutter/src/rendering/proxy_box.dart:1549:11)
#29     RenderObject.layout (package:flutter/src/rendering/object.dart:2923:7)
#30     RenderProxyBoxMixin.performLayout (package:flutter/src/rendering/proxy_box.dart:118:18)
#31     RenderObject.layout (package:flutter/src/rendering/object.dart:2923:7)
#32     RenderProxyBoxMixin.performLayout (package:flutter/src/rendering/proxy_box.dart:118:18)
#33     RenderObject.layout (package:flutter/src/rendering/object.dart:2923:7)
#34     RenderProxyBoxMixin.performLayout (package:flutter/src/rendering/proxy_box.dart:118:18)
#35     RenderObject.layout (package:flutter/src/rendering/object.dart:2923:7)
#36     RenderProxyBoxMixin.performLayout (package:flutter/src/rendering/proxy_box.dart:118:18)
#37     RenderObject.layout (package:flutter/src/rendering/object.dart:2923:7)
#38     RenderProxyBoxMixin.performLayout (package:flutter/src/rendering/proxy_box.dart:118:18)
#39     RenderObject.layout (package:flutter/src/rendering/object.dart:2923:7)
#40     RenderProxyBoxMixin.performLayout (package:flutter/src/rendering/proxy_box.dart:118:18)
#41     RenderObject.layout (package:flutter/src/rendering/object.dart:2923:7)
#42     RenderProxyBoxMixin.performLayout (package:flutter/src/rendering/proxy_box.dart:118:18)
#43     RenderObject.layout (package:flutter/src/rendering/object.dart:2923:7)
#44     RenderProxyBoxMixin.performLayout (package:flutter/src/rendering/proxy_box.dart:118:18)
#45     RenderObject.layout (package:flutter/src/rendering/object.dart:2923:7)
#46     RenderProxyBoxMixin.performLayout (package:flutter/src/rendering/proxy_box.dart:118:18)
#47     RenderObject.layout (package:flutter/src/rendering/object.dart:2923:7)
#48     RenderProxyBoxMixin.performLayout (package:flutter/src/rendering/proxy_box.dart:118:18)
#49     RenderObject.layout (package:flutter/src/rendering/object.dart:2923:7)
#50     RenderProxyBoxMixin.performLayout (package:flutter/src/rendering/proxy_box.dart:118:18)
#51     RenderObject.layout (package:flutter/src/rendering/object.dart:2923:7)
#52     RenderProxyBoxMixin.performLayout (package:flutter/src/rendering/proxy_box.dart:118:18)
#53     RenderObject.layout (package:flutter/src/rendering/object.dart:2923:7)
#54     RenderProxyBoxMixin.performLayout (package:flutter/src/rendering/proxy_box.dart:118:18)
#55     RenderObject.layout (package:flutter/src/rendering/object.dart:2923:7)
#56     RenderProxyBoxMixin.performLayout (package:flutter/src/rendering/proxy_box.dart:118:18)
#57     RenderObject.layout (package:flutter/src/rendering/object.dart:2923:7)
#58     RenderProxyBoxMixin.performLayout (package:flutter/src/rendering/proxy_box.dart:118:18)
#59     RenderObject.layout (package:flutter/src/rendering/object.dart:2923:7)
#60     RenderProxyBoxMixin.performLayout (package:flutter/src/rendering/proxy_box.dart:118:18)
#61     RenderOffstage.performLayout (package:flutter/src/rendering/proxy_box.dart:3923:13)
#62     RenderObject.layout (package:flutter/src/rendering/object.dart:2923:7)
#63     RenderProxyBoxMixin.performLayout (package:flutter/src/rendering/proxy_box.dart:118:18)
#64     RenderObject.layout (package:flutter/src/rendering/object.dart:2923:7)
#65     _RenderTheaterMixin.layoutChild (package:flutter/src/widgets/overlay.dart:1124:13)
#66     _RenderTheater.performLayout (package:flutter/src/widgets/overlay.dart:1482:9)
#67     RenderObject.layout (package:flutter/src/rendering/object.dart:2923:7)
#68     RenderProxyBoxMixin.performLayout (package:flutter/src/rendering/proxy_box.dart:118:18)
#69     RenderObject.layout (package:flutter/src/rendering/object.dart:2923:7)
#70     RenderProxyBoxMixin.performLayout (package:flutter/src/rendering/proxy_box.dart:118:18)
#71     RenderObject.layout (package:flutter/src/rendering/object.dart:2923:7)
#72     RenderProxyBoxMixin.performLayout (package:flutter/src/rendering/proxy_box.dart:118:18)
#73     RenderObject.layout (package:flutter/src/rendering/object.dart:2923:7)
#74     RenderProxyBoxMixin.performLayout (package:flutter/src/rendering/proxy_box.dart:118:18)
#75     RenderObject.layout (package:flutter/src/rendering/object.dart:2923:7)
#76     RenderProxyBoxMixin.performLayout (package:flutter/src/rendering/proxy_box.dart:118:18)
#77     RenderObject.layout (package:flutter/src/rendering/object.dart:2923:7)
#78     RenderProxyBoxMixin.performLayout (package:flutter/src/rendering/proxy_box.dart:118:18)
#79     RenderObject.layout (package:flutter/src/rendering/object.dart:2923:7)
#80     RenderProxyBoxMixin.performLayout (package:flutter/src/rendering/proxy_box.dart:118:18)
#81     RenderObject.layout (package:flutter/src/rendering/object.dart:2923:7)
#82     RenderProxyBoxMixin.performLayout (package:flutter/src/rendering/proxy_box.dart:118:18)
#83     RenderObject.layout (package:flutter/src/rendering/object.dart:2923:7)
#84     RenderProxyBoxMixin.performLayout (package:flutter/src/rendering/proxy_box.dart:118:18)
#85     RenderObject.layout (package:flutter/src/rendering/object.dart:2923:7)
#86     RenderView.performLayout (package:flutter/src/rendering/view.dart:292:12)
#87     RenderObject._layoutWithoutResize (package:flutter/src/rendering/object.dart:2771:7)
#88     PipelineOwner.flushLayout (package:flutter/src/rendering/object.dart:1174:18)
#89     PipelineOwner.flushLayout (package:flutter/src/rendering/object.dart:1187:15)
#90     AutomatedTestWidgetsFlutterBinding.drawFrame (package:flutter_test/src/binding.dart:2434:27)
#91     RendererBinding._handlePersistentFrameCallback (package:flutter/src/rendering/binding.dart:558:5)
#92     SchedulerBinding._invokeFrameCallback (package:flutter/src/scheduler/binding.dart:1430:15)
#93     SchedulerBinding.handleDrawFrame (package:flutter/src/scheduler/binding.dart:1345:9)
#94     AutomatedTestWidgetsFlutterBinding.pump.<anonymous closure> (package:flutter_test/src/binding.dart:2261:9)
#97     TestAsyncUtils.guard (package:flutter_test/src/test_async_utils.dart:74:41)
#98     AutomatedTestWidgetsFlutterBinding.pump (package:flutter_test/src/binding.dart:2250:27)
#99     WidgetTester.pumpWidget.<anonymous closure> (package:flutter_test/src/widget_tester.dart:598:22)
#102    TestAsyncUtils.guard (package:flutter_test/src/test_async_utils.dart:74:41)
#103    WidgetTester.pumpWidget (package:flutter_test/src/widget_tester.dart:595:27)
#104    main.<anonymous closure> (file:///C:/Projekty/moja_pierwsza_apka/test/widget_test.dart:7:18)
#105    testWidgets.<anonymous closure>.<anonymous closure> (package:flutter_test/src/widget_tester.dart:192:29)
<asynchronous suspension>
#106    TestWidgetsFlutterBinding._runTestBody (package:flutter_test/src/binding.dart:1953:5)
<asynchronous suspension>
<asynchronous suspension>
(elided 7 frames from class _AssertionError, dart:async, and package:stack_trace)

The following RenderObject was being processed when the exception was fired: RenderIgnorePointer#08431 relayoutBoundary=up8 NEEDS-LAYOUT NEEDS-PAINT NEEDS-COMPOSITING-BITS-UPDATE:
  creator: IgnorePointer-[GlobalKey#f087d] ÔćÉ Semantics ÔćÉ Listener ÔćÉ _GestureSemantics ÔćÉ
    RawGestureDetector-[LabeledGlobalKey<RawGestureDetectorState>#b423e] ÔćÉ Listener ÔćÉ _ScrollableScope
    ÔćÉ _ScrollSemantics-[GlobalKey#bbe7b] ÔćÉ NotificationListener<ScrollMetricsNotification> ÔćÉ Transform
    ÔćÉ StretchEffect ÔćÉ ClipRect ÔćÉ Ôő»
  parentData: <none> (can use size)
  constraints: BoxConstraints(0.0<=w<=800.0, 0.0<=h<=600.0)
  size: MISSING
  ignoring: false
  ignoringSemantics: null
This RenderObject had the following descendants (showing up to depth 5):
    child: _RenderSingleChildViewport#866ff relayoutBoundary=up9 NEEDS-PAINT NEEDS-COMPOSITING-BITS-UPDATE
      child: RenderPadding#58e1f relayoutBoundary=up10 NEEDS-PAINT NEEDS-COMPOSITING-BITS-UPDATE
        child: RenderPositionedBox#a8aa9 relayoutBoundary=up11 NEEDS-PAINT NEEDS-COMPOSITING-BITS-UPDATE
          child: RenderConstrainedBox#ee78e relayoutBoundary=up12 NEEDS-PAINT NEEDS-COMPOSITING-BITS-UPDATE
            child: RenderFlex#47833 relayoutBoundary=up13 NEEDS-PAINT NEEDS-COMPOSITING-BITS-UPDATE
ÔĽÉÔĽÉÔĽÉÔĽÉÔĽÉÔĽÉÔĽÉÔĽÉÔĽÉÔĽÉÔĽÉÔĽÉÔĽÉÔĽÉÔĽÉÔĽÉÔĽÉÔĽÉÔĽÉÔĽÉÔĽÉÔĽÉÔĽÉÔĽÉÔĽÉÔĽÉÔĽÉÔĽÉÔĽÉÔĽÉÔĽÉÔĽÉÔĽÉÔĽÉÔĽÉÔĽÉÔĽÉÔĽÉÔĽÉÔĽÉÔĽÉÔĽÉÔĽÉÔĽÉÔĽÉÔĽÉÔĽÉÔĽÉÔĽÉÔĽÉÔĽÉÔĽÉÔĽÉÔĽÉÔĽÉÔĽÉÔĽÉÔĽÉÔĽÉÔĽÉÔĽÉÔĽÉÔĽÉÔĽÉÔĽÉÔĽÉÔĽÉÔĽÉÔĽÉÔĽÉÔĽÉÔĽÉÔĽÉÔĽÉÔĽÉÔĽÉÔĽÉÔĽÉÔĽÉÔĽÉÔĽÉÔĽÉÔĽÉÔĽÉÔĽÉÔĽÉÔĽÉÔĽÉÔĽÉÔĽÉÔĽÉÔĽÉÔĽÉÔĽÉÔĽÉÔĽÉÔĽÉÔĽÉÔĽÉÔĽÉ
ÔĽÉÔĽÉÔĽí EXCEPTION CAUGHT BY RENDERING LIBRARY ÔĽ×ÔĽÉÔĽÉÔĽÉÔĽÉÔĽÉÔĽÉÔĽÉÔĽÉÔĽÉÔĽÉÔĽÉÔĽÉÔĽÉÔĽÉÔĽÉÔĽÉÔĽÉÔĽÉÔĽÉÔĽÉÔĽÉÔĽÉÔĽÉÔĽÉÔĽÉÔĽÉÔĽÉÔĽÉÔĽÉÔĽÉÔĽÉÔĽÉÔĽÉÔĽÉÔĽÉÔĽÉÔĽÉÔĽÉÔĽÉÔĽÉÔĽÉÔĽÉÔĽÉÔĽÉÔĽÉÔĽÉÔĽÉÔĽÉÔĽÉÔĽÉÔĽÉÔĽÉÔĽÉÔĽÉÔĽÉÔĽÉÔĽÉ
The following assertion was thrown during performLayout():
RenderBox was not laid out: RenderIgnorePointer#08431 relayoutBoundary=up8 NEEDS-PAINT
NEEDS-COMPOSITING-BITS-UPDATE
'package:flutter/src/rendering/box.dart':
Failed assertion: line 2251 pos 12: 'hasSize'

Either the assertion indicates an error in the framework itself, or we should provide substantially
more information in this error message to help you determine and fix the underlying cause.
In either case, please report this assertion by filing a bug on GitHub:
  https://github.com/flutter/flutter/issues/new?template=02_bug.yml

The relevant error-causing widget was:
  SingleChildScrollView
  SingleChildScrollView:file:///C:/Projekty/moja_pierwsza_apka/lib/main.dart:48:13

When the exception was thrown, this was the stack:
#2      RenderBox.size (package:flutter/src/rendering/box.dart:2251:12)
#3      RenderProxyBoxMixin.performLayout (package:flutter/src/rendering/proxy_box.dart:118:62)
#4      RenderObject.layout (package:flutter/src/rendering/object.dart:2923:7)
#5      RenderProxyBoxMixin.performLayout (package:flutter/src/rendering/proxy_box.dart:118:18)
#6      RenderObject.layout (package:flutter/src/rendering/object.dart:2923:7)
#7      RenderProxyBoxMixin.performLayout (package:flutter/src/rendering/proxy_box.dart:118:18)
#8      RenderObject.layout (package:flutter/src/rendering/object.dart:2923:7)
#9      RenderProxyBoxMixin.performLayout (package:flutter/src/rendering/proxy_box.dart:118:18)
#10     RenderObject.layout (package:flutter/src/rendering/object.dart:2923:7)
#11     RenderProxyBoxMixin.performLayout (package:flutter/src/rendering/proxy_box.dart:118:18)
#12     RenderObject.layout (package:flutter/src/rendering/object.dart:2923:7)
#13     RenderProxyBoxMixin.performLayout (package:flutter/src/rendering/proxy_box.dart:118:18)
#14     RenderObject.layout (package:flutter/src/rendering/object.dart:2923:7)
#15     RenderProxyBoxMixin.performLayout (package:flutter/src/rendering/proxy_box.dart:118:18)
#16     _RenderCustomClip.performLayout (package:flutter/src/rendering/proxy_box.dart:1549:11)
#17     RenderObject.layout (package:flutter/src/rendering/object.dart:2923:7)
#18     MultiChildLayoutDelegate.layoutChild (package:flutter/src/rendering/custom_layout.dart:180:12)
#19     _ScaffoldLayout.performLayout (package:flutter/src/material/scaffold.dart:1113:7)
#20     MultiChildLayoutDelegate._callPerformLayout (package:flutter/src/rendering/custom_layout.dart:246:7)
#21     RenderCustomMultiChildLayoutBox.performLayout (package:flutter/src/rendering/custom_layout.dart:417:14)
#22     RenderObject.layout (package:flutter/src/rendering/object.dart:2923:7)
#23     RenderProxyBoxMixin.performLayout (package:flutter/src/rendering/proxy_box.dart:118:18)
#24     RenderObject.layout (package:flutter/src/rendering/object.dart:2923:7)
#25     RenderProxyBoxMixin.performLayout (package:flutter/src/rendering/proxy_box.dart:118:18)
#26     _RenderCustomClip.performLayout (package:flutter/src/rendering/proxy_box.dart:1549:11)
#27     RenderObject.layout (package:flutter/src/rendering/object.dart:2923:7)
#28     RenderProxyBoxMixin.performLayout (package:flutter/src/rendering/proxy_box.dart:118:18)
#29     RenderObject.layout (package:flutter/src/rendering/object.dart:2923:7)
#30     RenderProxyBoxMixin.performLayout (package:flutter/src/rendering/proxy_box.dart:118:18)
#31     RenderObject.layout (package:flutter/src/rendering/object.dart:2923:7)
#32     RenderProxyBoxMixin.performLayout (package:flutter/src/rendering/proxy_box.dart:118:18)
#33     RenderObject.layout (package:flutter/src/rendering/object.dart:2923:7)
#34     RenderProxyBoxMixin.performLayout (package:flutter/src/rendering/proxy_box.dart:118:18)
#35     RenderObject.layout (package:flutter/src/rendering/object.dart:2923:7)
#36     RenderProxyBoxMixin.performLayout (package:flutter/src/rendering/proxy_box.dart:118:18)
#37     RenderObject.layout (package:flutter/src/rendering/object.dart:2923:7)
#38     RenderProxyBoxMixin.performLayout (package:flutter/src/rendering/proxy_box.dart:118:18)
#39     RenderObject.layout (package:flutter/src/rendering/object.dart:2923:7)
#40     RenderProxyBoxMixin.performLayout (package:flutter/src/rendering/proxy_box.dart:118:18)
#41     RenderObject.layout (package:flutter/src/rendering/object.dart:2923:7)
#42     RenderProxyBoxMixin.performLayout (package:flutter/src/rendering/proxy_box.dart:118:18)
#43     RenderObject.layout (package:flutter/src/rendering/object.dart:2923:7)
#44     RenderProxyBoxMixin.performLayout (package:flutter/src/rendering/proxy_box.dart:118:18)
#45     RenderObject.layout (package:flutter/src/rendering/object.dart:2923:7)
#46     RenderProxyBoxMixin.performLayout (package:flutter/src/rendering/proxy_box.dart:118:18)
#47     RenderObject.layout (package:flutter/src/rendering/object.dart:2923:7)
#48     RenderProxyBoxMixin.performLayout (package:flutter/src/rendering/proxy_box.dart:118:18)
#49     RenderObject.layout (package:flutter/src/rendering/object.dart:2923:7)
#50     RenderProxyBoxMixin.performLayout (package:flutter/src/rendering/proxy_box.dart:118:18)
#51     RenderObject.layout (package:flutter/src/rendering/object.dart:2923:7)
#52     RenderProxyBoxMixin.performLayout (package:flutter/src/rendering/proxy_box.dart:118:18)
#53     RenderObject.layout (package:flutter/src/rendering/object.dart:2923:7)
#54     RenderProxyBoxMixin.performLayout (package:flutter/src/rendering/proxy_box.dart:118:18)
#55     RenderObject.layout (package:flutter/src/rendering/object.dart:2923:7)
#56     RenderProxyBoxMixin.performLayout (package:flutter/src/rendering/proxy_box.dart:118:18)
#57     RenderObject.layout (package:flutter/src/rendering/object.dart:2923:7)
#58     RenderProxyBoxMixin.performLayout (package:flutter/src/rendering/proxy_box.dart:118:18)
#59     RenderOffstage.performLayout (package:flutter/src/rendering/proxy_box.dart:3923:13)
#60     RenderObject.layout (package:flutter/src/rendering/object.dart:2923:7)
#61     RenderProxyBoxMixin.performLayout (package:flutter/src/rendering/proxy_box.dart:118:18)
#62     RenderObject.layout (package:flutter/src/rendering/object.dart:2923:7)
#63     _RenderTheaterMixin.layoutChild (package:flutter/src/widgets/overlay.dart:1124:13)
#64     _RenderTheater.performLayout (package:flutter/src/widgets/overlay.dart:1482:9)
#65     RenderObject.layout (package:flutter/src/rendering/object.dart:2923:7)
#66     RenderProxyBoxMixin.performLayout (package:flutter/src/rendering/proxy_box.dart:118:18)
#67     RenderObject.layout (package:flutter/src/rendering/object.dart:2923:7)
#68     RenderProxyBoxMixin.performLayout (package:flutter/src/rendering/proxy_box.dart:118:18)
#69     RenderObject.layout (package:flutter/src/rendering/object.dart:2923:7)
#70     RenderProxyBoxMixin.performLayout (package:flutter/src/rendering/proxy_box.dart:118:18)
#71     RenderObject.layout (package:flutter/src/rendering/object.dart:2923:7)
#72     RenderProxyBoxMixin.performLayout (package:flutter/src/rendering/proxy_box.dart:118:18)
#73     RenderObject.layout (package:flutter/src/rendering/object.dart:2923:7)
#74     RenderProxyBoxMixin.performLayout (package:flutter/src/rendering/proxy_box.dart:118:18)
#75     RenderObject.layout (package:flutter/src/rendering/object.dart:2923:7)
#76     RenderProxyBoxMixin.performLayout (package:flutter/src/rendering/proxy_box.dart:118:18)
#77     RenderObject.layout (package:flutter/src/rendering/object.dart:2923:7)
#78     RenderProxyBoxMixin.performLayout (package:flutter/src/rendering/proxy_box.dart:118:18)
#79     RenderObject.layout (package:flutter/src/rendering/object.dart:2923:7)
#80     RenderProxyBoxMixin.performLayout (package:flutter/src/rendering/proxy_box.dart:118:18)
#81     RenderObject.layout (package:flutter/src/rendering/object.dart:2923:7)
#82     RenderProxyBoxMixin.performLayout (package:flutter/src/rendering/proxy_box.dart:118:18)
#83     RenderObject.layout (package:flutter/src/rendering/object.dart:2923:7)
#84     RenderView.performLayout (package:flutter/src/rendering/view.dart:292:12)
#85     RenderObject._layoutWithoutResize (package:flutter/src/rendering/object.dart:2771:7)
#86     PipelineOwner.flushLayout (package:flutter/src/rendering/object.dart:1174:18)
#87     PipelineOwner.flushLayout (package:flutter/src/rendering/object.dart:1187:15)
#88     AutomatedTestWidgetsFlutterBinding.drawFrame (package:flutter_test/src/binding.dart:2434:27)
#89     RendererBinding._handlePersistentFrameCallback (package:flutter/src/rendering/binding.dart:558:5)
#90     SchedulerBinding._invokeFrameCallback (package:flutter/src/scheduler/binding.dart:1430:15)
#91     SchedulerBinding.handleDrawFrame (package:flutter/src/scheduler/binding.dart:1345:9)
#92     AutomatedTestWidgetsFlutterBinding.pump.<anonymous closure> (package:flutter_test/src/binding.dart:2261:9)
#95     TestAsyncUtils.guard (package:flutter_test/src/test_async_utils.dart:74:41)
#96     AutomatedTestWidgetsFlutterBinding.pump (package:flutter_test/src/binding.dart:2250:27)
#97     WidgetTester.pumpWidget.<anonymous closure> (package:flutter_test/src/widget_tester.dart:598:22)
#100    TestAsyncUtils.guard (package:flutter_test/src/test_async_utils.dart:74:41)
#101    WidgetTester.pumpWidget (package:flutter_test/src/widget_tester.dart:595:27)
#102    main.<anonymous closure> (file:///C:/Projekty/moja_pierwsza_apka/test/widget_test.dart:7:18)
#103    testWidgets.<anonymous closure>.<anonymous closure> (package:flutter_test/src/widget_tester.dart:192:29)
<asynchronous suspension>
#104    TestWidgetsFlutterBinding._runTestBody (package:flutter_test/src/binding.dart:1953:5)
<asynchronous suspension>
<asynchronous suspension>
(elided 7 frames from class _AssertionError, dart:async, and package:stack_trace)

The following RenderObject was being processed when the exception was fired: RenderSemanticsAnnotations#5b2b7 relayoutBoundary=up7 NEEDS-LAYOUT NEEDS-PAINT NEEDS-COMPOSITING-BITS-UPDATE:
  creator: Semantics ÔćÉ Listener ÔćÉ _GestureSemantics ÔćÉ
    RawGestureDetector-[LabeledGlobalKey<RawGestureDetectorState>#b423e] ÔćÉ Listener ÔćÉ _ScrollableScope
    ÔćÉ _ScrollSemantics-[GlobalKey#bbe7b] ÔćÉ NotificationListener<ScrollMetricsNotification> ÔćÉ Transform
    ÔćÉ StretchEffect ÔćÉ ClipRect ÔćÉ AnimatedBuilder ÔćÉ Ôő»
  parentData: <none> (can use size)
  constraints: BoxConstraints(0.0<=w<=800.0, 0.0<=h<=600.0)
  size: MISSING
This RenderObject had the following descendants (showing up to depth 5):
    child: RenderIgnorePointer#08431 relayoutBoundary=up8 NEEDS-PAINT NEEDS-COMPOSITING-BITS-UPDATE
      child: _RenderSingleChildViewport#866ff relayoutBoundary=up9 NEEDS-PAINT NEEDS-COMPOSITING-BITS-UPDATE
        child: RenderPadding#58e1f relayoutBoundary=up10 NEEDS-PAINT NEEDS-COMPOSITING-BITS-UPDATE
          child: RenderPositionedBox#a8aa9 relayoutBoundary=up11 NEEDS-PAINT NEEDS-COMPOSITING-BITS-UPDATE
            child: RenderConstrainedBox#ee78e relayoutBoundary=up12 NEEDS-PAINT NEEDS-COMPOSITING-BITS-UPDATE
ÔĽÉÔĽÉÔĽÉÔĽÉÔĽÉÔĽÉÔĽÉÔĽÉÔĽÉÔĽÉÔĽÉÔĽÉÔĽÉÔĽÉÔĽÉÔĽÉÔĽÉÔĽÉÔĽÉÔĽÉÔĽÉÔĽÉÔĽÉÔĽÉÔĽÉÔĽÉÔĽÉÔĽÉÔĽÉÔĽÉÔĽÉÔĽÉÔĽÉÔĽÉÔĽÉÔĽÉÔĽÉÔĽÉÔĽÉÔĽÉÔĽÉÔĽÉÔĽÉÔĽÉÔĽÉÔĽÉÔĽÉÔĽÉÔĽÉÔĽÉÔĽÉÔĽÉÔĽÉÔĽÉÔĽÉÔĽÉÔĽÉÔĽÉÔĽÉÔĽÉÔĽÉÔĽÉÔĽÉÔĽÉÔĽÉÔĽÉÔĽÉÔĽÉÔĽÉÔĽÉÔĽÉÔĽÉÔĽÉÔĽÉÔĽÉÔĽÉÔĽÉÔĽÉÔĽÉÔĽÉÔĽÉÔĽÉÔĽÉÔĽÉÔĽÉÔĽÉÔĽÉÔĽÉÔĽÉÔĽÉÔĽÉÔĽÉÔĽÉÔĽÉÔĽÉÔĽÉÔĽÉÔĽÉÔĽÉÔĽÉ
ÔĽÉÔĽÉÔĽí EXCEPTION CAUGHT BY RENDERING LIBRARY ÔĽ×ÔĽÉÔĽÉÔĽÉÔĽÉÔĽÉÔĽÉÔĽÉÔĽÉÔĽÉÔĽÉÔĽÉÔĽÉÔĽÉÔĽÉÔĽÉÔĽÉÔĽÉÔĽÉÔĽÉÔĽÉÔĽÉÔĽÉÔĽÉÔĽÉÔĽÉÔĽÉÔĽÉÔĽÉÔĽÉÔĽÉÔĽÉÔĽÉÔĽÉÔĽÉÔĽÉÔĽÉÔĽÉÔĽÉÔĽÉÔĽÉÔĽÉÔĽÉÔĽÉÔĽÉÔĽÉÔĽÉÔĽÉÔĽÉÔĽÉÔĽÉÔĽÉÔĽÉÔĽÉÔĽÉÔĽÉÔĽÉÔĽÉ
The following assertion was thrown during performLayout():
RenderBox was not laid out: RenderSemanticsAnnotations#5b2b7 relayoutBoundary=up7 NEEDS-PAINT
NEEDS-COMPOSITING-BITS-UPDATE
'package:flutter/src/rendering/box.dart':
Failed assertion: line 2251 pos 12: 'hasSize'

Either the assertion indicates an error in the framework itself, or we should provide substantially
more information in this error message to help you determine and fix the underlying cause.
In either case, please report this assertion by filing a bug on GitHub:
  https://github.com/flutter/flutter/issues/new?template=02_bug.yml

The relevant error-causing widget was:
  SingleChildScrollView
  SingleChildScrollView:file:///C:/Projekty/moja_pierwsza_apka/lib/main.dart:48:13

When the exception was thrown, this was the stack:
#2      RenderBox.size (package:flutter/src/rendering/box.dart:2251:12)
#3      RenderProxyBoxMixin.performLayout (package:flutter/src/rendering/proxy_box.dart:118:62)
#4      RenderObject.layout (package:flutter/src/rendering/object.dart:2923:7)
#5      RenderProxyBoxMixin.performLayout (package:flutter/src/rendering/proxy_box.dart:118:18)
#6      RenderObject.layout (package:flutter/src/rendering/object.dart:2923:7)
#7      RenderProxyBoxMixin.performLayout (package:flutter/src/rendering/proxy_box.dart:118:18)
#8      RenderObject.layout (package:flutter/src/rendering/object.dart:2923:7)
#9      RenderProxyBoxMixin.performLayout (package:flutter/src/rendering/proxy_box.dart:118:18)
#10     RenderObject.layout (package:flutter/src/rendering/object.dart:2923:7)
#11     RenderProxyBoxMixin.performLayout (package:flutter/src/rendering/proxy_box.dart:118:18)
#12     RenderObject.layout (package:flutter/src/rendering/object.dart:2923:7)
#13     RenderProxyBoxMixin.performLayout (package:flutter/src/rendering/proxy_box.dart:118:18)
#14     _RenderCustomClip.performLayout (package:flutter/src/rendering/proxy_box.dart:1549:11)
#15     RenderObject.layout (package:flutter/src/rendering/object.dart:2923:7)
#16     MultiChildLayoutDelegate.layoutChild (package:flutter/src/rendering/custom_layout.dart:180:12)
#17     _ScaffoldLayout.performLayout (package:flutter/src/material/scaffold.dart:1113:7)
#18     MultiChildLayoutDelegate._callPerformLayout (package:flutter/src/rendering/custom_layout.dart:246:7)
#19     RenderCustomMultiChildLayoutBox.performLayout (package:flutter/src/rendering/custom_layout.dart:417:14)
#20     RenderObject.layout (package:flutter/src/rendering/object.dart:2923:7)
#21     RenderProxyBoxMixin.performLayout (package:flutter/src/rendering/proxy_box.dart:118:18)
#22     RenderObject.layout (package:flutter/src/rendering/object.dart:2923:7)
#23     RenderProxyBoxMixin.performLayout (package:flutter/src/rendering/proxy_box.dart:118:18)
#24     _RenderCustomClip.performLayout (package:flutter/src/rendering/proxy_box.dart:1549:11)
#25     RenderObject.layout (package:flutter/src/rendering/object.dart:2923:7)
#26     RenderProxyBoxMixin.performLayout (package:flutter/src/rendering/proxy_box.dart:118:18)
#27     RenderObject.layout (package:flutter/src/rendering/object.dart:2923:7)
#28     RenderProxyBoxMixin.performLayout (package:flutter/src/rendering/proxy_box.dart:118:18)
#29     RenderObject.layout (package:flutter/src/rendering/object.dart:2923:7)
#30     RenderProxyBoxMixin.performLayout (package:flutter/src/rendering/proxy_box.dart:118:18)
#31     RenderObject.layout (package:flutter/src/rendering/object.dart:2923:7)
#32     RenderProxyBoxMixin.performLayout (package:flutter/src/rendering/proxy_box.dart:118:18)
#33     RenderObject.layout (package:flutter/src/rendering/object.dart:2923:7)
#34     RenderProxyBoxMixin.performLayout (package:flutter/src/rendering/proxy_box.dart:118:18)
#35     RenderObject.layout (package:flutter/src/rendering/object.dart:2923:7)
#36     RenderProxyBoxMixin.performLayout (package:flutter/src/rendering/proxy_box.dart:118:18)
#37     RenderObject.layout (package:flutter/src/rendering/object.dart:2923:7)
#38     RenderProxyBoxMixin.performLayout (package:flutter/src/rendering/proxy_box.dart:118:18)
#39     RenderObject.layout (package:flutter/src/rendering/object.dart:2923:7)
#40     RenderProxyBoxMixin.performLayout (package:flutter/src/rendering/proxy_box.dart:118:18)
#41     RenderObject.layout (package:flutter/src/rendering/object.dart:2923:7)
#42     RenderProxyBoxMixin.performLayout (package:flutter/src/rendering/proxy_box.dart:118:18)
#43     RenderObject.layout (package:flutter/src/rendering/object.dart:2923:7)
#44     RenderProxyBoxMixin.performLayout (package:flutter/src/rendering/proxy_box.dart:118:18)
#45     RenderObject.layout (package:flutter/src/rendering/object.dart:2923:7)
#46     RenderProxyBoxMixin.performLayout (package:flutter/src/rendering/proxy_box.dart:118:18)
#47     RenderObject.layout (package:flutter/src/rendering/object.dart:2923:7)
#48     RenderProxyBoxMixin.performLayout (package:flutter/src/rendering/proxy_box.dart:118:18)
#49     RenderObject.layout (package:flutter/src/rendering/object.dart:2923:7)
#50     RenderProxyBoxMixin.performLayout (package:flutter/src/rendering/proxy_box.dart:118:18)
#51     RenderObject.layout (package:flutter/src/rendering/object.dart:2923:7)
#52     RenderProxyBoxMixin.performLayout (package:flutter/src/rendering/proxy_box.dart:118:18)
#53     RenderObject.layout (package:flutter/src/rendering/object.dart:2923:7)
#54     RenderProxyBoxMixin.performLayout (package:flutter/src/rendering/proxy_box.dart:118:18)
#55     RenderObject.layout (package:flutter/src/rendering/object.dart:2923:7)
#56     RenderProxyBoxMixin.performLayout (package:flutter/src/rendering/proxy_box.dart:118:18)
#57     RenderOffstage.performLayout (package:flutter/src/rendering/proxy_box.dart:3923:13)
#58     RenderObject.layout (package:flutter/src/rendering/object.dart:2923:7)
#59     RenderProxyBoxMixin.performLayout (package:flutter/src/rendering/proxy_box.dart:118:18)
#60     RenderObject.layout (package:flutter/src/rendering/object.dart:2923:7)
#61     _RenderTheaterMixin.layoutChild (package:flutter/src/widgets/overlay.dart:1124:13)
#62     _RenderTheater.performLayout (package:flutter/src/widgets/overlay.dart:1482:9)
#63     RenderObject.layout (package:flutter/src/rendering/object.dart:2923:7)
#64     RenderProxyBoxMixin.performLayout (package:flutter/src/rendering/proxy_box.dart:118:18)
#65     RenderObject.layout (package:flutter/src/rendering/object.dart:2923:7)
#66     RenderProxyBoxMixin.performLayout (package:flutter/src/rendering/proxy_box.dart:118:18)
#67     RenderObject.layout (package:flutter/src/rendering/object.dart:2923:7)
#68     RenderProxyBoxMixin.performLayout (package:flutter/src/rendering/proxy_box.dart:118:18)
#69     RenderObject.layout (package:flutter/src/rendering/object.dart:2923:7)
#70     RenderProxyBoxMixin.performLayout (package:flutter/src/rendering/proxy_box.dart:118:18)
#71     RenderObject.layout (package:flutter/src/rendering/object.dart:2923:7)
#72     RenderProxyBoxMixin.performLayout (package:flutter/src/rendering/proxy_box.dart:118:18)
#73     RenderObject.layout (package:flutter/src/rendering/object.dart:2923:7)
#74     RenderProxyBoxMixin.performLayout (package:flutter/src/rendering/proxy_box.dart:118:18)
#75     RenderObject.layout (package:flutter/src/rendering/object.dart:2923:7)
#76     RenderProxyBoxMixin.performLayout (package:flutter/src/rendering/proxy_box.dart:118:18)
#77     RenderObject.layout (package:flutter/src/rendering/object.dart:2923:7)
#78     RenderProxyBoxMixin.performLayout (package:flutter/src/rendering/proxy_box.dart:118:18)
#79     RenderObject.layout (package:flutter/src/rendering/object.dart:2923:7)
#80     RenderProxyBoxMixin.performLayout (package:flutter/src/rendering/proxy_box.dart:118:18)
#81     RenderObject.layout (package:flutter/src/rendering/object.dart:2923:7)
#82     RenderView.performLayout (package:flutter/src/rendering/view.dart:292:12)
#83     RenderObject._layoutWithoutResize (package:flutter/src/rendering/object.dart:2771:7)
#84     PipelineOwner.flushLayout (package:flutter/src/rendering/object.dart:1174:18)
#85     PipelineOwner.flushLayout (package:flutter/src/rendering/object.dart:1187:15)
#86     AutomatedTestWidgetsFlutterBinding.drawFrame (package:flutter_test/src/binding.dart:2434:27)
#87     RendererBinding._handlePersistentFrameCallback (package:flutter/src/rendering/binding.dart:558:5)
#88     SchedulerBinding._invokeFrameCallback (package:flutter/src/scheduler/binding.dart:1430:15)
#89     SchedulerBinding.handleDrawFrame (package:flutter/src/scheduler/binding.dart:1345:9)
#90     AutomatedTestWidgetsFlutterBinding.pump.<anonymous closure> (package:flutter_test/src/binding.dart:2261:9)
#93     TestAsyncUtils.guard (package:flutter_test/src/test_async_utils.dart:74:41)
#94     AutomatedTestWidgetsFlutterBinding.pump (package:flutter_test/src/binding.dart:2250:27)
#95     WidgetTester.pumpWidget.<anonymous closure> (package:flutter_test/src/widget_tester.dart:598:22)
#98     TestAsyncUtils.guard (package:flutter_test/src/test_async_utils.dart:74:41)
#99     WidgetTester.pumpWidget (package:flutter_test/src/widget_tester.dart:595:27)
#100    main.<anonymous closure> (file:///C:/Projekty/moja_pierwsza_apka/test/widget_test.dart:7:18)
#101    testWidgets.<anonymous closure>.<anonymous closure> (package:flutter_test/src/widget_tester.dart:192:29)
<asynchronous suspension>
#102    TestWidgetsFlutterBinding._runTestBody (package:flutter_test/src/binding.dart:1953:5)
<asynchronous suspension>
<asynchronous suspension>
(elided 7 frames from class _AssertionError, dart:async, and package:stack_trace)

The following RenderObject was being processed when the exception was fired: RenderPointerListener#60ea8 relayoutBoundary=up6 NEEDS-LAYOUT NEEDS-PAINT NEEDS-COMPOSITING-BITS-UPDATE:
  creator: Listener ÔćÉ _GestureSemantics ÔćÉ
    RawGestureDetector-[LabeledGlobalKey<RawGestureDetectorState>#b423e] ÔćÉ Listener ÔćÉ _ScrollableScope
    ÔćÉ _ScrollSemantics-[GlobalKey#bbe7b] ÔćÉ NotificationListener<ScrollMetricsNotification> ÔćÉ Transform
    ÔćÉ StretchEffect ÔćÉ ClipRect ÔćÉ AnimatedBuilder ÔćÉ NotificationListener<ScrollNotification> ÔćÉ Ôő»
  parentData: <none> (can use size)
  constraints: BoxConstraints(0.0<=w<=800.0, 0.0<=h<=600.0)
  size: MISSING
  behavior: opaque
  listeners: down, panZoomStart
This RenderObject had the following descendants (showing up to depth 5):
    child: RenderSemanticsAnnotations#5b2b7 relayoutBoundary=up7 NEEDS-PAINT NEEDS-COMPOSITING-BITS-UPDATE
      child: RenderIgnorePointer#08431 relayoutBoundary=up8 NEEDS-PAINT NEEDS-COMPOSITING-BITS-UPDATE
        child: _RenderSingleChildViewport#866ff relayoutBoundary=up9 NEEDS-PAINT NEEDS-COMPOSITING-BITS-UPDATE
          child: RenderPadding#58e1f relayoutBoundary=up10 NEEDS-PAINT NEEDS-COMPOSITING-BITS-UPDATE
            child: RenderPositionedBox#a8aa9 relayoutBoundary=up11 NEEDS-PAINT NEEDS-COMPOSITING-BITS-UPDATE
ÔĽÉÔĽÉÔĽÉÔĽÉÔĽÉÔĽÉÔĽÉÔĽÉÔĽÉÔĽÉÔĽÉÔĽÉÔĽÉÔĽÉÔĽÉÔĽÉÔĽÉÔĽÉÔĽÉÔĽÉÔĽÉÔĽÉÔĽÉÔĽÉÔĽÉÔĽÉÔĽÉÔĽÉÔĽÉÔĽÉÔĽÉÔĽÉÔĽÉÔĽÉÔĽÉÔĽÉÔĽÉÔĽÉÔĽÉÔĽÉÔĽÉÔĽÉÔĽÉÔĽÉÔĽÉÔĽÉÔĽÉÔĽÉÔĽÉÔĽÉÔĽÉÔĽÉÔĽÉÔĽÉÔĽÉÔĽÉÔĽÉÔĽÉÔĽÉÔĽÉÔĽÉÔĽÉÔĽÉÔĽÉÔĽÉÔĽÉÔĽÉÔĽÉÔĽÉÔĽÉÔĽÉÔĽÉÔĽÉÔĽÉÔĽÉÔĽÉÔĽÉÔĽÉÔĽÉÔĽÉÔĽÉÔĽÉÔĽÉÔĽÉÔĽÉÔĽÉÔĽÉÔĽÉÔĽÉÔĽÉÔĽÉÔĽÉÔĽÉÔĽÉÔĽÉÔĽÉÔĽÉÔĽÉÔĽÉÔĽÉ
ÔĽÉÔĽÉÔĽí EXCEPTION CAUGHT BY RENDERING LIBRARY ÔĽ×ÔĽÉÔĽÉÔĽÉÔĽÉÔĽÉÔĽÉÔĽÉÔĽÉÔĽÉÔĽÉÔĽÉÔĽÉÔĽÉÔĽÉÔĽÉÔĽÉÔĽÉÔĽÉÔĽÉÔĽÉÔĽÉÔĽÉÔĽÉÔĽÉÔĽÉÔĽÉÔĽÉÔĽÉÔĽÉÔĽÉÔĽÉÔĽÉÔĽÉÔĽÉÔĽÉÔĽÉÔĽÉÔĽÉÔĽÉÔĽÉÔĽÉÔĽÉÔĽÉÔĽÉÔĽÉÔĽÉÔĽÉÔĽÉÔĽÉÔĽÉÔĽÉÔĽÉÔĽÉÔĽÉÔĽÉÔĽÉÔĽÉ
The following assertion was thrown during performLayout():
RenderBox was not laid out: RenderPointerListener#60ea8 relayoutBoundary=up6 NEEDS-PAINT
NEEDS-COMPOSITING-BITS-UPDATE
'package:flutter/src/rendering/box.dart':
Failed assertion: line 2251 pos 12: 'hasSize'

Either the assertion indicates an error in the framework itself, or we should provide substantially
more information in this error message to help you determine and fix the underlying cause.
In either case, please report this assertion by filing a bug on GitHub:
  https://github.com/flutter/flutter/issues/new?template=02_bug.yml

The relevant error-causing widget was:
  SingleChildScrollView
  SingleChildScrollView:file:///C:/Projekty/moja_pierwsza_apka/lib/main.dart:48:13

When the exception was thrown, this was the stack:
#2      RenderBox.size (package:flutter/src/rendering/box.dart:2251:12)
#3      RenderProxyBoxMixin.performLayout (package:flutter/src/rendering/proxy_box.dart:118:62)
#4      RenderObject.layout (package:flutter/src/rendering/object.dart:2923:7)
#5      RenderProxyBoxMixin.performLayout (package:flutter/src/rendering/proxy_box.dart:118:18)
#6      RenderObject.layout (package:flutter/src/rendering/object.dart:2923:7)
#7      RenderProxyBoxMixin.performLayout (package:flutter/src/rendering/proxy_box.dart:118:18)
#8      RenderObject.layout (package:flutter/src/rendering/object.dart:2923:7)
#9      RenderProxyBoxMixin.performLayout (package:flutter/src/rendering/proxy_box.dart:118:18)
#10     RenderObject.layout (package:flutter/src/rendering/object.dart:2923:7)
#11     RenderProxyBoxMixin.performLayout (package:flutter/src/rendering/proxy_box.dart:118:18)
#12     _RenderCustomClip.performLayout (package:flutter/src/rendering/proxy_box.dart:1549:11)
#13     RenderObject.layout (package:flutter/src/rendering/object.dart:2923:7)
#14     MultiChildLayoutDelegate.layoutChild (package:flutter/src/rendering/custom_layout.dart:180:12)
#15     _ScaffoldLayout.performLayout (package:flutter/src/material/scaffold.dart:1113:7)
#16     MultiChildLayoutDelegate._callPerformLayout (package:flutter/src/rendering/custom_layout.dart:246:7)
#17     RenderCustomMultiChildLayoutBox.performLayout (package:flutter/src/rendering/custom_layout.dart:417:14)
#18     RenderObject.layout (package:flutter/src/rendering/object.dart:2923:7)
#19     RenderProxyBoxMixin.performLayout (package:flutter/src/rendering/proxy_box.dart:118:18)
#20     RenderObject.layout (package:flutter/src/rendering/object.dart:2923:7)
#21     RenderProxyBoxMixin.performLayout (package:flutter/src/rendering/proxy_box.dart:118:18)
#22     _RenderCustomClip.performLayout (package:flutter/src/rendering/proxy_box.dart:1549:11)
#23     RenderObject.layout (package:flutter/src/rendering/object.dart:2923:7)
#24     RenderProxyBoxMixin.performLayout (package:flutter/src/rendering/proxy_box.dart:118:18)
#25     RenderObject.layout (package:flutter/src/rendering/object.dart:2923:7)
#26     RenderProxyBoxMixin.performLayout (package:flutter/src/rendering/proxy_box.dart:118:18)
#27     RenderObject.layout (package:flutter/src/rendering/object.dart:2923:7)
#28     RenderProxyBoxMixin.performLayout (package:flutter/src/rendering/proxy_box.dart:118:18)
#29     RenderObject.layout (package:flutter/src/rendering/object.dart:2923:7)
#30     RenderProxyBoxMixin.performLayout (package:flutter/src/rendering/proxy_box.dart:118:18)
#31     RenderObject.layout (package:flutter/src/rendering/object.dart:2923:7)
#32     RenderProxyBoxMixin.performLayout (package:flutter/src/rendering/proxy_box.dart:118:18)
#33     RenderObject.layout (package:flutter/src/rendering/object.dart:2923:7)
#34     RenderProxyBoxMixin.performLayout (package:flutter/src/rendering/proxy_box.dart:118:18)
#35     RenderObject.layout (package:flutter/src/rendering/object.dart:2923:7)
#36     RenderProxyBoxMixin.performLayout (package:flutter/src/rendering/proxy_box.dart:118:18)
#37     RenderObject.layout (package:flutter/src/rendering/object.dart:2923:7)
#38     RenderProxyBoxMixin.performLayout (package:flutter/src/rendering/proxy_box.dart:118:18)
#39     RenderObject.layout (package:flutter/src/rendering/object.dart:2923:7)
#40     RenderProxyBoxMixin.performLayout (package:flutter/src/rendering/proxy_box.dart:118:18)
#41     RenderObject.layout (package:flutter/src/rendering/object.dart:2923:7)
#42     RenderProxyBoxMixin.performLayout (package:flutter/src/rendering/proxy_box.dart:118:18)
#43     RenderObject.layout (package:flutter/src/rendering/object.dart:2923:7)
#44     RenderProxyBoxMixin.performLayout (package:flutter/src/rendering/proxy_box.dart:118:18)
#45     RenderObject.layout (package:flutter/src/rendering/object.dart:2923:7)
#46     RenderProxyBoxMixin.performLayout (package:flutter/src/rendering/proxy_box.dart:118:18)
#47     RenderObject.layout (package:flutter/src/rendering/object.dart:2923:7)
#48     RenderProxyBoxMixin.performLayout (package:flutter/src/rendering/proxy_box.dart:118:18)
#49     RenderObject.layout (package:flutter/src/rendering/object.dart:2923:7)
#50     RenderProxyBoxMixin.performLayout (package:flutter/src/rendering/proxy_box.dart:118:18)
#51     RenderObject.layout (package:flutter/src/rendering/object.dart:2923:7)
#52     RenderProxyBoxMixin.performLayout (package:flutter/src/rendering/proxy_box.dart:118:18)
#53     RenderObject.layout (package:flutter/src/rendering/object.dart:2923:7)
#54     RenderProxyBoxMixin.performLayout (package:flutter/src/rendering/proxy_box.dart:118:18)
#55     RenderOffstage.performLayout (package:flutter/src/rendering/proxy_box.dart:3923:13)
#56     RenderObject.layout (package:flutter/src/rendering/object.dart:2923:7)
#57     RenderProxyBoxMixin.performLayout (package:flutter/src/rendering/proxy_box.dart:118:18)
#58     RenderObject.layout (package:flutter/src/rendering/object.dart:2923:7)
#59     _RenderTheaterMixin.layoutChild (package:flutter/src/widgets/overlay.dart:1124:13)
#60     _RenderTheater.performLayout (package:flutter/src/widgets/overlay.dart:1482:9)
#61     RenderObject.layout (package:flutter/src/rendering/object.dart:2923:7)
#62     RenderProxyBoxMixin.performLayout (package:flutter/src/rendering/proxy_box.dart:118:18)
#63     RenderObject.layout (package:flutter/src/rendering/object.dart:2923:7)
#64     RenderProxyBoxMixin.performLayout (package:flutter/src/rendering/proxy_box.dart:118:18)
#65     RenderObject.layout (package:flutter/src/rendering/object.dart:2923:7)
#66     RenderProxyBoxMixin.performLayout (package:flutter/src/rendering/proxy_box.dart:118:18)
#67     RenderObject.layout (package:flutter/src/rendering/object.dart:2923:7)
#68     RenderProxyBoxMixin.performLayout (package:flutter/src/rendering/proxy_box.dart:118:18)
#69     RenderObject.layout (package:flutter/src/rendering/object.dart:2923:7)
#70     RenderProxyBoxMixin.performLayout (package:flutter/src/rendering/proxy_box.dart:118:18)
#71     RenderObject.layout (package:flutter/src/rendering/object.dart:2923:7)
#72     RenderProxyBoxMixin.performLayout (package:flutter/src/rendering/proxy_box.dart:118:18)
#73     RenderObject.layout (package:flutter/src/rendering/object.dart:2923:7)
#74     RenderProxyBoxMixin.performLayout (package:flutter/src/rendering/proxy_box.dart:118:18)
#75     RenderObject.layout (package:flutter/src/rendering/object.dart:2923:7)
#76     RenderProxyBoxMixin.performLayout (package:flutter/src/rendering/proxy_box.dart:118:18)
#77     RenderObject.layout (package:flutter/src/rendering/object.dart:2923:7)
#78     RenderProxyBoxMixin.performLayout (package:flutter/src/rendering/proxy_box.dart:118:18)
#79     RenderObject.layout (package:flutter/src/rendering/object.dart:2923:7)
#80     RenderView.performLayout (package:flutter/src/rendering/view.dart:292:12)
#81     RenderObject._layoutWithoutResize (package:flutter/src/rendering/object.dart:2771:7)
#82     PipelineOwner.flushLayout (package:flutter/src/rendering/object.dart:1174:18)
#83     PipelineOwner.flushLayout (package:flutter/src/rendering/object.dart:1187:15)
#84     AutomatedTestWidgetsFlutterBinding.drawFrame (package:flutter_test/src/binding.dart:2434:27)
#85     RendererBinding._handlePersistentFrameCallback (package:flutter/src/rendering/binding.dart:558:5)
#86     SchedulerBinding._invokeFrameCallback (package:flutter/src/scheduler/binding.dart:1430:15)
#87     SchedulerBinding.handleDrawFrame (package:flutter/src/scheduler/binding.dart:1345:9)
#88     AutomatedTestWidgetsFlutterBinding.pump.<anonymous closure> (package:flutter_test/src/binding.dart:2261:9)
#91     TestAsyncUtils.guard (package:flutter_test/src/test_async_utils.dart:74:41)
#92     AutomatedTestWidgetsFlutterBinding.pump (package:flutter_test/src/binding.dart:2250:27)
#93     WidgetTester.pumpWidget.<anonymous closure> (package:flutter_test/src/widget_tester.dart:598:22)
#96     TestAsyncUtils.guard (package:flutter_test/src/test_async_utils.dart:74:41)
#97     WidgetTester.pumpWidget (package:flutter_test/src/widget_tester.dart:595:27)
#98     main.<anonymous closure> (file:///C:/Projekty/moja_pierwsza_apka/test/widget_test.dart:7:18)
#99     testWidgets.<anonymous closure>.<anonymous closure> (package:flutter_test/src/widget_tester.dart:192:29)
<asynchronous suspension>
#100    TestWidgetsFlutterBinding._runTestBody (package:flutter_test/src/binding.dart:1953:5)
<asynchronous suspension>
<asynchronous suspension>
(elided 7 frames from class _AssertionError, dart:async, and package:stack_trace)

The following RenderObject was being processed when the exception was fired: RenderSemanticsGestureHandler#06d73 relayoutBoundary=up5 NEEDS-LAYOUT NEEDS-PAINT NEEDS-COMPOSITING-BITS-UPDATE:
  creator: _GestureSemantics ÔćÉ RawGestureDetector-[LabeledGlobalKey<RawGestureDetectorState>#b423e] ÔćÉ
    Listener ÔćÉ _ScrollableScope ÔćÉ _ScrollSemantics-[GlobalKey#bbe7b] ÔćÉ
    NotificationListener<ScrollMetricsNotification> ÔćÉ Transform ÔćÉ StretchEffect ÔćÉ ClipRect ÔćÉ
    AnimatedBuilder ÔćÉ NotificationListener<ScrollNotification> ÔćÉ StretchingOverscrollIndicator ÔćÉ Ôő»
  parentData: <none> (can use size)
  constraints: BoxConstraints(0.0<=w<=800.0, 0.0<=h<=600.0)
  size: MISSING
  behavior: opaque
  gestures: <none>
This RenderObject had the following descendants (showing up to depth 5):
    child: RenderPointerListener#60ea8 relayoutBoundary=up6 NEEDS-PAINT NEEDS-COMPOSITING-BITS-UPDATE
      child: RenderSemanticsAnnotations#5b2b7 relayoutBoundary=up7 NEEDS-PAINT NEEDS-COMPOSITING-BITS-UPDATE
        child: RenderIgnorePointer#08431 relayoutBoundary=up8 NEEDS-PAINT NEEDS-COMPOSITING-BITS-UPDATE
          child: _RenderSingleChildViewport#866ff relayoutBoundary=up9 NEEDS-PAINT NEEDS-COMPOSITING-BITS-UPDATE
            child: RenderPadding#58e1f relayoutBoundary=up10 NEEDS-PAINT NEEDS-COMPOSITING-BITS-UPDATE
ÔĽÉÔĽÉÔĽÉÔĽÉÔĽÉÔĽÉÔĽÉÔĽÉÔĽÉÔĽÉÔĽÉÔĽÉÔĽÉÔĽÉÔĽÉÔĽÉÔĽÉÔĽÉÔĽÉÔĽÉÔĽÉÔĽÉÔĽÉÔĽÉÔĽÉÔĽÉÔĽÉÔĽÉÔĽÉÔĽÉÔĽÉÔĽÉÔĽÉÔĽÉÔĽÉÔĽÉÔĽÉÔĽÉÔĽÉÔĽÉÔĽÉÔĽÉÔĽÉÔĽÉÔĽÉÔĽÉÔĽÉÔĽÉÔĽÉÔĽÉÔĽÉÔĽÉÔĽÉÔĽÉÔĽÉÔĽÉÔĽÉÔĽÉÔĽÉÔĽÉÔĽÉÔĽÉÔĽÉÔĽÉÔĽÉÔĽÉÔĽÉÔĽÉÔĽÉÔĽÉÔĽÉÔĽÉÔĽÉÔĽÉÔĽÉÔĽÉÔĽÉÔĽÉÔĽÉÔĽÉÔĽÉÔĽÉÔĽÉÔĽÉÔĽÉÔĽÉÔĽÉÔĽÉÔĽÉÔĽÉÔĽÉÔĽÉÔĽÉÔĽÉÔĽÉÔĽÉÔĽÉÔĽÉÔĽÉÔĽÉ
ÔĽÉÔĽÉÔĽí EXCEPTION CAUGHT BY RENDERING LIBRARY ÔĽ×ÔĽÉÔĽÉÔĽÉÔĽÉÔĽÉÔĽÉÔĽÉÔĽÉÔĽÉÔĽÉÔĽÉÔĽÉÔĽÉÔĽÉÔĽÉÔĽÉÔĽÉÔĽÉÔĽÉÔĽÉÔĽÉÔĽÉÔĽÉÔĽÉÔĽÉÔĽÉÔĽÉÔĽÉÔĽÉÔĽÉÔĽÉÔĽÉÔĽÉÔĽÉÔĽÉÔĽÉÔĽÉÔĽÉÔĽÉÔĽÉÔĽÉÔĽÉÔĽÉÔĽÉÔĽÉÔĽÉÔĽÉÔĽÉÔĽÉÔĽÉÔĽÉÔĽÉÔĽÉÔĽÉÔĽÉÔĽÉÔĽÉ
The following assertion was thrown during performLayout():
RenderBox was not laid out: RenderSemanticsGestureHandler#06d73 relayoutBoundary=up5 NEEDS-PAINT
NEEDS-COMPOSITING-BITS-UPDATE
'package:flutter/src/rendering/box.dart':
Failed assertion: line 2251 pos 12: 'hasSize'

Either the assertion indicates an error in the framework itself, or we should provide substantially
more information in this error message to help you determine and fix the underlying cause.
In either case, please report this assertion by filing a bug on GitHub:
  https://github.com/flutter/flutter/issues/new?template=02_bug.yml

The relevant error-causing widget was:
  SingleChildScrollView
  SingleChildScrollView:file:///C:/Projekty/moja_pierwsza_apka/lib/main.dart:48:13

When the exception was thrown, this was the stack:
#2      RenderBox.size (package:flutter/src/rendering/box.dart:2251:12)
#3      RenderProxyBoxMixin.performLayout (package:flutter/src/rendering/proxy_box.dart:118:62)
#4      RenderObject.layout (package:flutter/src/rendering/object.dart:2923:7)
#5      RenderProxyBoxMixin.performLayout (package:flutter/src/rendering/proxy_box.dart:118:18)
#6      RenderObject.layout (package:flutter/src/rendering/object.dart:2923:7)
#7      RenderProxyBoxMixin.performLayout (package:flutter/src/rendering/proxy_box.dart:118:18)
#8      RenderObject.layout (package:flutter/src/rendering/object.dart:2923:7)
#9      RenderProxyBoxMixin.performLayout (package:flutter/src/rendering/proxy_box.dart:118:18)
#10     _RenderCustomClip.performLayout (package:flutter/src/rendering/proxy_box.dart:1549:11)
#11     RenderObject.layout (package:flutter/src/rendering/object.dart:2923:7)
#12     MultiChildLayoutDelegate.layoutChild (package:flutter/src/rendering/custom_layout.dart:180:12)
#13     _ScaffoldLayout.performLayout (package:flutter/src/material/scaffold.dart:1113:7)
#14     MultiChildLayoutDelegate._callPerformLayout (package:flutter/src/rendering/custom_layout.dart:246:7)
#15     RenderCustomMultiChildLayoutBox.performLayout (package:flutter/src/rendering/custom_layout.dart:417:14)
#16     RenderObject.layout (package:flutter/src/rendering/object.dart:2923:7)
#17     RenderProxyBoxMixin.performLayout (package:flutter/src/rendering/proxy_box.dart:118:18)
#18     RenderObject.layout (package:flutter/src/rendering/object.dart:2923:7)
#19     RenderProxyBoxMixin.performLayout (package:flutter/src/rendering/proxy_box.dart:118:18)
#20     _RenderCustomClip.performLayout (package:flutter/src/rendering/proxy_box.dart:1549:11)
#21     RenderObject.layout (package:flutter/src/rendering/object.dart:2923:7)
#22     RenderProxyBoxMixin.performLayout (package:flutter/src/rendering/proxy_box.dart:118:18)
#23     RenderObject.layout (package:flutter/src/rendering/object.dart:2923:7)
#24     RenderProxyBoxMixin.performLayout (package:flutter/src/rendering/proxy_box.dart:118:18)
#25     RenderObject.layout (package:flutter/src/rendering/object.dart:2923:7)
#26     RenderProxyBoxMixin.performLayout (package:flutter/src/rendering/proxy_box.dart:118:18)
#27     RenderObject.layout (package:flutter/src/rendering/object.dart:2923:7)
#28     RenderProxyBoxMixin.performLayout (package:flutter/src/rendering/proxy_box.dart:118:18)
#29     RenderObject.layout (package:flutter/src/rendering/object.dart:2923:7)
#30     RenderProxyBoxMixin.performLayout (package:flutter/src/rendering/proxy_box.dart:118:18)
#31     RenderObject.layout (package:flutter/src/rendering/object.dart:2923:7)
#32     RenderProxyBoxMixin.performLayout (package:flutter/src/rendering/proxy_box.dart:118:18)
#33     RenderObject.layout (package:flutter/src/rendering/object.dart:2923:7)
#34     RenderProxyBoxMixin.performLayout (package:flutter/src/rendering/proxy_box.dart:118:18)
#35     RenderObject.layout (package:flutter/src/rendering/object.dart:2923:7)
#36     RenderProxyBoxMixin.performLayout (package:flutter/src/rendering/proxy_box.dart:118:18)
#37     RenderObject.layout (package:flutter/src/rendering/object.dart:2923:7)
#38     RenderProxyBoxMixin.performLayout (package:flutter/src/rendering/proxy_box.dart:118:18)
#39     RenderObject.layout (package:flutter/src/rendering/object.dart:2923:7)
#40     RenderProxyBoxMixin.performLayout (package:flutter/src/rendering/proxy_box.dart:118:18)
#41     RenderObject.layout (package:flutter/src/rendering/object.dart:2923:7)
#42     RenderProxyBoxMixin.performLayout (package:flutter/src/rendering/proxy_box.dart:118:18)
#43     RenderObject.layout (package:flutter/src/rendering/object.dart:2923:7)
#44     RenderProxyBoxMixin.performLayout (package:flutter/src/rendering/proxy_box.dart:118:18)
#45     RenderObject.layout (package:flutter/src/rendering/object.dart:2923:7)
#46     RenderProxyBoxMixin.performLayout (package:flutter/src/rendering/proxy_box.dart:118:18)
#47     RenderObject.layout (package:flutter/src/rendering/object.dart:2923:7)
#48     RenderProxyBoxMixin.performLayout (package:flutter/src/rendering/proxy_box.dart:118:18)
#49     RenderObject.layout (package:flutter/src/rendering/object.dart:2923:7)
#50     RenderProxyBoxMixin.performLayout (package:flutter/src/rendering/proxy_box.dart:118:18)
#51     RenderObject.layout (package:flutter/src/rendering/object.dart:2923:7)
#52     RenderProxyBoxMixin.performLayout (package:flutter/src/rendering/proxy_box.dart:118:18)
#53     RenderOffstage.performLayout (package:flutter/src/rendering/proxy_box.dart:3923:13)
#54     RenderObject.layout (package:flutter/src/rendering/object.dart:2923:7)
#55     RenderProxyBoxMixin.performLayout (package:flutter/src/rendering/proxy_box.dart:118:18)
#56     RenderObject.layout (package:flutter/src/rendering/object.dart:2923:7)
#57     _RenderTheaterMixin.layoutChild (package:flutter/src/widgets/overlay.dart:1124:13)
#58     _RenderTheater.performLayout (package:flutter/src/widgets/overlay.dart:1482:9)
#59     RenderObject.layout (package:flutter/src/rendering/object.dart:2923:7)
#60     RenderProxyBoxMixin.performLayout (package:flutter/src/rendering/proxy_box.dart:118:18)
#61     RenderObject.layout (package:flutter/src/rendering/object.dart:2923:7)
#62     RenderProxyBoxMixin.performLayout (package:flutter/src/rendering/proxy_box.dart:118:18)
#63     RenderObject.layout (package:flutter/src/rendering/object.dart:2923:7)
#64     RenderProxyBoxMixin.performLayout (package:flutter/src/rendering/proxy_box.dart:118:18)
#65     RenderObject.layout (package:flutter/src/rendering/object.dart:2923:7)
#66     RenderProxyBoxMixin.performLayout (package:flutter/src/rendering/proxy_box.dart:118:18)
#67     RenderObject.layout (package:flutter/src/rendering/object.dart:2923:7)
#68     RenderProxyBoxMixin.performLayout (package:flutter/src/rendering/proxy_box.dart:118:18)
#69     RenderObject.layout (package:flutter/src/rendering/object.dart:2923:7)
#70     RenderProxyBoxMixin.performLayout (package:flutter/src/rendering/proxy_box.dart:118:18)
#71     RenderObject.layout (package:flutter/src/rendering/object.dart:2923:7)
#72     RenderProxyBoxMixin.performLayout (package:flutter/src/rendering/proxy_box.dart:118:18)
#73     RenderObject.layout (package:flutter/src/rendering/object.dart:2923:7)
#74     RenderProxyBoxMixin.performLayout (package:flutter/src/rendering/proxy_box.dart:118:18)
#75     RenderObject.layout (package:flutter/src/rendering/object.dart:2923:7)
#76     RenderProxyBoxMixin.performLayout (package:flutter/src/rendering/proxy_box.dart:118:18)
#77     RenderObject.layout (package:flutter/src/rendering/object.dart:2923:7)
#78     RenderView.performLayout (package:flutter/src/rendering/view.dart:292:12)
#79     RenderObject._layoutWithoutResize (package:flutter/src/rendering/object.dart:2771:7)
#80     PipelineOwner.flushLayout (package:flutter/src/rendering/object.dart:1174:18)
#81     PipelineOwner.flushLayout (package:flutter/src/rendering/object.dart:1187:15)
#82     AutomatedTestWidgetsFlutterBinding.drawFrame (package:flutter_test/src/binding.dart:2434:27)
#83     RendererBinding._handlePersistentFrameCallback (package:flutter/src/rendering/binding.dart:558:5)
#84     SchedulerBinding._invokeFrameCallback (package:flutter/src/scheduler/binding.dart:1430:15)
#85     SchedulerBinding.handleDrawFrame (package:flutter/src/scheduler/binding.dart:1345:9)
#86     AutomatedTestWidgetsFlutterBinding.pump.<anonymous closure> (package:flutter_test/src/binding.dart:2261:9)
#89     TestAsyncUtils.guard (package:flutter_test/src/test_async_utils.dart:74:41)
#90     AutomatedTestWidgetsFlutterBinding.pump (package:flutter_test/src/binding.dart:2250:27)
#91     WidgetTester.pumpWidget.<anonymous closure> (package:flutter_test/src/widget_tester.dart:598:22)
#94     TestAsyncUtils.guard (package:flutter_test/src/test_async_utils.dart:74:41)
#95     WidgetTester.pumpWidget (package:flutter_test/src/widget_tester.dart:595:27)
#96     main.<anonymous closure> (file:///C:/Projekty/moja_pierwsza_apka/test/widget_test.dart:7:18)
#97     testWidgets.<anonymous closure>.<anonymous closure> (package:flutter_test/src/widget_tester.dart:192:29)
<asynchronous suspension>
#98     TestWidgetsFlutterBinding._runTestBody (package:flutter_test/src/binding.dart:1953:5)
<asynchronous suspension>
<asynchronous suspension>
(elided 7 frames from class _AssertionError, dart:async, and package:stack_trace)

The following RenderObject was being processed when the exception was fired: RenderPointerListener#bb47a relayoutBoundary=up4 NEEDS-LAYOUT NEEDS-PAINT NEEDS-COMPOSITING-BITS-UPDATE:
  creator: Listener ÔćÉ _ScrollableScope ÔćÉ _ScrollSemantics-[GlobalKey#bbe7b] ÔćÉ
    NotificationListener<ScrollMetricsNotification> ÔćÉ Transform ÔćÉ StretchEffect ÔćÉ ClipRect ÔćÉ
    AnimatedBuilder ÔćÉ NotificationListener<ScrollNotification> ÔćÉ StretchingOverscrollIndicator ÔćÉ
    Scrollable ÔćÉ PrimaryScrollController ÔćÉ Ôő»
  parentData: <none> (can use size)
  constraints: BoxConstraints(0.0<=w<=800.0, 0.0<=h<=600.0)
  size: MISSING
  behavior: deferToChild
  listeners: signal
This RenderObject had the following descendants (showing up to depth 5):
    child: RenderSemanticsGestureHandler#06d73 relayoutBoundary=up5 NEEDS-PAINT NEEDS-COMPOSITING-BITS-UPDATE
      child: RenderPointerListener#60ea8 relayoutBoundary=up6 NEEDS-PAINT NEEDS-COMPOSITING-BITS-UPDATE
        child: RenderSemanticsAnnotations#5b2b7 relayoutBoundary=up7 NEEDS-PAINT NEEDS-COMPOSITING-BITS-UPDATE
          child: RenderIgnorePointer#08431 relayoutBoundary=up8 NEEDS-PAINT NEEDS-COMPOSITING-BITS-UPDATE
            child: _RenderSingleChildViewport#866ff relayoutBoundary=up9 NEEDS-PAINT NEEDS-COMPOSITING-BITS-UPDATE
ÔĽÉÔĽÉÔĽÉÔĽÉÔĽÉÔĽÉÔĽÉÔĽÉÔĽÉÔĽÉÔĽÉÔĽÉÔĽÉÔĽÉÔĽÉÔĽÉÔĽÉÔĽÉÔĽÉÔĽÉÔĽÉÔĽÉÔĽÉÔĽÉÔĽÉÔĽÉÔĽÉÔĽÉÔĽÉÔĽÉÔĽÉÔĽÉÔĽÉÔĽÉÔĽÉÔĽÉÔĽÉÔĽÉÔĽÉÔĽÉÔĽÉÔĽÉÔĽÉÔĽÉÔĽÉÔĽÉÔĽÉÔĽÉÔĽÉÔĽÉÔĽÉÔĽÉÔĽÉÔĽÉÔĽÉÔĽÉÔĽÉÔĽÉÔĽÉÔĽÉÔĽÉÔĽÉÔĽÉÔĽÉÔĽÉÔĽÉÔĽÉÔĽÉÔĽÉÔĽÉÔĽÉÔĽÉÔĽÉÔĽÉÔĽÉÔĽÉÔĽÉÔĽÉÔĽÉÔĽÉÔĽÉÔĽÉÔĽÉÔĽÉÔĽÉÔĽÉÔĽÉÔĽÉÔĽÉÔĽÉÔĽÉÔĽÉÔĽÉÔĽÉÔĽÉÔĽÉÔĽÉÔĽÉÔĽÉÔĽÉ
ÔĽÉÔĽÉÔĽí EXCEPTION CAUGHT BY RENDERING LIBRARY ÔĽ×ÔĽÉÔĽÉÔĽÉÔĽÉÔĽÉÔĽÉÔĽÉÔĽÉÔĽÉÔĽÉÔĽÉÔĽÉÔĽÉÔĽÉÔĽÉÔĽÉÔĽÉÔĽÉÔĽÉÔĽÉÔĽÉÔĽÉÔĽÉÔĽÉÔĽÉÔĽÉÔĽÉÔĽÉÔĽÉÔĽÉÔĽÉÔĽÉÔĽÉÔĽÉÔĽÉÔĽÉÔĽÉÔĽÉÔĽÉÔĽÉÔĽÉÔĽÉÔĽÉÔĽÉÔĽÉÔĽÉÔĽÉÔĽÉÔĽÉÔĽÉÔĽÉÔĽÉÔĽÉÔĽÉÔĽÉÔĽÉÔĽÉ
The following assertion was thrown during performLayout():
RenderBox was not laid out: RenderPointerListener#bb47a relayoutBoundary=up4 NEEDS-PAINT
NEEDS-COMPOSITING-BITS-UPDATE
'package:flutter/src/rendering/box.dart':
Failed assertion: line 2251 pos 12: 'hasSize'

Either the assertion indicates an error in the framework itself, or we should provide substantially
more information in this error message to help you determine and fix the underlying cause.
In either case, please report this assertion by filing a bug on GitHub:
  https://github.com/flutter/flutter/issues/new?template=02_bug.yml

The relevant error-causing widget was:
  SingleChildScrollView
  SingleChildScrollView:file:///C:/Projekty/moja_pierwsza_apka/lib/main.dart:48:13

When the exception was thrown, this was the stack:
#2      RenderBox.size (package:flutter/src/rendering/box.dart:2251:12)
#3      RenderProxyBoxMixin.performLayout (package:flutter/src/rendering/proxy_box.dart:118:62)
#4      RenderObject.layout (package:flutter/src/rendering/object.dart:2923:7)
#5      RenderProxyBoxMixin.performLayout (package:flutter/src/rendering/proxy_box.dart:118:18)
#6      RenderObject.layout (package:flutter/src/rendering/object.dart:2923:7)
#7      RenderProxyBoxMixin.performLayout (package:flutter/src/rendering/proxy_box.dart:118:18)
#8      _RenderCustomClip.performLayout (package:flutter/src/rendering/proxy_box.dart:1549:11)
#9      RenderObject.layout (package:flutter/src/rendering/object.dart:2923:7)
#10     MultiChildLayoutDelegate.layoutChild (package:flutter/src/rendering/custom_layout.dart:180:12)
#11     _ScaffoldLayout.performLayout (package:flutter/src/material/scaffold.dart:1113:7)
#12     MultiChildLayoutDelegate._callPerformLayout (package:flutter/src/rendering/custom_layout.dart:246:7)
#13     RenderCustomMultiChildLayoutBox.performLayout (package:flutter/src/rendering/custom_layout.dart:417:14)
#14     RenderObject.layout (package:flutter/src/rendering/object.dart:2923:7)
#15     RenderProxyBoxMixin.performLayout (package:flutter/src/rendering/proxy_box.dart:118:18)
#16     RenderObject.layout (package:flutter/src/rendering/object.dart:2923:7)
#17     RenderProxyBoxMixin.performLayout (package:flutter/src/rendering/proxy_box.dart:118:18)
#18     _RenderCustomClip.performLayout (package:flutter/src/rendering/proxy_box.dart:1549:11)
#19     RenderObject.layout (package:flutter/src/rendering/object.dart:2923:7)
#20     RenderProxyBoxMixin.performLayout (package:flutter/src/rendering/proxy_box.dart:118:18)
#21     RenderObject.layout (package:flutter/src/rendering/object.dart:2923:7)
#22     RenderProxyBoxMixin.performLayout (package:flutter/src/rendering/proxy_box.dart:118:18)
#23     RenderObject.layout (package:flutter/src/rendering/object.dart:2923:7)
#24     RenderProxyBoxMixin.performLayout (package:flutter/src/rendering/proxy_box.dart:118:18)
#25     RenderObject.layout (package:flutter/src/rendering/object.dart:2923:7)
#26     RenderProxyBoxMixin.performLayout (package:flutter/src/rendering/proxy_box.dart:118:18)
#27     RenderObject.layout (package:flutter/src/rendering/object.dart:2923:7)
#28     RenderProxyBoxMixin.performLayout (package:flutter/src/rendering/proxy_box.dart:118:18)
#29     RenderObject.layout (package:flutter/src/rendering/object.dart:2923:7)
#30     RenderProxyBoxMixin.performLayout (package:flutter/src/rendering/proxy_box.dart:118:18)
#31     RenderObject.layout (package:flutter/src/rendering/object.dart:2923:7)
#32     RenderProxyBoxMixin.performLayout (package:flutter/src/rendering/proxy_box.dart:118:18)
#33     RenderObject.layout (package:flutter/src/rendering/object.dart:2923:7)
#34     RenderProxyBoxMixin.performLayout (package:flutter/src/rendering/proxy_box.dart:118:18)
#35     RenderObject.layout (package:flutter/src/rendering/object.dart:2923:7)
#36     RenderProxyBoxMixin.performLayout (package:flutter/src/rendering/proxy_box.dart:118:18)
#37     RenderObject.layout (package:flutter/src/rendering/object.dart:2923:7)
#38     RenderProxyBoxMixin.performLayout (package:flutter/src/rendering/proxy_box.dart:118:18)
#39     RenderObject.layout (package:flutter/src/rendering/object.dart:2923:7)
#40     RenderProxyBoxMixin.performLayout (package:flutter/src/rendering/proxy_box.dart:118:18)
#41     RenderObject.layout (package:flutter/src/rendering/object.dart:2923:7)
#42     RenderProxyBoxMixin.performLayout (package:flutter/src/rendering/proxy_box.dart:118:18)
#43     RenderObject.layout (package:flutter/src/rendering/object.dart:2923:7)
#44     RenderProxyBoxMixin.performLayout (package:flutter/src/rendering/proxy_box.dart:118:18)
#45     RenderObject.layout (package:flutter/src/rendering/object.dart:2923:7)
#46     RenderProxyBoxMixin.performLayout (package:flutter/src/rendering/proxy_box.dart:118:18)
#47     RenderObject.layout (package:flutter/src/rendering/object.dart:2923:7)
#48     RenderProxyBoxMixin.performLayout (package:flutter/src/rendering/proxy_box.dart:118:18)
#49     RenderObject.layout (package:flutter/src/rendering/object.dart:2923:7)
#50     RenderProxyBoxMixin.performLayout (package:flutter/src/rendering/proxy_box.dart:118:18)
#51     RenderOffstage.performLayout (package:flutter/src/rendering/proxy_box.dart:3923:13)
#52     RenderObject.layout (package:flutter/src/rendering/object.dart:2923:7)
#53     RenderProxyBoxMixin.performLayout (package:flutter/src/rendering/proxy_box.dart:118:18)
#54     RenderObject.layout (package:flutter/src/rendering/object.dart:2923:7)
#55     _RenderTheaterMixin.layoutChild (package:flutter/src/widgets/overlay.dart:1124:13)
#56     _RenderTheater.performLayout (package:flutter/src/widgets/overlay.dart:1482:9)
#57     RenderObject.layout (package:flutter/src/rendering/object.dart:2923:7)
#58     RenderProxyBoxMixin.performLayout (package:flutter/src/rendering/proxy_box.dart:118:18)
#59     RenderObject.layout (package:flutter/src/rendering/object.dart:2923:7)
#60     RenderProxyBoxMixin.performLayout (package:flutter/src/rendering/proxy_box.dart:118:18)
#61     RenderObject.layout (package:flutter/src/rendering/object.dart:2923:7)
#62     RenderProxyBoxMixin.performLayout (package:flutter/src/rendering/proxy_box.dart:118:18)
#63     RenderObject.layout (package:flutter/src/rendering/object.dart:2923:7)
#64     RenderProxyBoxMixin.performLayout (package:flutter/src/rendering/proxy_box.dart:118:18)
#65     RenderObject.layout (package:flutter/src/rendering/object.dart:2923:7)
#66     RenderProxyBoxMixin.performLayout (package:flutter/src/rendering/proxy_box.dart:118:18)
#67     RenderObject.layout (package:flutter/src/rendering/object.dart:2923:7)
#68     RenderProxyBoxMixin.performLayout (package:flutter/src/rendering/proxy_box.dart:118:18)
#69     RenderObject.layout (package:flutter/src/rendering/object.dart:2923:7)
#70     RenderProxyBoxMixin.performLayout (package:flutter/src/rendering/proxy_box.dart:118:18)
#71     RenderObject.layout (package:flutter/src/rendering/object.dart:2923:7)
#72     RenderProxyBoxMixin.performLayout (package:flutter/src/rendering/proxy_box.dart:118:18)
#73     RenderObject.layout (package:flutter/src/rendering/object.dart:2923:7)
#74     RenderProxyBoxMixin.performLayout (package:flutter/src/rendering/proxy_box.dart:118:18)
#75     RenderObject.layout (package:flutter/src/rendering/object.dart:2923:7)
#76     RenderView.performLayout (package:flutter/src/rendering/view.dart:292:12)
#77     RenderObject._layoutWithoutResize (package:flutter/src/rendering/object.dart:2771:7)
#78     PipelineOwner.flushLayout (package:flutter/src/rendering/object.dart:1174:18)
#79     PipelineOwner.flushLayout (package:flutter/src/rendering/object.dart:1187:15)
#80     AutomatedTestWidgetsFlutterBinding.drawFrame (package:flutter_test/src/binding.dart:2434:27)
#81     RendererBinding._handlePersistentFrameCallback (package:flutter/src/rendering/binding.dart:558:5)
#82     SchedulerBinding._invokeFrameCallback (package:flutter/src/scheduler/binding.dart:1430:15)
#83     SchedulerBinding.handleDrawFrame (package:flutter/src/scheduler/binding.dart:1345:9)
#84     AutomatedTestWidgetsFlutterBinding.pump.<anonymous closure> (package:flutter_test/src/binding.dart:2261:9)
#87     TestAsyncUtils.guard (package:flutter_test/src/test_async_utils.dart:74:41)
#88     AutomatedTestWidgetsFlutterBinding.pump (package:flutter_test/src/binding.dart:2250:27)
#89     WidgetTester.pumpWidget.<anonymous closure> (package:flutter_test/src/widget_tester.dart:598:22)
#92     TestAsyncUtils.guard (package:flutter_test/src/test_async_utils.dart:74:41)
#93     WidgetTester.pumpWidget (package:flutter_test/src/widget_tester.dart:595:27)
#94     main.<anonymous closure> (file:///C:/Projekty/moja_pierwsza_apka/test/widget_test.dart:7:18)
#95     testWidgets.<anonymous closure>.<anonymous closure> (package:flutter_test/src/widget_tester.dart:192:29)
<asynchronous suspension>
#96     TestWidgetsFlutterBinding._runTestBody (package:flutter_test/src/binding.dart:1953:5)
<asynchronous suspension>
<asynchronous suspension>
(elided 7 frames from class _AssertionError, dart:async, and package:stack_trace)

The following RenderObject was being processed when the exception was fired: _RenderScrollSemantics#cd6f0 relayoutBoundary=up3 NEEDS-LAYOUT NEEDS-PAINT NEEDS-COMPOSITING-BITS-UPDATE:
  creator: _ScrollSemantics-[GlobalKey#bbe7b] ÔćÉ NotificationListener<ScrollMetricsNotification> ÔćÉ
    Transform ÔćÉ StretchEffect ÔćÉ ClipRect ÔćÉ AnimatedBuilder ÔćÉ NotificationListener<ScrollNotification>
    ÔćÉ StretchingOverscrollIndicator ÔćÉ Scrollable ÔćÉ PrimaryScrollController ÔćÉ SingleChildScrollView ÔćÉ
    KeyedSubtree-[GlobalKey#2d3a8] ÔćÉ Ôő»
  parentData: <none> (can use size)
  constraints: BoxConstraints(0.0<=w<=800.0, 0.0<=h<=600.0)
  semantic boundary
  size: MISSING
This RenderObject had the following descendants (showing up to depth 5):
    child: RenderPointerListener#bb47a relayoutBoundary=up4 NEEDS-PAINT NEEDS-COMPOSITING-BITS-UPDATE
      child: RenderSemanticsGestureHandler#06d73 relayoutBoundary=up5 NEEDS-PAINT NEEDS-COMPOSITING-BITS-UPDATE
        child: RenderPointerListener#60ea8 relayoutBoundary=up6 NEEDS-PAINT NEEDS-COMPOSITING-BITS-UPDATE
          child: RenderSemanticsAnnotations#5b2b7 relayoutBoundary=up7 NEEDS-PAINT NEEDS-COMPOSITING-BITS-UPDATE
            child: RenderIgnorePointer#08431 relayoutBoundary=up8 NEEDS-PAINT NEEDS-COMPOSITING-BITS-UPDATE
ÔĽÉÔĽÉÔĽÉÔĽÉÔĽÉÔĽÉÔĽÉÔĽÉÔĽÉÔĽÉÔĽÉÔĽÉÔĽÉÔĽÉÔĽÉÔĽÉÔĽÉÔĽÉÔĽÉÔĽÉÔĽÉÔĽÉÔĽÉÔĽÉÔĽÉÔĽÉÔĽÉÔĽÉÔĽÉÔĽÉÔĽÉÔĽÉÔĽÉÔĽÉÔĽÉÔĽÉÔĽÉÔĽÉÔĽÉÔĽÉÔĽÉÔĽÉÔĽÉÔĽÉÔĽÉÔĽÉÔĽÉÔĽÉÔĽÉÔĽÉÔĽÉÔĽÉÔĽÉÔĽÉÔĽÉÔĽÉÔĽÉÔĽÉÔĽÉÔĽÉÔĽÉÔĽÉÔĽÉÔĽÉÔĽÉÔĽÉÔĽÉÔĽÉÔĽÉÔĽÉÔĽÉÔĽÉÔĽÉÔĽÉÔĽÉÔĽÉÔĽÉÔĽÉÔĽÉÔĽÉÔĽÉÔĽÉÔĽÉÔĽÉÔĽÉÔĽÉÔĽÉÔĽÉÔĽÉÔĽÉÔĽÉÔĽÉÔĽÉÔĽÉÔĽÉÔĽÉÔĽÉÔĽÉÔĽÉÔĽÉ
ÔĽÉÔĽÉÔĽí EXCEPTION CAUGHT BY RENDERING LIBRARY ÔĽ×ÔĽÉÔĽÉÔĽÉÔĽÉÔĽÉÔĽÉÔĽÉÔĽÉÔĽÉÔĽÉÔĽÉÔĽÉÔĽÉÔĽÉÔĽÉÔĽÉÔĽÉÔĽÉÔĽÉÔĽÉÔĽÉÔĽÉÔĽÉÔĽÉÔĽÉÔĽÉÔĽÉÔĽÉÔĽÉÔĽÉÔĽÉÔĽÉÔĽÉÔĽÉÔĽÉÔĽÉÔĽÉÔĽÉÔĽÉÔĽÉÔĽÉÔĽÉÔĽÉÔĽÉÔĽÉÔĽÉÔĽÉÔĽÉÔĽÉÔĽÉÔĽÉÔĽÉÔĽÉÔĽÉÔĽÉÔĽÉÔĽÉ
The following assertion was thrown during performLayout():
RenderBox was not laid out: _RenderScrollSemantics#cd6f0 relayoutBoundary=up3 NEEDS-PAINT
NEEDS-COMPOSITING-BITS-UPDATE
'package:flutter/src/rendering/box.dart':
Failed assertion: line 2251 pos 12: 'hasSize'

Either the assertion indicates an error in the framework itself, or we should provide substantially
more information in this error message to help you determine and fix the underlying cause.
In either case, please report this assertion by filing a bug on GitHub:
  https://github.com/flutter/flutter/issues/new?template=02_bug.yml

The relevant error-causing widget was:
  SingleChildScrollView
  SingleChildScrollView:file:///C:/Projekty/moja_pierwsza_apka/lib/main.dart:48:13

When the exception was thrown, this was the stack:
#2      RenderBox.size (package:flutter/src/rendering/box.dart:2251:12)
#3      RenderProxyBoxMixin.performLayout (package:flutter/src/rendering/proxy_box.dart:118:62)
#4      RenderObject.layout (package:flutter/src/rendering/object.dart:2923:7)
#5      RenderProxyBoxMixin.performLayout (package:flutter/src/rendering/proxy_box.dart:118:18)
#6      _RenderCustomClip.performLayout (package:flutter/src/rendering/proxy_box.dart:1549:11)
#7      RenderObject.layout (package:flutter/src/rendering/object.dart:2923:7)
#8      MultiChildLayoutDelegate.layoutChild (package:flutter/src/rendering/custom_layout.dart:180:12)
#9      _ScaffoldLayout.performLayout (package:flutter/src/material/scaffold.dart:1113:7)
#10     MultiChildLayoutDelegate._callPerformLayout (package:flutter/src/rendering/custom_layout.dart:246:7)
#11     RenderCustomMultiChildLayoutBox.performLayout (package:flutter/src/rendering/custom_layout.dart:417:14)
#12     RenderObject.layout (package:flutter/src/rendering/object.dart:2923:7)
#13     RenderProxyBoxMixin.performLayout (package:flutter/src/rendering/proxy_box.dart:118:18)
#14     RenderObject.layout (package:flutter/src/rendering/object.dart:2923:7)
#15     RenderProxyBoxMixin.performLayout (package:flutter/src/rendering/proxy_box.dart:118:18)
#16     _RenderCustomClip.performLayout (package:flutter/src/rendering/proxy_box.dart:1549:11)
#17     RenderObject.layout (package:flutter/src/rendering/object.dart:2923:7)
#18     RenderProxyBoxMixin.performLayout (package:flutter/src/rendering/proxy_box.dart:118:18)
#19     RenderObject.layout (package:flutter/src/rendering/object.dart:2923:7)
#20     RenderProxyBoxMixin.performLayout (package:flutter/src/rendering/proxy_box.dart:118:18)
#21     RenderObject.layout (package:flutter/src/rendering/object.dart:2923:7)
#22     RenderProxyBoxMixin.performLayout (package:flutter/src/rendering/proxy_box.dart:118:18)
#23     RenderObject.layout (package:flutter/src/rendering/object.dart:2923:7)
#24     RenderProxyBoxMixin.performLayout (package:flutter/src/rendering/proxy_box.dart:118:18)
#25     RenderObject.layout (package:flutter/src/rendering/object.dart:2923:7)
#26     RenderProxyBoxMixin.performLayout (package:flutter/src/rendering/proxy_box.dart:118:18)
#27     RenderObject.layout (package:flutter/src/rendering/object.dart:2923:7)
#28     RenderProxyBoxMixin.performLayout (package:flutter/src/rendering/proxy_box.dart:118:18)
#29     RenderObject.layout (package:flutter/src/rendering/object.dart:2923:7)
#30     RenderProxyBoxMixin.performLayout (package:flutter/src/rendering/proxy_box.dart:118:18)
#31     RenderObject.layout (package:flutter/src/rendering/object.dart:2923:7)
#32     RenderProxyBoxMixin.performLayout (package:flutter/src/rendering/proxy_box.dart:118:18)
#33     RenderObject.layout (package:flutter/src/rendering/object.dart:2923:7)
#34     RenderProxyBoxMixin.performLayout (package:flutter/src/rendering/proxy_box.dart:118:18)
#35     RenderObject.layout (package:flutter/src/rendering/object.dart:2923:7)
#36     RenderProxyBoxMixin.performLayout (package:flutter/src/rendering/proxy_box.dart:118:18)
#37     RenderObject.layout (package:flutter/src/rendering/object.dart:2923:7)
#38     RenderProxyBoxMixin.performLayout (package:flutter/src/rendering/proxy_box.dart:118:18)
#39     RenderObject.layout (package:flutter/src/rendering/object.dart:2923:7)
#40     RenderProxyBoxMixin.performLayout (package:flutter/src/rendering/proxy_box.dart:118:18)
#41     RenderObject.layout (package:flutter/src/rendering/object.dart:2923:7)
#42     RenderProxyBoxMixin.performLayout (package:flutter/src/rendering/proxy_box.dart:118:18)
#43     RenderObject.layout (package:flutter/src/rendering/object.dart:2923:7)
#44     RenderProxyBoxMixin.performLayout (package:flutter/src/rendering/proxy_box.dart:118:18)
#45     RenderObject.layout (package:flutter/src/rendering/object.dart:2923:7)
#46     RenderProxyBoxMixin.performLayout (package:flutter/src/rendering/proxy_box.dart:118:18)
#47     RenderObject.layout (package:flutter/src/rendering/object.dart:2923:7)
#48     RenderProxyBoxMixin.performLayout (package:flutter/src/rendering/proxy_box.dart:118:18)
#49     RenderOffstage.performLayout (package:flutter/src/rendering/proxy_box.dart:3923:13)
#50     RenderObject.layout (package:flutter/src/rendering/object.dart:2923:7)
#51     RenderProxyBoxMixin.performLayout (package:flutter/src/rendering/proxy_box.dart:118:18)
#52     RenderObject.layout (package:flutter/src/rendering/object.dart:2923:7)
#53     _RenderTheaterMixin.layoutChild (package:flutter/src/widgets/overlay.dart:1124:13)
#54     _RenderTheater.performLayout (package:flutter/src/widgets/overlay.dart:1482:9)
#55     RenderObject.layout (package:flutter/src/rendering/object.dart:2923:7)
#56     RenderProxyBoxMixin.performLayout (package:flutter/src/rendering/proxy_box.dart:118:18)
#57     RenderObject.layout (package:flutter/src/rendering/object.dart:2923:7)
#58     RenderProxyBoxMixin.performLayout (package:flutter/src/rendering/proxy_box.dart:118:18)
#59     RenderObject.layout (package:flutter/src/rendering/object.dart:2923:7)
#60     RenderProxyBoxMixin.performLayout (package:flutter/src/rendering/proxy_box.dart:118:18)
#61     RenderObject.layout (package:flutter/src/rendering/object.dart:2923:7)
#62     RenderProxyBoxMixin.performLayout (package:flutter/src/rendering/proxy_box.dart:118:18)
#63     RenderObject.layout (package:flutter/src/rendering/object.dart:2923:7)
#64     RenderProxyBoxMixin.performLayout (package:flutter/src/rendering/proxy_box.dart:118:18)
#65     RenderObject.layout (package:flutter/src/rendering/object.dart:2923:7)
#66     RenderProxyBoxMixin.performLayout (package:flutter/src/rendering/proxy_box.dart:118:18)
#67     RenderObject.layout (package:flutter/src/rendering/object.dart:2923:7)
#68     RenderProxyBoxMixin.performLayout (package:flutter/src/rendering/proxy_box.dart:118:18)
#69     RenderObject.layout (package:flutter/src/rendering/object.dart:2923:7)
#70     RenderProxyBoxMixin.performLayout (package:flutter/src/rendering/proxy_box.dart:118:18)
#71     RenderObject.layout (package:flutter/src/rendering/object.dart:2923:7)
#72     RenderProxyBoxMixin.performLayout (package:flutter/src/rendering/proxy_box.dart:118:18)
#73     RenderObject.layout (package:flutter/src/rendering/object.dart:2923:7)
#74     RenderView.performLayout (package:flutter/src/rendering/view.dart:292:12)
#75     RenderObject._layoutWithoutResize (package:flutter/src/rendering/object.dart:2771:7)
#76     PipelineOwner.flushLayout (package:flutter/src/rendering/object.dart:1174:18)
#77     PipelineOwner.flushLayout (package:flutter/src/rendering/object.dart:1187:15)
#78     AutomatedTestWidgetsFlutterBinding.drawFrame (package:flutter_test/src/binding.dart:2434:27)
#79     RendererBinding._handlePersistentFrameCallback (package:flutter/src/rendering/binding.dart:558:5)
#80     SchedulerBinding._invokeFrameCallback (package:flutter/src/scheduler/binding.dart:1430:15)
#81     SchedulerBinding.handleDrawFrame (package:flutter/src/scheduler/binding.dart:1345:9)
#82     AutomatedTestWidgetsFlutterBinding.pump.<anonymous closure> (package:flutter_test/src/binding.dart:2261:9)
#85     TestAsyncUtils.guard (package:flutter_test/src/test_async_utils.dart:74:41)
#86     AutomatedTestWidgetsFlutterBinding.pump (package:flutter_test/src/binding.dart:2250:27)
#87     WidgetTester.pumpWidget.<anonymous closure> (package:flutter_test/src/widget_tester.dart:598:22)
#90     TestAsyncUtils.guard (package:flutter_test/src/test_async_utils.dart:74:41)
#91     WidgetTester.pumpWidget (package:flutter_test/src/widget_tester.dart:595:27)
#92     main.<anonymous closure> (file:///C:/Projekty/moja_pierwsza_apka/test/widget_test.dart:7:18)
#93     testWidgets.<anonymous closure>.<anonymous closure> (package:flutter_test/src/widget_tester.dart:192:29)
<asynchronous suspension>
#94     TestWidgetsFlutterBinding._runTestBody (package:flutter_test/src/binding.dart:1953:5)
<asynchronous suspension>
<asynchronous suspension>
(elided 7 frames from class _AssertionError, dart:async, and package:stack_trace)

The following RenderObject was being processed when the exception was fired: RenderTransform#583f1 relayoutBoundary=up2 NEEDS-LAYOUT NEEDS-PAINT NEEDS-COMPOSITING-BITS-UPDATE:
  creator: Transform ÔćÉ StretchEffect ÔćÉ ClipRect ÔćÉ AnimatedBuilder ÔćÉ
    NotificationListener<ScrollNotification> ÔćÉ StretchingOverscrollIndicator ÔćÉ Scrollable ÔćÉ
    PrimaryScrollController ÔćÉ SingleChildScrollView ÔćÉ KeyedSubtree-[GlobalKey#2d3a8] ÔćÉ _BodyBuilder ÔćÉ
    MediaQuery ÔćÉ Ôő»
  parentData: <none> (can use size)
  constraints: BoxConstraints(0.0<=w<=800.0, 0.0<=h<=600.0)
  size: MISSING
  transform matrix:
    [0] 1.0,0.0,0.0,0.0
    [1] 0.0,1.0,0.0,0.0
    [2] 0.0,0.0,1.0,0.0
    [3] 0.0,0.0,0.0,1.0
  origin: null
  alignment: AlignmentDirectional.bottomCenter
  textDirection: ltr
  transformHitTests: true
This RenderObject had the following descendants (showing up to depth 5):
    child: _RenderScrollSemantics#cd6f0 relayoutBoundary=up3 NEEDS-PAINT NEEDS-COMPOSITING-BITS-UPDATE
      child: RenderPointerListener#bb47a relayoutBoundary=up4 NEEDS-PAINT NEEDS-COMPOSITING-BITS-UPDATE
        child: RenderSemanticsGestureHandler#06d73 relayoutBoundary=up5 NEEDS-PAINT NEEDS-COMPOSITING-BITS-UPDATE
          child: RenderPointerListener#60ea8 relayoutBoundary=up6 NEEDS-PAINT NEEDS-COMPOSITING-BITS-UPDATE
            child: RenderSemanticsAnnotations#5b2b7 relayoutBoundary=up7 NEEDS-PAINT NEEDS-COMPOSITING-BITS-UPDATE
ÔĽÉÔĽÉÔĽÉÔĽÉÔĽÉÔĽÉÔĽÉÔĽÉÔĽÉÔĽÉÔĽÉÔĽÉÔĽÉÔĽÉÔĽÉÔĽÉÔĽÉÔĽÉÔĽÉÔĽÉÔĽÉÔĽÉÔĽÉÔĽÉÔĽÉÔĽÉÔĽÉÔĽÉÔĽÉÔĽÉÔĽÉÔĽÉÔĽÉÔĽÉÔĽÉÔĽÉÔĽÉÔĽÉÔĽÉÔĽÉÔĽÉÔĽÉÔĽÉÔĽÉÔĽÉÔĽÉÔĽÉÔĽÉÔĽÉÔĽÉÔĽÉÔĽÉÔĽÉÔĽÉÔĽÉÔĽÉÔĽÉÔĽÉÔĽÉÔĽÉÔĽÉÔĽÉÔĽÉÔĽÉÔĽÉÔĽÉÔĽÉÔĽÉÔĽÉÔĽÉÔĽÉÔĽÉÔĽÉÔĽÉÔĽÉÔĽÉÔĽÉÔĽÉÔĽÉÔĽÉÔĽÉÔĽÉÔĽÉÔĽÉÔĽÉÔĽÉÔĽÉÔĽÉÔĽÉÔĽÉÔĽÉÔĽÉÔĽÉÔĽÉÔĽÉÔĽÉÔĽÉÔĽÉÔĽÉÔĽÉ
ÔĽÉÔĽÉÔĽí EXCEPTION CAUGHT BY RENDERING LIBRARY ÔĽ×ÔĽÉÔĽÉÔĽÉÔĽÉÔĽÉÔĽÉÔĽÉÔĽÉÔĽÉÔĽÉÔĽÉÔĽÉÔĽÉÔĽÉÔĽÉÔĽÉÔĽÉÔĽÉÔĽÉÔĽÉÔĽÉÔĽÉÔĽÉÔĽÉÔĽÉÔĽÉÔĽÉÔĽÉÔĽÉÔĽÉÔĽÉÔĽÉÔĽÉÔĽÉÔĽÉÔĽÉÔĽÉÔĽÉÔĽÉÔĽÉÔĽÉÔĽÉÔĽÉÔĽÉÔĽÉÔĽÉÔĽÉÔĽÉÔĽÉÔĽÉÔĽÉÔĽÉÔĽÉÔĽÉÔĽÉÔĽÉÔĽÉ
The following assertion was thrown during performLayout():
RenderBox was not laid out: RenderTransform#583f1 relayoutBoundary=up2 NEEDS-PAINT
NEEDS-COMPOSITING-BITS-UPDATE
'package:flutter/src/rendering/box.dart':
Failed assertion: line 2251 pos 12: 'hasSize'

Either the assertion indicates an error in the framework itself, or we should provide substantially
more information in this error message to help you determine and fix the underlying cause.
In either case, please report this assertion by filing a bug on GitHub:
  https://github.com/flutter/flutter/issues/new?template=02_bug.yml

The relevant error-causing widget was:
  SingleChildScrollView
  SingleChildScrollView:file:///C:/Projekty/moja_pierwsza_apka/lib/main.dart:48:13

When the exception was thrown, this was the stack:
#2      RenderBox.size (package:flutter/src/rendering/box.dart:2251:12)
#3      RenderProxyBoxMixin.performLayout (package:flutter/src/rendering/proxy_box.dart:118:62)
#4      _RenderCustomClip.performLayout (package:flutter/src/rendering/proxy_box.dart:1549:11)
#5      RenderObject.layout (package:flutter/src/rendering/object.dart:2923:7)
#6      MultiChildLayoutDelegate.layoutChild (package:flutter/src/rendering/custom_layout.dart:180:12)
#7      _ScaffoldLayout.performLayout (package:flutter/src/material/scaffold.dart:1113:7)
#8      MultiChildLayoutDelegate._callPerformLayout (package:flutter/src/rendering/custom_layout.dart:246:7)
#9      RenderCustomMultiChildLayoutBox.performLayout (package:flutter/src/rendering/custom_layout.dart:417:14)
#10     RenderObject.layout (package:flutter/src/rendering/object.dart:2923:7)
#11     RenderProxyBoxMixin.performLayout (package:flutter/src/rendering/proxy_box.dart:118:18)
#12     RenderObject.layout (package:flutter/src/rendering/object.dart:2923:7)
#13     RenderProxyBoxMixin.performLayout (package:flutter/src/rendering/proxy_box.dart:118:18)
#14     _RenderCustomClip.performLayout (package:flutter/src/rendering/proxy_box.dart:1549:11)
#15     RenderObject.layout (package:flutter/src/rendering/object.dart:2923:7)
#16     RenderProxyBoxMixin.performLayout (package:flutter/src/rendering/proxy_box.dart:118:18)
#17     RenderObject.layout (package:flutter/src/rendering/object.dart:2923:7)
#18     RenderProxyBoxMixin.performLayout (package:flutter/src/rendering/proxy_box.dart:118:18)
#19     RenderObject.layout (package:flutter/src/rendering/object.dart:2923:7)
#20     RenderProxyBoxMixin.performLayout (package:flutter/src/rendering/proxy_box.dart:118:18)
#21     RenderObject.layout (package:flutter/src/rendering/object.dart:2923:7)
#22     RenderProxyBoxMixin.performLayout (package:flutter/src/rendering/proxy_box.dart:118:18)
#23     RenderObject.layout (package:flutter/src/rendering/object.dart:2923:7)
#24     RenderProxyBoxMixin.performLayout (package:flutter/src/rendering/proxy_box.dart:118:18)
#25     RenderObject.layout (package:flutter/src/rendering/object.dart:2923:7)
#26     RenderProxyBoxMixin.performLayout (package:flutter/src/rendering/proxy_box.dart:118:18)
#27     RenderObject.layout (package:flutter/src/rendering/object.dart:2923:7)
#28     RenderProxyBoxMixin.performLayout (package:flutter/src/rendering/proxy_box.dart:118:18)
#29     RenderObject.layout (package:flutter/src/rendering/object.dart:2923:7)
#30     RenderProxyBoxMixin.performLayout (package:flutter/src/rendering/proxy_box.dart:118:18)
#31     RenderObject.layout (package:flutter/src/rendering/object.dart:2923:7)
#32     RenderProxyBoxMixin.performLayout (package:flutter/src/rendering/proxy_box.dart:118:18)
#33     RenderObject.layout (package:flutter/src/rendering/object.dart:2923:7)
#34     RenderProxyBoxMixin.performLayout (package:flutter/src/rendering/proxy_box.dart:118:18)
#35     RenderObject.layout (package:flutter/src/rendering/object.dart:2923:7)
#36     RenderProxyBoxMixin.performLayout (package:flutter/src/rendering/proxy_box.dart:118:18)
#37     RenderObject.layout (package:flutter/src/rendering/object.dart:2923:7)
#38     RenderProxyBoxMixin.performLayout (package:flutter/src/rendering/proxy_box.dart:118:18)
#39     RenderObject.layout (package:flutter/src/rendering/object.dart:2923:7)
#40     RenderProxyBoxMixin.performLayout (package:flutter/src/rendering/proxy_box.dart:118:18)
#41     RenderObject.layout (package:flutter/src/rendering/object.dart:2923:7)
#42     RenderProxyBoxMixin.performLayout (package:flutter/src/rendering/proxy_box.dart:118:18)
#43     RenderObject.layout (package:flutter/src/rendering/object.dart:2923:7)
#44     RenderProxyBoxMixin.performLayout (package:flutter/src/rendering/proxy_box.dart:118:18)
#45     RenderObject.layout (package:flutter/src/rendering/object.dart:2923:7)
#46     RenderProxyBoxMixin.performLayout (package:flutter/src/rendering/proxy_box.dart:118:18)
#47     RenderOffstage.performLayout (package:flutter/src/rendering/proxy_box.dart:3923:13)
#48     RenderObject.layout (package:flutter/src/rendering/object.dart:2923:7)
#49     RenderProxyBoxMixin.performLayout (package:flutter/src/rendering/proxy_box.dart:118:18)
#50     RenderObject.layout (package:flutter/src/rendering/object.dart:2923:7)
#51     _RenderTheaterMixin.layoutChild (package:flutter/src/widgets/overlay.dart:1124:13)
#52     _RenderTheater.performLayout (package:flutter/src/widgets/overlay.dart:1482:9)
#53     RenderObject.layout (package:flutter/src/rendering/object.dart:2923:7)
#54     RenderProxyBoxMixin.performLayout (package:flutter/src/rendering/proxy_box.dart:118:18)
#55     RenderObject.layout (package:flutter/src/rendering/object.dart:2923:7)
#56     RenderProxyBoxMixin.performLayout (package:flutter/src/rendering/proxy_box.dart:118:18)
#57     RenderObject.layout (package:flutter/src/rendering/object.dart:2923:7)
#58     RenderProxyBoxMixin.performLayout (package:flutter/src/rendering/proxy_box.dart:118:18)
#59     RenderObject.layout (package:flutter/src/rendering/object.dart:2923:7)
#60     RenderProxyBoxMixin.performLayout (package:flutter/src/rendering/proxy_box.dart:118:18)
#61     RenderObject.layout (package:flutter/src/rendering/object.dart:2923:7)
#62     RenderProxyBoxMixin.performLayout (package:flutter/src/rendering/proxy_box.dart:118:18)
#63     RenderObject.layout (package:flutter/src/rendering/object.dart:2923:7)
#64     RenderProxyBoxMixin.performLayout (package:flutter/src/rendering/proxy_box.dart:118:18)
#65     RenderObject.layout (package:flutter/src/rendering/object.dart:2923:7)
#66     RenderProxyBoxMixin.performLayout (package:flutter/src/rendering/proxy_box.dart:118:18)
#67     RenderObject.layout (package:flutter/src/rendering/object.dart:2923:7)
#68     RenderProxyBoxMixin.performLayout (package:flutter/src/rendering/proxy_box.dart:118:18)
#69     RenderObject.layout (package:flutter/src/rendering/object.dart:2923:7)
#70     RenderProxyBoxMixin.performLayout (package:flutter/src/rendering/proxy_box.dart:118:18)
#71     RenderObject.layout (package:flutter/src/rendering/object.dart:2923:7)
#72     RenderView.performLayout (package:flutter/src/rendering/view.dart:292:12)
#73     RenderObject._layoutWithoutResize (package:flutter/src/rendering/object.dart:2771:7)
#74     PipelineOwner.flushLayout (package:flutter/src/rendering/object.dart:1174:18)
#75     PipelineOwner.flushLayout (package:flutter/src/rendering/object.dart:1187:15)
#76     AutomatedTestWidgetsFlutterBinding.drawFrame (package:flutter_test/src/binding.dart:2434:27)
#77     RendererBinding._handlePersistentFrameCallback (package:flutter/src/rendering/binding.dart:558:5)
#78     SchedulerBinding._invokeFrameCallback (package:flutter/src/scheduler/binding.dart:1430:15)
#79     SchedulerBinding.handleDrawFrame (package:flutter/src/scheduler/binding.dart:1345:9)
#80     AutomatedTestWidgetsFlutterBinding.pump.<anonymous closure> (package:flutter_test/src/binding.dart:2261:9)
#83     TestAsyncUtils.guard (package:flutter_test/src/test_async_utils.dart:74:41)
#84     AutomatedTestWidgetsFlutterBinding.pump (package:flutter_test/src/binding.dart:2250:27)
#85     WidgetTester.pumpWidget.<anonymous closure> (package:flutter_test/src/widget_tester.dart:598:22)
#88     TestAsyncUtils.guard (package:flutter_test/src/test_async_utils.dart:74:41)
#89     WidgetTester.pumpWidget (package:flutter_test/src/widget_tester.dart:595:27)
#90     main.<anonymous closure> (file:///C:/Projekty/moja_pierwsza_apka/test/widget_test.dart:7:18)
#91     testWidgets.<anonymous closure>.<anonymous closure> (package:flutter_test/src/widget_tester.dart:192:29)
<asynchronous suspension>
#92     TestWidgetsFlutterBinding._runTestBody (package:flutter_test/src/binding.dart:1953:5)
<asynchronous suspension>
<asynchronous suspension>
(elided 7 frames from class _AssertionError, dart:async, and package:stack_trace)

The following RenderObject was being processed when the exception was fired: RenderClipRect#8afa9 relayoutBoundary=up1 NEEDS-LAYOUT NEEDS-PAINT NEEDS-COMPOSITING-BITS-UPDATE:
  creator: ClipRect ÔćÉ AnimatedBuilder ÔćÉ NotificationListener<ScrollNotification> ÔćÉ
    StretchingOverscrollIndicator ÔćÉ Scrollable ÔćÉ PrimaryScrollController ÔćÉ SingleChildScrollView ÔćÉ
    KeyedSubtree-[GlobalKey#2d3a8] ÔćÉ _BodyBuilder ÔćÉ MediaQuery ÔćÉ LayoutId-[<_ScaffoldSlot.body>] ÔćÉ
    CustomMultiChildLayout ÔćÉ Ôő»
  parentData: offset=Offset(0.0, 0.0); id=_ScaffoldSlot.body (can use size)
  constraints: BoxConstraints(0.0<=w<=800.0, 0.0<=h<=600.0)
  size: MISSING
This RenderObject had the following descendants (showing up to depth 5):
    child: RenderTransform#583f1 relayoutBoundary=up2 NEEDS-PAINT NEEDS-COMPOSITING-BITS-UPDATE
      child: _RenderScrollSemantics#cd6f0 relayoutBoundary=up3 NEEDS-PAINT NEEDS-COMPOSITING-BITS-UPDATE
        child: RenderPointerListener#bb47a relayoutBoundary=up4 NEEDS-PAINT NEEDS-COMPOSITING-BITS-UPDATE
          child: RenderSemanticsGestureHandler#06d73 relayoutBoundary=up5 NEEDS-PAINT NEEDS-COMPOSITING-BITS-UPDATE
            child: RenderPointerListener#60ea8 relayoutBoundary=up6 NEEDS-PAINT NEEDS-COMPOSITING-BITS-UPDATE
ÔĽÉÔĽÉÔĽÉÔĽÉÔĽÉÔĽÉÔĽÉÔĽÉÔĽÉÔĽÉÔĽÉÔĽÉÔĽÉÔĽÉÔĽÉÔĽÉÔĽÉÔĽÉÔĽÉÔĽÉÔĽÉÔĽÉÔĽÉÔĽÉÔĽÉÔĽÉÔĽÉÔĽÉÔĽÉÔĽÉÔĽÉÔĽÉÔĽÉÔĽÉÔĽÉÔĽÉÔĽÉÔĽÉÔĽÉÔĽÉÔĽÉÔĽÉÔĽÉÔĽÉÔĽÉÔĽÉÔĽÉÔĽÉÔĽÉÔĽÉÔĽÉÔĽÉÔĽÉÔĽÉÔĽÉÔĽÉÔĽÉÔĽÉÔĽÉÔĽÉÔĽÉÔĽÉÔĽÉÔĽÉÔĽÉÔĽÉÔĽÉÔĽÉÔĽÉÔĽÉÔĽÉÔĽÉÔĽÉÔĽÉÔĽÉÔĽÉÔĽÉÔĽÉÔĽÉÔĽÉÔĽÉÔĽÉÔĽÉÔĽÉÔĽÉÔĽÉÔĽÉÔĽÉÔĽÉÔĽÉÔĽÉÔĽÉÔĽÉÔĽÉÔĽÉÔĽÉÔĽÉÔĽÉÔĽÉÔĽÉ
ÔĽÉÔĽÉÔĽí EXCEPTION CAUGHT BY RENDERING LIBRARY ÔĽ×ÔĽÉÔĽÉÔĽÉÔĽÉÔĽÉÔĽÉÔĽÉÔĽÉÔĽÉÔĽÉÔĽÉÔĽÉÔĽÉÔĽÉÔĽÉÔĽÉÔĽÉÔĽÉÔĽÉÔĽÉÔĽÉÔĽÉÔĽÉÔĽÉÔĽÉÔĽÉÔĽÉÔĽÉÔĽÉÔĽÉÔĽÉÔĽÉÔĽÉÔĽÉÔĽÉÔĽÉÔĽÉÔĽÉÔĽÉÔĽÉÔĽÉÔĽÉÔĽÉÔĽÉÔĽÉÔĽÉÔĽÉÔĽÉÔĽÉÔĽÉÔĽÉÔĽÉÔĽÉÔĽÉÔĽÉÔĽÉÔĽÉ
The following assertion was thrown during performLayout():
RenderBox was not laid out: RenderClipRect#8afa9 relayoutBoundary=up1 NEEDS-PAINT
NEEDS-COMPOSITING-BITS-UPDATE
'package:flutter/src/rendering/box.dart':
Failed assertion: line 2251 pos 12: 'hasSize'

Either the assertion indicates an error in the framework itself, or we should provide substantially
more information in this error message to help you determine and fix the underlying cause.
In either case, please report this assertion by filing a bug on GitHub:
  https://github.com/flutter/flutter/issues/new?template=02_bug.yml

The relevant error-causing widget was:
  Scaffold Scaffold:file:///C:/Projekty/moja_pierwsza_apka/lib/main.dart:47:12

When the exception was thrown, this was the stack:
#2      RenderBox.size (package:flutter/src/rendering/box.dart:2251:12)
#3      MultiChildLayoutDelegate.layoutChild (package:flutter/src/rendering/custom_layout.dart:181:18)
#4      _ScaffoldLayout.performLayout (package:flutter/src/material/scaffold.dart:1113:7)
#5      MultiChildLayoutDelegate._callPerformLayout (package:flutter/src/rendering/custom_layout.dart:246:7)
#6      RenderCustomMultiChildLayoutBox.performLayout (package:flutter/src/rendering/custom_layout.dart:417:14)
#7      RenderObject.layout (package:flutter/src/rendering/object.dart:2923:7)
#8      RenderProxyBoxMixin.performLayout (package:flutter/src/rendering/proxy_box.dart:118:18)
#9      RenderObject.layout (package:flutter/src/rendering/object.dart:2923:7)
#10     RenderProxyBoxMixin.performLayout (package:flutter/src/rendering/proxy_box.dart:118:18)
#11     _RenderCustomClip.performLayout (package:flutter/src/rendering/proxy_box.dart:1549:11)
#12     RenderObject.layout (package:flutter/src/rendering/object.dart:2923:7)
#13     RenderProxyBoxMixin.performLayout (package:flutter/src/rendering/proxy_box.dart:118:18)
#14     RenderObject.layout (package:flutter/src/rendering/object.dart:2923:7)
#15     RenderProxyBoxMixin.performLayout (package:flutter/src/rendering/proxy_box.dart:118:18)
#16     RenderObject.layout (package:flutter/src/rendering/object.dart:2923:7)
#17     RenderProxyBoxMixin.performLayout (package:flutter/src/rendering/proxy_box.dart:118:18)
#18     RenderObject.layout (package:flutter/src/rendering/object.dart:2923:7)
#19     RenderProxyBoxMixin.performLayout (package:flutter/src/rendering/proxy_box.dart:118:18)
#20     RenderObject.layout (package:flutter/src/rendering/object.dart:2923:7)
#21     RenderProxyBoxMixin.performLayout (package:flutter/src/rendering/proxy_box.dart:118:18)
#22     RenderObject.layout (package:flutter/src/rendering/object.dart:2923:7)
#23     RenderProxyBoxMixin.performLayout (package:flutter/src/rendering/proxy_box.dart:118:18)
#24     RenderObject.layout (package:flutter/src/rendering/object.dart:2923:7)
#25     RenderProxyBoxMixin.performLayout (package:flutter/src/rendering/proxy_box.dart:118:18)
#26     RenderObject.layout (package:flutter/src/rendering/object.dart:2923:7)
#27     RenderProxyBoxMixin.performLayout (package:flutter/src/rendering/proxy_box.dart:118:18)
#28     RenderObject.layout (package:flutter/src/rendering/object.dart:2923:7)
#29     RenderProxyBoxMixin.performLayout (package:flutter/src/rendering/proxy_box.dart:118:18)
#30     RenderObject.layout (package:flutter/src/rendering/object.dart:2923:7)
#31     RenderProxyBoxMixin.performLayout (package:flutter/src/rendering/proxy_box.dart:118:18)
#32     RenderObject.layout (package:flutter/src/rendering/object.dart:2923:7)
#33     RenderProxyBoxMixin.performLayout (package:flutter/src/rendering/proxy_box.dart:118:18)
#34     RenderObject.layout (package:flutter/src/rendering/object.dart:2923:7)
#35     RenderProxyBoxMixin.performLayout (package:flutter/src/rendering/proxy_box.dart:118:18)
#36     RenderObject.layout (package:flutter/src/rendering/object.dart:2923:7)
#37     RenderProxyBoxMixin.performLayout (package:flutter/src/rendering/proxy_box.dart:118:18)
#38     RenderObject.layout (package:flutter/src/rendering/object.dart:2923:7)
#39     RenderProxyBoxMixin.performLayout (package:flutter/src/rendering/proxy_box.dart:118:18)
#40     RenderObject.layout (package:flutter/src/rendering/object.dart:2923:7)
#41     RenderProxyBoxMixin.performLayout (package:flutter/src/rendering/proxy_box.dart:118:18)
#42     RenderObject.layout (package:flutter/src/rendering/object.dart:2923:7)
#43     RenderProxyBoxMixin.performLayout (package:flutter/src/rendering/proxy_box.dart:118:18)
#44     RenderOffstage.performLayout (package:flutter/src/rendering/proxy_box.dart:3923:13)
#45     RenderObject.layout (package:flutter/src/rendering/object.dart:2923:7)
#46     RenderProxyBoxMixin.performLayout (package:flutter/src/rendering/proxy_box.dart:118:18)
#47     RenderObject.layout (package:flutter/src/rendering/object.dart:2923:7)
#48     _RenderTheaterMixin.layoutChild (package:flutter/src/widgets/overlay.dart:1124:13)
#49     _RenderTheater.performLayout (package:flutter/src/widgets/overlay.dart:1482:9)
#50     RenderObject.layout (package:flutter/src/rendering/object.dart:2923:7)
#51     RenderProxyBoxMixin.performLayout (package:flutter/src/rendering/proxy_box.dart:118:18)
#52     RenderObject.layout (package:flutter/src/rendering/object.dart:2923:7)
#53     RenderProxyBoxMixin.performLayout (package:flutter/src/rendering/proxy_box.dart:118:18)
#54     RenderObject.layout (package:flutter/src/rendering/object.dart:2923:7)
#55     RenderProxyBoxMixin.performLayout (package:flutter/src/rendering/proxy_box.dart:118:18)
#56     RenderObject.layout (package:flutter/src/rendering/object.dart:2923:7)
#57     RenderProxyBoxMixin.performLayout (package:flutter/src/rendering/proxy_box.dart:118:18)
#58     RenderObject.layout (package:flutter/src/rendering/object.dart:2923:7)
#59     RenderProxyBoxMixin.performLayout (package:flutter/src/rendering/proxy_box.dart:118:18)
#60     RenderObject.layout (package:flutter/src/rendering/object.dart:2923:7)
#61     RenderProxyBoxMixin.performLayout (package:flutter/src/rendering/proxy_box.dart:118:18)
#62     RenderObject.layout (package:flutter/src/rendering/object.dart:2923:7)
#63     RenderProxyBoxMixin.performLayout (package:flutter/src/rendering/proxy_box.dart:118:18)
#64     RenderObject.layout (package:flutter/src/rendering/object.dart:2923:7)
#65     RenderProxyBoxMixin.performLayout (package:flutter/src/rendering/proxy_box.dart:118:18)
#66     RenderObject.layout (package:flutter/src/rendering/object.dart:2923:7)
#67     RenderProxyBoxMixin.performLayout (package:flutter/src/rendering/proxy_box.dart:118:18)
#68     RenderObject.layout (package:flutter/src/rendering/object.dart:2923:7)
#69     RenderView.performLayout (package:flutter/src/rendering/view.dart:292:12)
#70     RenderObject._layoutWithoutResize (package:flutter/src/rendering/object.dart:2771:7)
#71     PipelineOwner.flushLayout (package:flutter/src/rendering/object.dart:1174:18)
#72     PipelineOwner.flushLayout (package:flutter/src/rendering/object.dart:1187:15)
#73     AutomatedTestWidgetsFlutterBinding.drawFrame (package:flutter_test/src/binding.dart:2434:27)
#74     RendererBinding._handlePersistentFrameCallback (package:flutter/src/rendering/binding.dart:558:5)
#75     SchedulerBinding._invokeFrameCallback (package:flutter/src/scheduler/binding.dart:1430:15)
#76     SchedulerBinding.handleDrawFrame (package:flutter/src/scheduler/binding.dart:1345:9)
#77     AutomatedTestWidgetsFlutterBinding.pump.<anonymous closure> (package:flutter_test/src/binding.dart:2261:9)
#80     TestAsyncUtils.guard (package:flutter_test/src/test_async_utils.dart:74:41)
#81     AutomatedTestWidgetsFlutterBinding.pump (package:flutter_test/src/binding.dart:2250:27)
#82     WidgetTester.pumpWidget.<anonymous closure> (package:flutter_test/src/widget_tester.dart:598:22)
#85     TestAsyncUtils.guard (package:flutter_test/src/test_async_utils.dart:74:41)
#86     WidgetTester.pumpWidget (package:flutter_test/src/widget_tester.dart:595:27)
#87     main.<anonymous closure> (file:///C:/Projekty/moja_pierwsza_apka/test/widget_test.dart:7:18)
#88     testWidgets.<anonymous closure>.<anonymous closure> (package:flutter_test/src/widget_tester.dart:192:29)
<asynchronous suspension>
#89     TestWidgetsFlutterBinding._runTestBody (package:flutter_test/src/binding.dart:1953:5)
<asynchronous suspension>
<asynchronous suspension>
(elided 7 frames from class _AssertionError, dart:async, and package:stack_trace)

The following RenderObject was being processed when the exception was fired: RenderCustomMultiChildLayoutBox#399fa NEEDS-LAYOUT NEEDS-PAINT NEEDS-COMPOSITING-BITS-UPDATE:
  creator: CustomMultiChildLayout ÔćÉ _ActionsScope ÔćÉ Actions ÔćÉ Builder ÔćÉ DefaultTextStyle ÔćÉ
    AnimatedDefaultTextStyle ÔćÉ _InkFeatures-[GlobalKey#7862c ink renderer] ÔćÉ
    NotificationListener<LayoutChangedNotification> ÔćÉ PhysicalModel ÔćÉ AnimatedPhysicalModel ÔćÉ Material
    ÔćÉ _ScrollNotificationObserverScope ÔćÉ Ôő»
  parentData: <none> (can use size)
  constraints: BoxConstraints(w=800.0, h=600.0)
  size: Size(800.0, 600.0)
This RenderObject had the following descendants (showing up to depth 5):
    child 1: RenderClipRect#8afa9 relayoutBoundary=up1 NEEDS-PAINT NEEDS-COMPOSITING-BITS-UPDATE
      child: RenderTransform#583f1 relayoutBoundary=up2 NEEDS-PAINT NEEDS-COMPOSITING-BITS-UPDATE
        child: _RenderScrollSemantics#cd6f0 relayoutBoundary=up3 NEEDS-PAINT NEEDS-COMPOSITING-BITS-UPDATE
          child: RenderPointerListener#bb47a relayoutBoundary=up4 NEEDS-PAINT NEEDS-COMPOSITING-BITS-UPDATE
            child: RenderSemanticsGestureHandler#06d73 relayoutBoundary=up5 NEEDS-PAINT NEEDS-COMPOSITING-BITS-UPDATE
    child 2: RenderStack#6673b NEEDS-LAYOUT NEEDS-PAINT NEEDS-COMPOSITING-BITS-UPDATE
      child 1: RenderTransform#6489c NEEDS-LAYOUT NEEDS-PAINT NEEDS-COMPOSITING-BITS-UPDATE
        child: RenderTransform#3ee98 NEEDS-LAYOUT NEEDS-PAINT
ÔĽÉÔĽÉÔĽÉÔĽÉÔĽÉÔĽÉÔĽÉÔĽÉÔĽÉÔĽÉÔĽÉÔĽÉÔĽÉÔĽÉÔĽÉÔĽÉÔĽÉÔĽÉÔĽÉÔĽÉÔĽÉÔĽÉÔĽÉÔĽÉÔĽÉÔĽÉÔĽÉÔĽÉÔĽÉÔĽÉÔĽÉÔĽÉÔĽÉÔĽÉÔĽÉÔĽÉÔĽÉÔĽÉÔĽÉÔĽÉÔĽÉÔĽÉÔĽÉÔĽÉÔĽÉÔĽÉÔĽÉÔĽÉÔĽÉÔĽÉÔĽÉÔĽÉÔĽÉÔĽÉÔĽÉÔĽÉÔĽÉÔĽÉÔĽÉÔĽÉÔĽÉÔĽÉÔĽÉÔĽÉÔĽÉÔĽÉÔĽÉÔĽÉÔĽÉÔĽÉÔĽÉÔĽÉÔĽÉÔĽÉÔĽÉÔĽÉÔĽÉÔĽÉÔĽÉÔĽÉÔĽÉÔĽÉÔĽÉÔĽÉÔĽÉÔĽÉÔĽÉÔĽÉÔĽÉÔĽÉÔĽÉÔĽÉÔĽÉÔĽÉÔĽÉÔĽÉÔĽÉÔĽÉÔĽÉÔĽÉ
ÔĽÉÔĽÉÔĽí EXCEPTION CAUGHT BY RENDERING LIBRARY ÔĽ×ÔĽÉÔĽÉÔĽÉÔĽÉÔĽÉÔĽÉÔĽÉÔĽÉÔĽÉÔĽÉÔĽÉÔĽÉÔĽÉÔĽÉÔĽÉÔĽÉÔĽÉÔĽÉÔĽÉÔĽÉÔĽÉÔĽÉÔĽÉÔĽÉÔĽÉÔĽÉÔĽÉÔĽÉÔĽÉÔĽÉÔĽÉÔĽÉÔĽÉÔĽÉÔĽÉÔĽÉÔĽÉÔĽÉÔĽÉÔĽÉÔĽÉÔĽÉÔĽÉÔĽÉÔĽÉÔĽÉÔĽÉÔĽÉÔĽÉÔĽÉÔĽÉÔĽÉÔĽÉÔĽÉÔĽÉÔĽÉÔĽÉ
The following assertion was thrown during paint():
RenderBox was not laid out: RenderTransform#583f1 relayoutBoundary=up2
'package:flutter/src/rendering/box.dart':
Failed assertion: line 2251 pos 12: 'hasSize'

Either the assertion indicates an error in the framework itself, or we should provide substantially
more information in this error message to help you determine and fix the underlying cause.
In either case, please report this assertion by filing a bug on GitHub:
  https://github.com/flutter/flutter/issues/new?template=02_bug.yml

The relevant error-causing widget was:
  SingleChildScrollView
  SingleChildScrollView:file:///C:/Projekty/moja_pierwsza_apka/lib/main.dart:48:13

When the exception was thrown, this was the stack:
#2      RenderBox.size (package:flutter/src/rendering/box.dart:2251:12)
#3      RenderTransform._effectiveTransform (package:flutter/src/rendering/proxy_box.dart:2700:49)
#4      RenderTransform.paint (package:flutter/src/rendering/proxy_box.dart:2737:33)
#5      RenderObject._paintWithContext (package:flutter/src/rendering/object.dart:3580:7)
#6      PaintingContext.paintChild (package:flutter/src/rendering/object.dart:265:13)
#7      RenderClipRect.paint (package:flutter/src/rendering/proxy_box.dart:1653:17)
#8      RenderObject._paintWithContext (package:flutter/src/rendering/object.dart:3580:7)
#9      PaintingContext.paintChild (package:flutter/src/rendering/object.dart:265:13)
#10     RenderBoxContainerDefaultsMixin.defaultPaint (package:flutter/src/rendering/box.dart:3390:15)
#11     RenderCustomMultiChildLayoutBox.paint (package:flutter/src/rendering/custom_layout.dart:422:5)
#12     RenderObject._paintWithContext (package:flutter/src/rendering/object.dart:3580:7)
#13     PaintingContext.paintChild (package:flutter/src/rendering/object.dart:265:13)
#14     RenderProxyBoxMixin.paint (package:flutter/src/rendering/proxy_box.dart:143:13)
#15     _RenderInkFeatures.paint (package:flutter/src/material/material.dart:634:11)
#16     RenderObject._paintWithContext (package:flutter/src/rendering/object.dart:3580:7)
#17     PaintingContext.paintChild (package:flutter/src/rendering/object.dart:265:13)
#18     RenderProxyBoxMixin.paint (package:flutter/src/rendering/proxy_box.dart:143:13)
#19     RenderPhysicalModel.paint.<anonymous closure> (package:flutter/src/rendering/proxy_box.dart:2252:15)
#20     PaintingContext.pushClipRRect (package:flutter/src/rendering/object.dart:626:14)
#21     RenderPhysicalModel.paint (package:flutter/src/rendering/proxy_box.dart:2239:21)
#22     RenderObject._paintWithContext (package:flutter/src/rendering/object.dart:3580:7)
#23     PaintingContext.paintChild (package:flutter/src/rendering/object.dart:265:13)
#24     RenderProxyBoxMixin.paint (package:flutter/src/rendering/proxy_box.dart:143:13)
#25     RenderObject._paintWithContext (package:flutter/src/rendering/object.dart:3580:7)
#26     PaintingContext.paintChild (package:flutter/src/rendering/object.dart:265:13)
#27     RenderProxyBoxMixin.paint (package:flutter/src/rendering/proxy_box.dart:143:13)
#28     RenderObject._paintWithContext (package:flutter/src/rendering/object.dart:3580:7)
#29     PaintingContext._repaintCompositedChild (package:flutter/src/rendering/object.dart:180:11)
#30     PaintingContext.repaintCompositedChild (package:flutter/src/rendering/object.dart:125:5)
#31     PaintingContext._compositeChild (package:flutter/src/rendering/object.dart:276:7)
#32     PaintingContext.paintChild (package:flutter/src/rendering/object.dart:257:7)
#33     RenderProxyBoxMixin.paint (package:flutter/src/rendering/proxy_box.dart:143:13)
#34     RenderObject._paintWithContext (package:flutter/src/rendering/object.dart:3580:7)
#35     PaintingContext.paintChild (package:flutter/src/rendering/object.dart:265:13)
#36     RenderProxyBoxMixin.paint (package:flutter/src/rendering/proxy_box.dart:143:13)
#37     RenderFractionalTranslation.paint (package:flutter/src/rendering/proxy_box.dart:3138:13)
#38     RenderObject._paintWithContext (package:flutter/src/rendering/object.dart:3580:7)
#39     PaintingContext.paintChild (package:flutter/src/rendering/object.dart:265:13)
#40     RenderProxyBoxMixin.paint (package:flutter/src/rendering/proxy_box.dart:143:13)
#41     RenderAnimatedOpacityMixin.paint (package:flutter/src/rendering/proxy_box.dart:1079:11)
#42     RenderObject._paintWithContext (package:flutter/src/rendering/object.dart:3580:7)
#43     PaintingContext._repaintCompositedChild (package:flutter/src/rendering/object.dart:180:11)
#44     PaintingContext.repaintCompositedChild (package:flutter/src/rendering/object.dart:125:5)
#45     PaintingContext._compositeChild (package:flutter/src/rendering/object.dart:276:7)
#46     PaintingContext.paintChild (package:flutter/src/rendering/object.dart:257:7)
#47     RenderProxyBoxMixin.paint (package:flutter/src/rendering/proxy_box.dart:143:13)
#48     RenderFractionalTranslation.paint (package:flutter/src/rendering/proxy_box.dart:3138:13)
#49     RenderObject._paintWithContext (package:flutter/src/rendering/object.dart:3580:7)
#50     PaintingContext.paintChild (package:flutter/src/rendering/object.dart:265:13)
#51     RenderProxyBoxMixin.paint (package:flutter/src/rendering/proxy_box.dart:143:13)
#52     RenderAnimatedOpacityMixin.paint (package:flutter/src/rendering/proxy_box.dart:1079:11)
#53     RenderObject._paintWithContext (package:flutter/src/rendering/object.dart:3580:7)
#54     PaintingContext._repaintCompositedChild (package:flutter/src/rendering/object.dart:180:11)
#55     PaintingContext.repaintCompositedChild (package:flutter/src/rendering/object.dart:125:5)
#56     PaintingContext._compositeChild (package:flutter/src/rendering/object.dart:276:7)
#57     PaintingContext.paintChild (package:flutter/src/rendering/object.dart:257:7)
#58     _RenderColoredBox.paint (package:flutter/src/widgets/basic.dart:8472:15)
#59     RenderObject._paintWithContext (package:flutter/src/rendering/object.dart:3580:7)
#60     PaintingContext.paintChild (package:flutter/src/rendering/object.dart:265:13)
#61     RenderProxyBoxMixin.paint (package:flutter/src/rendering/proxy_box.dart:143:13)
#62     RenderFractionalTranslation.paint (package:flutter/src/rendering/proxy_box.dart:3138:13)
#63     RenderObject._paintWithContext (package:flutter/src/rendering/object.dart:3580:7)
#64     PaintingContext.paintChild (package:flutter/src/rendering/object.dart:265:13)
#65     RenderProxyBoxMixin.paint (package:flutter/src/rendering/proxy_box.dart:143:13)
#66     RenderAnimatedOpacityMixin.paint (package:flutter/src/rendering/proxy_box.dart:1079:11)
#67     RenderObject._paintWithContext (package:flutter/src/rendering/object.dart:3580:7)
#68     PaintingContext._repaintCompositedChild (package:flutter/src/rendering/object.dart:180:11)
#69     PaintingContext.repaintCompositedChild (package:flutter/src/rendering/object.dart:125:5)
#70     PaintingContext._compositeChild (package:flutter/src/rendering/object.dart:276:7)
#71     PaintingContext.paintChild (package:flutter/src/rendering/object.dart:257:7)
#72     RenderProxyBoxMixin.paint (package:flutter/src/rendering/proxy_box.dart:143:13)
#73     RenderObject._paintWithContext (package:flutter/src/rendering/object.dart:3580:7)
#74     PaintingContext.paintChild (package:flutter/src/rendering/object.dart:265:13)
#75     RenderProxyBoxMixin.paint (package:flutter/src/rendering/proxy_box.dart:143:13)
#76     RenderFractionalTranslation.paint (package:flutter/src/rendering/proxy_box.dart:3138:13)
#77     RenderObject._paintWithContext (package:flutter/src/rendering/object.dart:3580:7)
#78     PaintingContext.paintChild (package:flutter/src/rendering/object.dart:265:13)
#79     RenderProxyBoxMixin.paint (package:flutter/src/rendering/proxy_box.dart:143:13)
#80     RenderAnimatedOpacityMixin.paint (package:flutter/src/rendering/proxy_box.dart:1079:11)
#81     RenderObject._paintWithContext (package:flutter/src/rendering/object.dart:3580:7)
#82     PaintingContext._repaintCompositedChild (package:flutter/src/rendering/object.dart:180:11)
#83     PaintingContext.repaintCompositedChild (package:flutter/src/rendering/object.dart:125:5)
#84     PaintingContext._compositeChild (package:flutter/src/rendering/object.dart:276:7)
#85     PaintingContext.paintChild (package:flutter/src/rendering/object.dart:257:7)
#86     RenderProxyBoxMixin.paint (package:flutter/src/rendering/proxy_box.dart:143:13)
#87     RenderObject._paintWithContext (package:flutter/src/rendering/object.dart:3580:7)
#88     PaintingContext._repaintCompositedChild (package:flutter/src/rendering/object.dart:180:11)
#89     PaintingContext.repaintCompositedChild (package:flutter/src/rendering/object.dart:125:5)
#90     PaintingContext._compositeChild (package:flutter/src/rendering/object.dart:276:7)
#91     PaintingContext.paintChild (package:flutter/src/rendering/object.dart:257:7)
#92     RenderProxyBoxMixin.paint (package:flutter/src/rendering/proxy_box.dart:143:13)
#93     RenderObject._paintWithContext (package:flutter/src/rendering/object.dart:3580:7)
#94     PaintingContext.paintChild (package:flutter/src/rendering/object.dart:265:13)
#95     RenderProxyBoxMixin.paint (package:flutter/src/rendering/proxy_box.dart:143:13)
#96     RenderOffstage.paint (package:flutter/src/rendering/proxy_box.dart:3943:11)
#97     RenderObject._paintWithContext (package:flutter/src/rendering/object.dart:3580:7)
#98     PaintingContext.paintChild (package:flutter/src/rendering/object.dart:265:13)
#99     RenderProxyBoxMixin.paint (package:flutter/src/rendering/proxy_box.dart:143:13)
#100    RenderObject._paintWithContext (package:flutter/src/rendering/object.dart:3580:7)
#101    PaintingContext.paintChild (package:flutter/src/rendering/object.dart:265:13)
#102    _RenderTheaterMixin.paint (package:flutter/src/widgets/overlay.dart:1159:15)
#103    _RenderTheater.paint (package:flutter/src/widgets/overlay.dart:1543:13)
#104    RenderObject._paintWithContext (package:flutter/src/rendering/object.dart:3580:7)
#105    PaintingContext.paintChild (package:flutter/src/rendering/object.dart:265:13)
#106    RenderProxyBoxMixin.paint (package:flutter/src/rendering/proxy_box.dart:143:13)
#107    RenderObject._paintWithContext (package:flutter/src/rendering/object.dart:3580:7)
#108    PaintingContext.paintChild (package:flutter/src/rendering/object.dart:265:13)
#109    RenderProxyBoxMixin.paint (package:flutter/src/rendering/proxy_box.dart:143:13)
#110    RenderObject._paintWithContext (package:flutter/src/rendering/object.dart:3580:7)
#111    PaintingContext.paintChild (package:flutter/src/rendering/object.dart:265:13)
#112    RenderProxyBoxMixin.paint (package:flutter/src/rendering/proxy_box.dart:143:13)
#113    RenderObject._paintWithContext (package:flutter/src/rendering/object.dart:3580:7)
#114    PaintingContext.paintChild (package:flutter/src/rendering/object.dart:265:13)
#115    RenderProxyBoxMixin.paint (package:flutter/src/rendering/proxy_box.dart:143:13)
#116    RenderObject._paintWithContext (package:flutter/src/rendering/object.dart:3580:7)
#117    PaintingContext.paintChild (package:flutter/src/rendering/object.dart:265:13)
#118    RenderProxyBoxMixin.paint (package:flutter/src/rendering/proxy_box.dart:143:13)
#119    RenderObject._paintWithContext (package:flutter/src/rendering/object.dart:3580:7)
#120    PaintingContext.paintChild (package:flutter/src/rendering/object.dart:265:13)
#121    RenderProxyBoxMixin.paint (package:flutter/src/rendering/proxy_box.dart:143:13)
#122    RenderObject._paintWithContext (package:flutter/src/rendering/object.dart:3580:7)
#123    PaintingContext.paintChild (package:flutter/src/rendering/object.dart:265:13)
#124    RenderProxyBoxMixin.paint (package:flutter/src/rendering/proxy_box.dart:143:13)
#125    RenderObject._paintWithContext (package:flutter/src/rendering/object.dart:3580:7)
#126    PaintingContext.paintChild (package:flutter/src/rendering/object.dart:265:13)
#127    RenderProxyBoxMixin.paint (package:flutter/src/rendering/proxy_box.dart:143:13)
#128    RenderObject._paintWithContext (package:flutter/src/rendering/object.dart:3580:7)
#129    PaintingContext.paintChild (package:flutter/src/rendering/object.dart:265:13)
#130    RenderProxyBoxMixin.paint (package:flutter/src/rendering/proxy_box.dart:143:13)
#131    RenderObject._paintWithContext (package:flutter/src/rendering/object.dart:3580:7)
#132    PaintingContext.paintChild (package:flutter/src/rendering/object.dart:265:13)
#133    RenderView.paint (package:flutter/src/rendering/view.dart:320:15)
#134    RenderObject._paintWithContext (package:flutter/src/rendering/object.dart:3580:7)
#135    PaintingContext._repaintCompositedChild (package:flutter/src/rendering/object.dart:180:11)
#136    PaintingContext.repaintCompositedChild (package:flutter/src/rendering/object.dart:125:5)
#137    PipelineOwner.flushPaint (package:flutter/src/rendering/object.dart:1325:31)
#138    PipelineOwner.flushPaint (package:flutter/src/rendering/object.dart:1335:15)
#139    AutomatedTestWidgetsFlutterBinding.drawFrame (package:flutter_test/src/binding.dart:2438:31)
#140    RendererBinding._handlePersistentFrameCallback (package:flutter/src/rendering/binding.dart:558:5)
#141    SchedulerBinding._invokeFrameCallback (package:flutter/src/scheduler/binding.dart:1430:15)
#142    SchedulerBinding.handleDrawFrame (package:flutter/src/scheduler/binding.dart:1345:9)
#143    AutomatedTestWidgetsFlutterBinding.pump.<anonymous closure> (package:flutter_test/src/binding.dart:2261:9)
#146    TestAsyncUtils.guard (package:flutter_test/src/test_async_utils.dart:74:41)
#147    AutomatedTestWidgetsFlutterBinding.pump (package:flutter_test/src/binding.dart:2250:27)
#148    WidgetTester.pumpWidget.<anonymous closure> (package:flutter_test/src/widget_tester.dart:598:22)
#151    TestAsyncUtils.guard (package:flutter_test/src/test_async_utils.dart:74:41)
#152    WidgetTester.pumpWidget (package:flutter_test/src/widget_tester.dart:595:27)
#153    main.<anonymous closure> (file:///C:/Projekty/moja_pierwsza_apka/test/widget_test.dart:7:18)
#154    testWidgets.<anonymous closure>.<anonymous closure> (package:flutter_test/src/widget_tester.dart:192:29)
<asynchronous suspension>
#155    TestWidgetsFlutterBinding._runTestBody (package:flutter_test/src/binding.dart:1953:5)
<asynchronous suspension>
<asynchronous suspension>
(elided 7 frames from class _AssertionError, dart:async, and package:stack_trace)

The following RenderObject was being processed when the exception was fired: RenderTransform#583f1 relayoutBoundary=up2:
  needs compositing
  creator: Transform ÔćÉ StretchEffect ÔćÉ ClipRect ÔćÉ AnimatedBuilder ÔćÉ
    NotificationListener<ScrollNotification> ÔćÉ StretchingOverscrollIndicator ÔćÉ Scrollable ÔćÉ
    PrimaryScrollController ÔćÉ SingleChildScrollView ÔćÉ KeyedSubtree-[GlobalKey#2d3a8] ÔćÉ _BodyBuilder ÔćÉ
    MediaQuery ÔćÉ Ôő»
  parentData: <none> (can use size)
  constraints: BoxConstraints(0.0<=w<=800.0, 0.0<=h<=600.0)
  size: MISSING
  transform matrix:
    [0] 1.0,0.0,0.0,0.0
    [1] 0.0,1.0,0.0,0.0
    [2] 0.0,0.0,1.0,0.0
    [3] 0.0,0.0,0.0,1.0
  origin: null
  alignment: AlignmentDirectional.bottomCenter
  textDirection: ltr
  transformHitTests: true
This RenderObject had the following descendants (showing up to depth 5):
    child: _RenderScrollSemantics#cd6f0 relayoutBoundary=up3 NEEDS-PAINT
      child: RenderPointerListener#bb47a relayoutBoundary=up4 NEEDS-PAINT
        child: RenderSemanticsGestureHandler#06d73 relayoutBoundary=up5 NEEDS-PAINT
          child: RenderPointerListener#60ea8 relayoutBoundary=up6 NEEDS-PAINT
            child: RenderSemanticsAnnotations#5b2b7 relayoutBoundary=up7 NEEDS-PAINT
ÔĽÉÔĽÉÔĽÉÔĽÉÔĽÉÔĽÉÔĽÉÔĽÉÔĽÉÔĽÉÔĽÉÔĽÉÔĽÉÔĽÉÔĽÉÔĽÉÔĽÉÔĽÉÔĽÉÔĽÉÔĽÉÔĽÉÔĽÉÔĽÉÔĽÉÔĽÉÔĽÉÔĽÉÔĽÉÔĽÉÔĽÉÔĽÉÔĽÉÔĽÉÔĽÉÔĽÉÔĽÉÔĽÉÔĽÉÔĽÉÔĽÉÔĽÉÔĽÉÔĽÉÔĽÉÔĽÉÔĽÉÔĽÉÔĽÉÔĽÉÔĽÉÔĽÉÔĽÉÔĽÉÔĽÉÔĽÉÔĽÉÔĽÉÔĽÉÔĽÉÔĽÉÔĽÉÔĽÉÔĽÉÔĽÉÔĽÉÔĽÉÔĽÉÔĽÉÔĽÉÔĽÉÔĽÉÔĽÉÔĽÉÔĽÉÔĽÉÔĽÉÔĽÉÔĽÉÔĽÉÔĽÉÔĽÉÔĽÉÔĽÉÔĽÉÔĽÉÔĽÉÔĽÉÔĽÉÔĽÉÔĽÉÔĽÉÔĽÉÔĽÉÔĽÉÔĽÉÔĽÉÔĽÉÔĽÉÔĽÉ
ÔĽÉÔĽÉÔĽí EXCEPTION CAUGHT BY SCHEDULER LIBRARY ÔĽ×ÔĽÉÔĽÉÔĽÉÔĽÉÔĽÉÔĽÉÔĽÉÔĽÉÔĽÉÔĽÉÔĽÉÔĽÉÔĽÉÔĽÉÔĽÉÔĽÉÔĽÉÔĽÉÔĽÉÔĽÉÔĽÉÔĽÉÔĽÉÔĽÉÔĽÉÔĽÉÔĽÉÔĽÉÔĽÉÔĽÉÔĽÉÔĽÉÔĽÉÔĽÉÔĽÉÔĽÉÔĽÉÔĽÉÔĽÉÔĽÉÔĽÉÔĽÉÔĽÉÔĽÉÔĽÉÔĽÉÔĽÉÔĽÉÔĽÉÔĽÉÔĽÉÔĽÉÔĽÉÔĽÉÔĽÉÔĽÉÔĽÉ
The following assertion was thrown during a scheduler callback:
'package:flutter/src/rendering/object.dart': Failed assertion: line 6018 pos 14:
'!childSemantics.renderObject._needsLayout': is not true.

Either the assertion indicates an error in the framework itself, or we should provide substantially
more information in this error message to help you determine and fix the underlying cause.
In either case, please report this assertion by filing a bug on GitHub:
  https://github.com/flutter/flutter/issues/new?template=02_bug.yml

When the exception was thrown, this was the stack:
#2      _RenderObjectSemantics._collectChildMergeUpAndSiblingGroup (package:flutter/src/rendering/object.dart:6018:14)
#3      _RenderObjectSemantics.updateChildren (package:flutter/src/rendering/object.dart:5844:50)
#4      _RenderObjectSemantics._didUpdateParentData (package:flutter/src/rendering/object.dart:6095:5)
#5      _RenderObjectSemantics._collectChildMergeUpAndSiblingGroup (package:flutter/src/rendering/object.dart:6019:22)
#6      _RenderObjectSemantics.updateChildren (package:flutter/src/rendering/object.dart:5844:50)
#7      _RenderObjectSemantics._didUpdateParentData (package:flutter/src/rendering/object.dart:6095:5)
#8      _RenderObjectSemantics._collectChildMergeUpAndSiblingGroup (package:flutter/src/rendering/object.dart:6019:22)
#9      _RenderObjectSemantics.updateChildren (package:flutter/src/rendering/object.dart:5844:50)
#10     _RenderObjectSemantics._didUpdateParentData (package:flutter/src/rendering/object.dart:6095:5)
#11     _RenderObjectSemantics._collectChildMergeUpAndSiblingGroup (package:flutter/src/rendering/object.dart:6019:22)
#12     _RenderObjectSemantics.updateChildren (package:flutter/src/rendering/object.dart:5844:50)
#13     _RenderObjectSemantics._didUpdateParentData (package:flutter/src/rendering/object.dart:6095:5)
#14     _RenderObjectSemantics._collectChildMergeUpAndSiblingGroup (package:flutter/src/rendering/object.dart:6019:22)
#15     _RenderObjectSemantics.updateChildren (package:flutter/src/rendering/object.dart:5844:50)
#16     _RenderObjectSemantics._didUpdateParentData (package:flutter/src/rendering/object.dart:6095:5)
#17     _RenderObjectSemantics._collectChildMergeUpAndSiblingGroup (package:flutter/src/rendering/object.dart:6019:22)
#18     _RenderObjectSemantics.updateChildren (package:flutter/src/rendering/object.dart:5844:50)
#19     _RenderObjectSemantics._didUpdateParentData (package:flutter/src/rendering/object.dart:6095:5)
#20     _RenderObjectSemantics._collectChildMergeUpAndSiblingGroup (package:flutter/src/rendering/object.dart:6019:22)
#21     _RenderObjectSemantics.updateChildren (package:flutter/src/rendering/object.dart:5844:50)
#22     _RenderObjectSemantics._didUpdateParentData (package:flutter/src/rendering/object.dart:6095:5)
#23     _RenderObjectSemantics._collectChildMergeUpAndSiblingGroup (package:flutter/src/rendering/object.dart:6019:22)
#24     _RenderObjectSemantics.updateChildren (package:flutter/src/rendering/object.dart:5844:50)
#25     _RenderObjectSemantics._didUpdateParentData (package:flutter/src/rendering/object.dart:6095:5)
#26     _RenderObjectSemantics._collectChildMergeUpAndSiblingGroup (package:flutter/src/rendering/object.dart:6019:22)
#27     _RenderObjectSemantics.updateChildren (package:flutter/src/rendering/object.dart:5844:50)
#28     _RenderObjectSemantics._didUpdateParentData (package:flutter/src/rendering/object.dart:6095:5)
#29     _RenderObjectSemantics._collectChildMergeUpAndSiblingGroup (package:flutter/src/rendering/object.dart:6019:22)
#30     _RenderObjectSemantics.updateChildren (package:flutter/src/rendering/object.dart:5844:50)
#31     _RenderObjectSemantics._didUpdateParentData (package:flutter/src/rendering/object.dart:6095:5)
#32     _RenderObjectSemantics._collectChildMergeUpAndSiblingGroup (package:flutter/src/rendering/object.dart:6019:22)
#33     _RenderObjectSemantics.updateChildren (package:flutter/src/rendering/object.dart:5844:50)
#34     _RenderObjectSemantics._didUpdateParentData (package:flutter/src/rendering/object.dart:6095:5)
#35     _RenderObjectSemantics._collectChildMergeUpAndSiblingGroup (package:flutter/src/rendering/object.dart:6019:22)
#36     _RenderObjectSemantics.updateChildren (package:flutter/src/rendering/object.dart:5844:50)
#37     _RenderObjectSemantics._didUpdateParentData (package:flutter/src/rendering/object.dart:6095:5)
#38     _RenderObjectSemantics._collectChildMergeUpAndSiblingGroup (package:flutter/src/rendering/object.dart:6019:22)
#39     _RenderObjectSemantics.updateChildren (package:flutter/src/rendering/object.dart:5844:50)
#40     _RenderObjectSemantics._didUpdateParentData (package:flutter/src/rendering/object.dart:6095:5)
#41     _RenderObjectSemantics._collectChildMergeUpAndSiblingGroup (package:flutter/src/rendering/object.dart:6019:22)
#42     _RenderObjectSemantics.updateChildren (package:flutter/src/rendering/object.dart:5844:50)
#43     _RenderObjectSemantics._didUpdateParentData (package:flutter/src/rendering/object.dart:6095:5)
#44     _RenderObjectSemantics._collectChildMergeUpAndSiblingGroup (package:flutter/src/rendering/object.dart:6019:22)
#45     _RenderObjectSemantics.updateChildren (package:flutter/src/rendering/object.dart:5844:50)
#46     _RenderObjectSemantics._didUpdateParentData (package:flutter/src/rendering/object.dart:6095:5)
#47     _RenderObjectSemantics._collectChildMergeUpAndSiblingGroup (package:flutter/src/rendering/object.dart:6019:22)
#48     _RenderObjectSemantics.updateChildren (package:flutter/src/rendering/object.dart:5844:50)
#49     _RenderObjectSemantics._didUpdateParentData (package:flutter/src/rendering/object.dart:6095:5)
#50     _RenderObjectSemantics._collectChildMergeUpAndSiblingGroup (package:flutter/src/rendering/object.dart:6019:22)
#51     _RenderObjectSemantics.updateChildren (package:flutter/src/rendering/object.dart:5844:50)
#52     _RenderObjectSemantics._didUpdateParentData (package:flutter/src/rendering/object.dart:6095:5)
#53     _RenderObjectSemantics._collectChildMergeUpAndSiblingGroup (package:flutter/src/rendering/object.dart:6019:22)
#54     _RenderObjectSemantics.updateChildren (package:flutter/src/rendering/object.dart:5844:50)
#55     _RenderObjectSemantics._didUpdateParentData (package:flutter/src/rendering/object.dart:6095:5)
#56     _RenderObjectSemantics._collectChildMergeUpAndSiblingGroup (package:flutter/src/rendering/object.dart:6019:22)
#57     _RenderObjectSemantics.updateChildren (package:flutter/src/rendering/object.dart:5844:50)
#58     _RenderObjectSemantics._didUpdateParentData (package:flutter/src/rendering/object.dart:6095:5)
#59     _RenderObjectSemantics._collectChildMergeUpAndSiblingGroup (package:flutter/src/rendering/object.dart:6019:22)
#60     _RenderObjectSemantics.updateChildren (package:flutter/src/rendering/object.dart:5844:50)
#61     _RenderObjectSemantics._didUpdateParentData (package:flutter/src/rendering/object.dart:6095:5)
#62     _RenderObjectSemantics._collectChildMergeUpAndSiblingGroup (package:flutter/src/rendering/object.dart:6019:22)
#63     _RenderObjectSemantics.updateChildren (package:flutter/src/rendering/object.dart:5844:50)
#64     _RenderObjectSemantics._didUpdateParentData (package:flutter/src/rendering/object.dart:6095:5)
#65     _RenderObjectSemantics._collectChildMergeUpAndSiblingGroup (package:flutter/src/rendering/object.dart:6019:22)
#66     _RenderObjectSemantics.updateChildren (package:flutter/src/rendering/object.dart:5844:50)
#67     _RenderObjectSemantics._didUpdateParentData (package:flutter/src/rendering/object.dart:6095:5)
#68     _RenderObjectSemantics._collectChildMergeUpAndSiblingGroup (package:flutter/src/rendering/object.dart:6019:22)
#69     _RenderObjectSemantics.updateChildren (package:flutter/src/rendering/object.dart:5844:50)
#70     _RenderObjectSemantics._didUpdateParentData (package:flutter/src/rendering/object.dart:6095:5)
#71     _RenderObjectSemantics._collectChildMergeUpAndSiblingGroup (package:flutter/src/rendering/object.dart:6019:22)
#72     _RenderObjectSemantics.updateChildren (package:flutter/src/rendering/object.dart:5844:50)
#73     _RenderObjectSemantics._didUpdateParentData (package:flutter/src/rendering/object.dart:6095:5)
#74     _RenderObjectSemantics._collectChildMergeUpAndSiblingGroup (package:flutter/src/rendering/object.dart:6019:22)
#75     _RenderObjectSemantics.updateChildren (package:flutter/src/rendering/object.dart:5844:50)
#76     _RenderObjectSemantics._didUpdateParentData (package:flutter/src/rendering/object.dart:6095:5)
#77     _RenderObjectSemantics._collectChildMergeUpAndSiblingGroup (package:flutter/src/rendering/object.dart:6019:22)
#78     _RenderObjectSemantics.updateChildren (package:flutter/src/rendering/object.dart:5844:50)
#79     _RenderObjectSemantics._didUpdateParentData (package:flutter/src/rendering/object.dart:6095:5)
#80     _RenderObjectSemantics._collectChildMergeUpAndSiblingGroup (package:flutter/src/rendering/object.dart:6019:22)
#81     _RenderObjectSemantics.updateChildren (package:flutter/src/rendering/object.dart:5844:50)
#82     _RenderObjectSemantics._didUpdateParentData (package:flutter/src/rendering/object.dart:6095:5)
#83     _RenderObjectSemantics._collectChildMergeUpAndSiblingGroup (package:flutter/src/rendering/object.dart:6019:22)
#84     _RenderObjectSemantics.updateChildren (package:flutter/src/rendering/object.dart:5844:50)
#85     _RenderObjectSemantics._didUpdateParentData (package:flutter/src/rendering/object.dart:6095:5)
#86     _RenderObjectSemantics._collectChildMergeUpAndSiblingGroup (package:flutter/src/rendering/object.dart:6019:22)
#87     _RenderObjectSemantics.updateChildren (package:flutter/src/rendering/object.dart:5844:50)
#88     _RenderObjectSemantics._didUpdateParentData (package:flutter/src/rendering/object.dart:6095:5)
#89     _RenderObjectSemantics._collectChildMergeUpAndSiblingGroup (package:flutter/src/rendering/object.dart:6019:22)
#90     _RenderObjectSemantics.updateChildren (package:flutter/src/rendering/object.dart:5844:50)
#91     _RenderObjectSemantics._didUpdateParentData (package:flutter/src/rendering/object.dart:6095:5)
#92     _RenderObjectSemantics._collectChildMergeUpAndSiblingGroup (package:flutter/src/rendering/object.dart:6019:22)
#93     _RenderObjectSemantics.updateChildren (package:flutter/src/rendering/object.dart:5844:50)
#94     _RenderObjectSemantics._didUpdateParentData (package:flutter/src/rendering/object.dart:6095:5)
#95     _RenderObjectSemantics._collectChildMergeUpAndSiblingGroup (package:flutter/src/rendering/object.dart:6019:22)
#96     _RenderObjectSemantics.updateChildren (package:flutter/src/rendering/object.dart:5844:50)
#97     _RenderObjectSemantics._didUpdateParentData (package:flutter/src/rendering/object.dart:6095:5)
#98     _RenderObjectSemantics._collectChildMergeUpAndSiblingGroup (package:flutter/src/rendering/object.dart:6019:22)
#99     _RenderObjectSemantics.updateChildren (package:flutter/src/rendering/object.dart:5844:50)
#100    _RenderObjectSemantics._didUpdateParentData (package:flutter/src/rendering/object.dart:6095:5)
#101    _RenderObjectSemantics._collectChildMergeUpAndSiblingGroup (package:flutter/src/rendering/object.dart:6019:22)
#102    _RenderObjectSemantics.updateChildren (package:flutter/src/rendering/object.dart:5844:50)
#103    _RenderObjectSemantics._didUpdateParentData (package:flutter/src/rendering/object.dart:6095:5)
#104    _RenderObjectSemantics._collectChildMergeUpAndSiblingGroup (package:flutter/src/rendering/object.dart:6019:22)
#105    _RenderObjectSemantics.updateChildren (package:flutter/src/rendering/object.dart:5844:50)
#106    _RenderObjectSemantics._didUpdateParentData (package:flutter/src/rendering/object.dart:6095:5)
#107    _RenderObjectSemantics._collectChildMergeUpAndSiblingGroup (package:flutter/src/rendering/object.dart:6019:22)
#108    _RenderObjectSemantics.updateChildren (package:flutter/src/rendering/object.dart:5844:50)
#109    _RenderObjectSemantics._didUpdateParentData (package:flutter/src/rendering/object.dart:6095:5)
#110    _RenderObjectSemantics._collectChildMergeUpAndSiblingGroup (package:flutter/src/rendering/object.dart:6019:22)
#111    _RenderObjectSemantics.updateChildren (package:flutter/src/rendering/object.dart:5844:50)
#112    _RenderObjectSemantics._didUpdateParentData (package:flutter/src/rendering/object.dart:6095:5)
#113    _RenderObjectSemantics._collectChildMergeUpAndSiblingGroup (package:flutter/src/rendering/object.dart:6019:22)
#114    _RenderObjectSemantics.updateChildren (package:flutter/src/rendering/object.dart:5844:50)
#115    _RenderObjectSemantics._didUpdateParentData (package:flutter/src/rendering/object.dart:6095:5)
#116    _RenderObjectSemantics._collectChildMergeUpAndSiblingGroup (package:flutter/src/rendering/object.dart:6019:22)
#117    _RenderObjectSemantics.updateChildren (package:flutter/src/rendering/object.dart:5844:50)
#118    _RenderObjectSemantics._didUpdateParentData (package:flutter/src/rendering/object.dart:6095:5)
#119    _RenderObjectSemantics._collectChildMergeUpAndSiblingGroup (package:flutter/src/rendering/object.dart:6019:22)
#120    _RenderObjectSemantics.updateChildren (package:flutter/src/rendering/object.dart:5844:50)
#121    _RenderObjectSemantics._didUpdateParentData (package:flutter/src/rendering/object.dart:6095:5)
#122    _RenderObjectSemantics._collectChildMergeUpAndSiblingGroup (package:flutter/src/rendering/object.dart:6019:22)
#123    _RenderObjectSemantics.updateChildren (package:flutter/src/rendering/object.dart:5844:50)
#124    _RenderObjectSemantics._didUpdateParentData (package:flutter/src/rendering/object.dart:6095:5)
#125    _RenderObjectSemantics._collectChildMergeUpAndSiblingGroup (package:flutter/src/rendering/object.dart:6019:22)
#126    _RenderObjectSemantics.updateChildren (package:flutter/src/rendering/object.dart:5844:50)
#127    _RenderObjectSemantics._didUpdateParentData (package:flutter/src/rendering/object.dart:6095:5)
#128    _RenderObjectSemantics._collectChildMergeUpAndSiblingGroup (package:flutter/src/rendering/object.dart:6019:22)
#129    _RenderObjectSemantics.updateChildren (package:flutter/src/rendering/object.dart:5844:50)
#130    _RenderObjectSemantics._didUpdateParentData (package:flutter/src/rendering/object.dart:6095:5)
#131    _RenderObjectSemantics._collectChildMergeUpAndSiblingGroup (package:flutter/src/rendering/object.dart:6019:22)
#132    _RenderObjectSemantics.updateChildren (package:flutter/src/rendering/object.dart:5844:50)
#133    _RenderObjectSemantics._didUpdateParentData (package:flutter/src/rendering/object.dart:6095:5)
#134    _RenderObjectSemantics._collectChildMergeUpAndSiblingGroup (package:flutter/src/rendering/object.dart:6019:22)
#135    _RenderObjectSemantics.updateChildren (package:flutter/src/rendering/object.dart:5844:50)
#136    _RenderObjectSemantics._didUpdateParentData (package:flutter/src/rendering/object.dart:6095:5)
#137    _RenderObjectSemantics._collectChildMergeUpAndSiblingGroup (package:flutter/src/rendering/object.dart:6019:22)
#138    _RenderObjectSemantics.updateChildren (package:flutter/src/rendering/object.dart:5844:50)
#139    _RenderObjectSemantics._didUpdateParentData (package:flutter/src/rendering/object.dart:6095:5)
#140    _RenderObjectSemantics._collectChildMergeUpAndSiblingGroup (package:flutter/src/rendering/object.dart:6019:22)
#141    _RenderObjectSemantics.updateChildren (package:flutter/src/rendering/object.dart:5844:50)
#142    _RenderObjectSemantics._didUpdateParentData (package:flutter/src/rendering/object.dart:6095:5)
#143    _RenderObjectSemantics._collectChildMergeUpAndSiblingGroup (package:flutter/src/rendering/object.dart:6019:22)
#144    _RenderObjectSemantics.updateChildren (package:flutter/src/rendering/object.dart:5844:50)
#145    PipelineOwner.flushSemantics (package:flutter/src/rendering/object.dart:1489:25)
#146    PipelineOwner.flushSemantics (package:flutter/src/rendering/object.dart:1653:15)
#147    AutomatedTestWidgetsFlutterBinding.drawFrame (package:flutter_test/src/binding.dart:2445:35)
#148    RendererBinding._handlePersistentFrameCallback (package:flutter/src/rendering/binding.dart:558:5)
#149    SchedulerBinding._invokeFrameCallback (package:flutter/src/scheduler/binding.dart:1430:15)
#150    SchedulerBinding.handleDrawFrame (package:flutter/src/scheduler/binding.dart:1345:9)
#151    AutomatedTestWidgetsFlutterBinding.pump.<anonymous closure> (package:flutter_test/src/binding.dart:2261:9)
#154    TestAsyncUtils.guard (package:flutter_test/src/test_async_utils.dart:74:41)
#155    AutomatedTestWidgetsFlutterBinding.pump (package:flutter_test/src/binding.dart:2250:27)
#156    WidgetTester.pumpWidget.<anonymous closure> (package:flutter_test/src/widget_tester.dart:598:22)
#159    TestAsyncUtils.guard (package:flutter_test/src/test_async_utils.dart:74:41)
#160    WidgetTester.pumpWidget (package:flutter_test/src/widget_tester.dart:595:27)
#161    main.<anonymous closure> (file:///C:/Projekty/moja_pierwsza_apka/test/widget_test.dart:7:18)
#162    testWidgets.<anonymous closure>.<anonymous closure> (package:flutter_test/src/widget_tester.dart:192:29)
<asynchronous suspension>
#163    TestWidgetsFlutterBinding._runTestBody (package:flutter_test/src/binding.dart:1953:5)
<asynchronous suspension>
<asynchronous suspension>
(elided 7 frames from class _AssertionError, dart:async, and package:stack_trace)
ÔĽÉÔĽÉÔĽÉÔĽÉÔĽÉÔĽÉÔĽÉÔĽÉÔĽÉÔĽÉÔĽÉÔĽÉÔĽÉÔĽÉÔĽÉÔĽÉÔĽÉÔĽÉÔĽÉÔĽÉÔĽÉÔĽÉÔĽÉÔĽÉÔĽÉÔĽÉÔĽÉÔĽÉÔĽÉÔĽÉÔĽÉÔĽÉÔĽÉÔĽÉÔĽÉÔĽÉÔĽÉÔĽÉÔĽÉÔĽÉÔĽÉÔĽÉÔĽÉÔĽÉÔĽÉÔĽÉÔĽÉÔĽÉÔĽÉÔĽÉÔĽÉÔĽÉÔĽÉÔĽÉÔĽÉÔĽÉÔĽÉÔĽÉÔĽÉÔĽÉÔĽÉÔĽÉÔĽÉÔĽÉÔĽÉÔĽÉÔĽÉÔĽÉÔĽÉÔĽÉÔĽÉÔĽÉÔĽÉÔĽÉÔĽÉÔĽÉÔĽÉÔĽÉÔĽÉÔĽÉÔĽÉÔĽÉÔĽÉÔĽÉÔĽÉÔĽÉÔĽÉÔĽÉÔĽÉÔĽÉÔĽÉÔĽÉÔĽÉÔĽÉÔĽÉÔĽÉÔĽÉÔĽÉÔĽÉÔĽÉ
ÔĽÉÔĽÉÔĽí EXCEPTION CAUGHT BY FLUTTER TEST FRAMEWORK ÔĽ×ÔĽÉÔĽÉÔĽÉÔĽÉÔĽÉÔĽÉÔĽÉÔĽÉÔĽÉÔĽÉÔĽÉÔĽÉÔĽÉÔĽÉÔĽÉÔĽÉÔĽÉÔĽÉÔĽÉÔĽÉÔĽÉÔĽÉÔĽÉÔĽÉÔĽÉÔĽÉÔĽÉÔĽÉÔĽÉÔĽÉÔĽÉÔĽÉÔĽÉÔĽÉÔĽÉÔĽÉÔĽÉÔĽÉÔĽÉÔĽÉÔĽÉÔĽÉÔĽÉÔĽÉÔĽÉÔĽÉÔĽÉÔĽÉÔĽÉÔĽÉÔĽÉÔĽÉ
The following TestFailure was thrown running a test:
Expected: exactly one matching candidate
  Actual: _TextWidgetFinder:<Found 2 widgets with text "O mnie": [
            Text("O mnie", inherit: true, color: Color(alpha: 1.0000, red: 0.8863, green: 0.9098,
blue: 0.9412, colorSpace: ColorSpace.sRGB), weight: 600, dependencies: [DefaultSelectionStyle,
DefaultTextStyle, MediaQuery]),
            Text("O mnie", inherit: true, color: Color(alpha: 1.0000, red: 1.0000, green: 1.0000,
blue: 1.0000, colorSpace: ColorSpace.sRGB), size: 32.0, weight: 800, dependencies:
[DefaultSelectionStyle, DefaultTextStyle, MediaQuery]),
          ]>
   Which: is too many

When the exception was thrown, this was the stack:
#4      main.<anonymous closure> (file:///C:/Projekty/moja_pierwsza_apka/test/widget_test.dart:11:5)
<asynchronous suspension>
#5      testWidgets.<anonymous closure>.<anonymous closure> (package:flutter_test/src/widget_tester.dart:192:15)
<asynchronous suspension>
#6      TestWidgetsFlutterBinding._runTestBody (package:flutter_test/src/binding.dart:1953:5)
<asynchronous suspension>
<asynchronous suspension>
(elided one frame from package:stack_trace)

This was caught by the test expectation on the following line:
  file:///C:/Projekty/moja_pierwsza_apka/test/widget_test.dart line 11
The test description was:
  portfolio displays professional personal information
ÔĽÉÔĽÉÔĽÉÔĽÉÔĽÉÔĽÉÔĽÉÔĽÉÔĽÉÔĽÉÔĽÉÔĽÉÔĽÉÔĽÉÔĽÉÔĽÉÔĽÉÔĽÉÔĽÉÔĽÉÔĽÉÔĽÉÔĽÉÔĽÉÔĽÉÔĽÉÔĽÉÔĽÉÔĽÉÔĽÉÔĽÉÔĽÉÔĽÉÔĽÉÔĽÉÔĽÉÔĽÉÔĽÉÔĽÉÔĽÉÔĽÉÔĽÉÔĽÉÔĽÉÔĽÉÔĽÉÔĽÉÔĽÉÔĽÉÔĽÉÔĽÉÔĽÉÔĽÉÔĽÉÔĽÉÔĽÉÔĽÉÔĽÉÔĽÉÔĽÉÔĽÉÔĽÉÔĽÉÔĽÉÔĽÉÔĽÉÔĽÉÔĽÉÔĽÉÔĽÉÔĽÉÔĽÉÔĽÉÔĽÉÔĽÉÔĽÉÔĽÉÔĽÉÔĽÉÔĽÉÔĽÉÔĽÉÔĽÉÔĽÉÔĽÉÔĽÉÔĽÉÔĽÉÔĽÉÔĽÉÔĽÉÔĽÉÔĽÉÔĽÉÔĽÉÔĽÉÔĽÉÔĽÉÔĽÉÔĽÉ
ÔĽÉÔĽÉÔĽí EXCEPTION CAUGHT BY FLUTTER TEST FRAMEWORK ÔĽ×ÔĽÉÔĽÉÔĽÉÔĽÉÔĽÉÔĽÉÔĽÉÔĽÉÔĽÉÔĽÉÔĽÉÔĽÉÔĽÉÔĽÉÔĽÉÔĽÉÔĽÉÔĽÉÔĽÉÔĽÉÔĽÉÔĽÉÔĽÉÔĽÉÔĽÉÔĽÉÔĽÉÔĽÉÔĽÉÔĽÉÔĽÉÔĽÉÔĽÉÔĽÉÔĽÉÔĽÉÔĽÉÔĽÉÔĽÉÔĽÉÔĽÉÔĽÉÔĽÉÔĽÉÔĽÉÔĽÉÔĽÉÔĽÉÔĽÉÔĽÉÔĽÉÔĽÉ
The following message was thrown:
Multiple exceptions (21) were detected during the running of the current test, and at least one was
unexpected.
ÔĽÉÔĽÉÔĽÉÔĽÉÔĽÉÔĽÉÔĽÉÔĽÉÔĽÉÔĽÉÔĽÉÔĽÉÔĽÉÔĽÉÔĽÉÔĽÉÔĽÉÔĽÉÔĽÉÔĽÉÔĽÉÔĽÉÔĽÉÔĽÉÔĽÉÔĽÉÔĽÉÔĽÉÔĽÉÔĽÉÔĽÉÔĽÉÔĽÉÔĽÉÔĽÉÔĽÉÔĽÉÔĽÉÔĽÉÔĽÉÔĽÉÔĽÉÔĽÉÔĽÉÔĽÉÔĽÉÔĽÉÔĽÉÔĽÉÔĽÉÔĽÉÔĽÉÔĽÉÔĽÉÔĽÉÔĽÉÔĽÉÔĽÉÔĽÉÔĽÉÔĽÉÔĽÉÔĽÉÔĽÉÔĽÉÔĽÉÔĽÉÔĽÉÔĽÉÔĽÉÔĽÉÔĽÉÔĽÉÔĽÉÔĽÉÔĽÉÔĽÉÔĽÉÔĽÉÔĽÉÔĽÉÔĽÉÔĽÉÔĽÉÔĽÉÔĽÉÔĽÉÔĽÉÔĽÉÔĽÉÔĽÉÔĽÉÔĽÉÔĽÉÔĽÉÔĽÉÔĽÉÔĽÉÔĽÉÔĽÉ

00:03 +0 -1: portfolio displays professional personal information [E]                                                                                                                                  
  Test failed. See exception logs above.
  The test description was: portfolio displays professional personal information
  

To run this test again: C:\flutter\bin\cache\dart-sdk\bin\dart.exe test C:/Projekty/moja_pierwsza_apka/test/widget_test.dart -p vm --plain-name "portfolio displays professional personal information"

00:03 +0 -1: Some tests failed.                                                                                                                                                                        
